
[1m[46m RUN [49m[22m [36mv4.0.18 [39m[90m/home/pablo/cyberops-v2[39m

[90mstderr[2m | src/components/__tests__/MachineLoader.test.tsx[2m > [22m[2mMachineLoader[2m > [22m[2mdebe avanzar el progreso con el tiempo
[22m[39mWarning: An update to MachineLoader inside a test was not wrapped in act(...).

When testing, code that causes React state updates should be wrapped into act(...):

act(() => {
  /* fire events that update state */
});
/* assert on the output */

This ensures that you're testing the behavior the user would see in the browser. Learn more at https://reactjs.org/link/wrap-tests-with-act
    at MachineLoader (/home/pablo/cyberops-v2/src/components/MachineLoader.tsx:4:26)
Warning: An update to MachineLoader inside a test was not wrapped in act(...).

When testing, code that causes React state updates should be wrapped into act(...):

act(() => {
  /* fire events that update state */
});
/* assert on the output */

This ensures that you're testing the behavior the user would see in the browser. Learn more at https://reactjs.org/link/wrap-tests-with-act
    at MachineLoader (/home/pablo/cyberops-v2/src/components/MachineLoader.tsx:4:26)
Warning: An update to MachineLoader inside a test was not wrapped in act(...).

When testing, code that causes React state updates should be wrapped into act(...):

act(() => {
  /* fire events that update state */
});
/* assert on the output */

This ensures that you're testing the behavior the user would see in the browser. Learn more at https://reactjs.org/link/wrap-tests-with-act
    at MachineLoader (/home/pablo/cyberops-v2/src/components/MachineLoader.tsx:4:26)
Warning: An update to MachineLoader inside a test was not wrapped in act(...).

When testing, code that causes React state updates should be wrapped into act(...):

act(() => {
  /* fire events that update state */
});
/* assert on the output */

This ensures that you're testing the behavior the user would see in the browser. Learn more at https://reactjs.org/link/wrap-tests-with-act
    at MachineLoader (/home/pablo/cyberops-v2/src/components/MachineLoader.tsx:4:26)
Warning: An update to MachineLoader inside a test was not wrapped in act(...).

When testing, code that causes React state updates should be wrapped into act(...):

act(() => {
  /* fire events that update state */
});
/* assert on the output */

This ensures that you're testing the behavior the user would see in the browser. Learn more at https://reactjs.org/link/wrap-tests-with-act
    at MachineLoader (/home/pablo/cyberops-v2/src/components/MachineLoader.tsx:4:26)
Warning: An update to MachineLoader inside a test was not wrapped in act(...).

When testing, code that causes React state updates should be wrapped into act(...):

act(() => {
  /* fire events that update state */
});
/* assert on the output */

This ensures that you're testing the behavior the user would see in the browser. Learn more at https://reactjs.org/link/wrap-tests-with-act
    at MachineLoader (/home/pablo/cyberops-v2/src/components/MachineLoader.tsx:4:26)
Warning: An update to MachineLoader inside a test was not wrapped in act(...).

When testing, code that causes React state updates should be wrapped into act(...):

act(() => {
  /* fire events that update state */
});
/* assert on the output */

This ensures that you're testing the behavior the user would see in the browser. Learn more at https://reactjs.org/link/wrap-tests-with-act
    at MachineLoader (/home/pablo/cyberops-v2/src/components/MachineLoader.tsx:4:26)
Warning: An update to MachineLoader inside a test was not wrapped in act(...).

When testing, code that causes React state updates should be wrapped into act(...):

act(() => {
  /* fire events that update state */
});
/* assert on the output */

This ensures that you're testing the behavior the user would see in the browser. Learn more at https://reactjs.org/link/wrap-tests-with-act
    at MachineLoader (/home/pablo/cyberops-v2/src/components/MachineLoader.tsx:4:26)
Warning: An update to MachineLoader inside a test was not wrapped in act(...).

When testing, code that causes React state updates should be wrapped into act(...):

act(() => {
  /* fire events that update state */
});
/* assert on the output */

This ensures that you're testing the behavior the user would see in the browser. Learn more at https://reactjs.org/link/wrap-tests-with-act
    at MachineLoader (/home/pablo/cyberops-v2/src/components/MachineLoader.tsx:4:26)
Warning: An update to MachineLoader inside a test was not wrapped in act(...).

When testing, code that causes React state updates should be wrapped into act(...):

act(() => {
  /* fire events that update state */
});
/* assert on the output */

This ensures that you're testing the behavior the user would see in the browser. Learn more at https://reactjs.org/link/wrap-tests-with-act
    at MachineLoader (/home/pablo/cyberops-v2/src/components/MachineLoader.tsx:4:26)
Warning: An update to MachineLoader inside a test was not wrapped in act(...).

When testing, code that causes React state updates should be wrapped into act(...):

act(() => {
  /* fire events that update state */
});
/* assert on the output */

This ensures that you're testing the behavior the user would see in the browser. Learn more at https://reactjs.org/link/wrap-tests-with-act
    at MachineLoader (/home/pablo/cyberops-v2/src/components/MachineLoader.tsx:4:26)
Warning: An update to MachineLoader inside a test was not wrapped in act(...).

When testing, code that causes React state updates should be wrapped into act(...):

act(() => {
  /* fire events that update state */
});
/* assert on the output */

This ensures that you're testing the behavior the user would see in the browser. Learn more at https://reactjs.org/link/wrap-tests-with-act
    at MachineLoader (/home/pablo/cyberops-v2/src/components/MachineLoader.tsx:4:26)
Warning: An update to MachineLoader inside a test was not wrapped in act(...).

When testing, code that causes React state updates should be wrapped into act(...):

act(() => {
  /* fire events that update state */
});
/* assert on the output */

This ensures that you're testing the behavior the user would see in the browser. Learn more at https://reactjs.org/link/wrap-tests-with-act
    at MachineLoader (/home/pablo/cyberops-v2/src/components/MachineLoader.tsx:4:26)
Warning: An update to MachineLoader inside a test was not wrapped in act(...).

When testing, code that causes React state updates should be wrapped into act(...):

act(() => {
  /* fire events that update state */
});
/* assert on the output */

This ensures that you're testing the behavior the user would see in the browser. Learn more at https://reactjs.org/link/wrap-tests-with-act
    at MachineLoader (/home/pablo/cyberops-v2/src/components/MachineLoader.tsx:4:26)
Warning: An update to MachineLoader inside a test was not wrapped in act(...).

When testing, code that causes React state updates should be wrapped into act(...):

act(() => {
  /* fire events that update state */
});
/* assert on the output */

This ensures that you're testing the behavior the user would see in the browser. Learn more at https://reactjs.org/link/wrap-tests-with-act
    at MachineLoader (/home/pablo/cyberops-v2/src/components/MachineLoader.tsx:4:26)
Warning: An update to MachineLoader inside a test was not wrapped in act(...).

When testing, code that causes React state updates should be wrapped into act(...):

act(() => {
  /* fire events that update state */
});
/* assert on the output */

This ensures that you're testing the behavior the user would see in the browser. Learn more at https://reactjs.org/link/wrap-tests-with-act
    at MachineLoader (/home/pablo/cyberops-v2/src/components/MachineLoader.tsx:4:26)
Warning: An update to MachineLoader inside a test was not wrapped in act(...).

When testing, code that causes React state updates should be wrapped into act(...):

act(() => {
  /* fire events that update state */
});
/* assert on the output */

This ensures that you're testing the behavior the user would see in the browser. Learn more at https://reactjs.org/link/wrap-tests-with-act
    at MachineLoader (/home/pablo/cyberops-v2/src/components/MachineLoader.tsx:4:26)
Warning: An update to MachineLoader inside a test was not wrapped in act(...).

When testing, code that causes React state updates should be wrapped into act(...):

act(() => {
  /* fire events that update state */
});
/* assert on the output */

This ensures that you're testing the behavior the user would see in the browser. Learn more at https://reactjs.org/link/wrap-tests-with-act
    at MachineLoader (/home/pablo/cyberops-v2/src/components/MachineLoader.tsx:4:26)
Warning: An update to MachineLoader inside a test was not wrapped in act(...).

When testing, code that causes React state updates should be wrapped into act(...):

act(() => {
  /* fire events that update state */
});
/* assert on the output */

This ensures that you're testing the behavior the user would see in the browser. Learn more at https://reactjs.org/link/wrap-tests-with-act
    at MachineLoader (/home/pablo/cyberops-v2/src/components/MachineLoader.tsx:4:26)
Warning: An update to MachineLoader inside a test was not wrapped in act(...).

When testing, code that causes React state updates should be wrapped into act(...):

act(() => {
  /* fire events that update state */
});
/* assert on the output */

This ensures that you're testing the behavior the user would see in the browser. Learn more at https://reactjs.org/link/wrap-tests-with-act
    at MachineLoader (/home/pablo/cyberops-v2/src/components/MachineLoader.tsx:4:26)
Warning: An update to MachineLoader inside a test was not wrapped in act(...).

When testing, code that causes React state updates should be wrapped into act(...):

act(() => {
  /* fire events that update state */
});
/* assert on the output */

This ensures that you're testing the behavior the user would see in the browser. Learn more at https://reactjs.org/link/wrap-tests-with-act
    at MachineLoader (/home/pablo/cyberops-v2/src/components/MachineLoader.tsx:4:26)
Warning: An update to MachineLoader inside a test was not wrapped in act(...).

When testing, code that causes React state updates should be wrapped into act(...):

act(() => {
  /* fire events that update state */
});
/* assert on the output */

This ensures that you're testing the behavior the user would see in the browser. Learn more at https://reactjs.org/link/wrap-tests-with-act
    at MachineLoader (/home/pablo/cyberops-v2/src/components/MachineLoader.tsx:4:26)
Warning: An update to MachineLoader inside a test was not wrapped in act(...).

When testing, code that causes React state updates should be wrapped into act(...):

act(() => {
  /* fire events that update state */
});
/* assert on the output */

This ensures that you're testing the behavior the user would see in the browser. Learn more at https://reactjs.org/link/wrap-tests-with-act
    at MachineLoader (/home/pablo/cyberops-v2/src/components/MachineLoader.tsx:4:26)
Warning: An update to MachineLoader inside a test was not wrapped in act(...).

When testing, code that causes React state updates should be wrapped into act(...):

act(() => {
  /* fire events that update state */
});
/* assert on the output */

This ensures that you're testing the behavior the user would see in the browser. Learn more at https://reactjs.org/link/wrap-tests-with-act
    at MachineLoader (/home/pablo/cyberops-v2/src/components/MachineLoader.tsx:4:26)
Warning: An update to MachineLoader inside a test was not wrapped in act(...).

When testing, code that causes React state updates should be wrapped into act(...):

act(() => {
  /* fire events that update state */
});
/* assert on the output */

This ensures that you're testing the behavior the user would see in the browser. Learn more at https://reactjs.org/link/wrap-tests-with-act
    at MachineLoader (/home/pablo/cyberops-v2/src/components/MachineLoader.tsx:4:26)
Warning: An update to MachineLoader inside a test was not wrapped in act(...).

When testing, code that causes React state updates should be wrapped into act(...):

act(() => {
  /* fire events that update state */
});
/* assert on the output */

This ensures that you're testing the behavior the user would see in the browser. Learn more at https://reactjs.org/link/wrap-tests-with-act
    at MachineLoader (/home/pablo/cyberops-v2/src/components/MachineLoader.tsx:4:26)
Warning: An update to MachineLoader inside a test was not wrapped in act(...).

When testing, code that causes React state updates should be wrapped into act(...):

act(() => {
  /* fire events that update state */
});
/* assert on the output */

This ensures that you're testing the behavior the user would see in the browser. Learn more at https://reactjs.org/link/wrap-tests-with-act
    at MachineLoader (/home/pablo/cyberops-v2/src/components/MachineLoader.tsx:4:26)
Warning: An update to MachineLoader inside a test was not wrapped in act(...).

When testing, code that causes React state updates should be wrapped into act(...):

act(() => {
  /* fire events that update state */
});
/* assert on the output */

This ensures that you're testing the behavior the user would see in the browser. Learn more at https://reactjs.org/link/wrap-tests-with-act
    at MachineLoader (/home/pablo/cyberops-v2/src/components/MachineLoader.tsx:4:26)
Warning: An update to MachineLoader inside a test was not wrapped in act(...).

When testing, code that causes React state updates should be wrapped into act(...):

act(() => {
  /* fire events that update state */
});
/* assert on the output */

This ensures that you're testing the behavior the user would see in the browser. Learn more at https://reactjs.org/link/wrap-tests-with-act
    at MachineLoader (/home/pablo/cyberops-v2/src/components/MachineLoader.tsx:4:26)
Warning: An update to MachineLoader inside a test was not wrapped in act(...).

When testing, code that causes React state updates should be wrapped into act(...):

act(() => {
  /* fire events that update state */
});
/* assert on the output */

This ensures that you're testing the behavior the user would see in the browser. Learn more at https://reactjs.org/link/wrap-tests-with-act
    at MachineLoader (/home/pablo/cyberops-v2/src/components/MachineLoader.tsx:4:26)
Warning: An update to MachineLoader inside a test was not wrapped in act(...).

When testing, code that causes React state updates should be wrapped into act(...):

act(() => {
  /* fire events that update state */
});
/* assert on the output */

This ensures that you're testing the behavior the user would see in the browser. Learn more at https://reactjs.org/link/wrap-tests-with-act
    at MachineLoader (/home/pablo/cyberops-v2/src/components/MachineLoader.tsx:4:26)
Warning: An update to MachineLoader inside a test was not wrapped in act(...).

When testing, code that causes React state updates should be wrapped into act(...):

act(() => {
  /* fire events that update state */
});
/* assert on the output */

This ensures that you're testing the behavior the user would see in the browser. Learn more at https://reactjs.org/link/wrap-tests-with-act
    at MachineLoader (/home/pablo/cyberops-v2/src/components/MachineLoader.tsx:4:26)
Warning: An update to MachineLoader inside a test was not wrapped in act(...).

When testing, code that causes React state updates should be wrapped into act(...):

act(() => {
  /* fire events that update state */
});
/* assert on the output */

This ensures that you're testing the behavior the user would see in the browser. Learn more at https://reactjs.org/link/wrap-tests-with-act
    at MachineLoader (/home/pablo/cyberops-v2/src/components/MachineLoader.tsx:4:26)
Warning: An update to MachineLoader inside a test was not wrapped in act(...).

When testing, code that causes React state updates should be wrapped into act(...):

act(() => {
  /* fire events that update state */
});
/* assert on the output */

This ensures that you're testing the behavior the user would see in the browser. Learn more at https://reactjs.org/link/wrap-tests-with-act
    at MachineLoader (/home/pablo/cyberops-v2/src/components/MachineLoader.tsx:4:26)
Warning: An update to MachineLoader inside a test was not wrapped in act(...).

When testing, code that causes React state updates should be wrapped into act(...):

act(() => {
  /* fire events that update state */
});
/* assert on the output */

This ensures that you're testing the behavior the user would see in the browser. Learn more at https://reactjs.org/link/wrap-tests-with-act
    at MachineLoader (/home/pablo/cyberops-v2/src/components/MachineLoader.tsx:4:26)
Warning: An update to MachineLoader inside a test was not wrapped in act(...).

When testing, code that causes React state updates should be wrapped into act(...):

act(() => {
  /* fire events that update state */
});
/* assert on the output */

This ensures that you're testing the behavior the user would see in the browser. Learn more at https://reactjs.org/link/wrap-tests-with-act
    at MachineLoader (/home/pablo/cyberops-v2/src/components/MachineLoader.tsx:4:26)
Warning: An update to MachineLoader inside a test was not wrapped in act(...).

When testing, code that causes React state updates should be wrapped into act(...):

act(() => {
  /* fire events that update state */
});
/* assert on the output */

This ensures that you're testing the behavior the user would see in the browser. Learn more at https://reactjs.org/link/wrap-tests-with-act
    at MachineLoader (/home/pablo/cyberops-v2/src/components/MachineLoader.tsx:4:26)
Warning: An update to MachineLoader inside a test was not wrapped in act(...).

When testing, code that causes React state updates should be wrapped into act(...):

act(() => {
  /* fire events that update state */
});
/* assert on the output */

This ensures that you're testing the behavior the user would see in the browser. Learn more at https://reactjs.org/link/wrap-tests-with-act
    at MachineLoader (/home/pablo/cyberops-v2/src/components/MachineLoader.tsx:4:26)
Warning: An update to MachineLoader inside a test was not wrapped in act(...).

When testing, code that causes React state updates should be wrapped into act(...):

act(() => {
  /* fire events that update state */
});
/* assert on the output */

This ensures that you're testing the behavior the user would see in the browser. Learn more at https://reactjs.org/link/wrap-tests-with-act
    at MachineLoader (/home/pablo/cyberops-v2/src/components/MachineLoader.tsx:4:26)
Warning: An update to MachineLoader inside a test was not wrapped in act(...).

When testing, code that causes React state updates should be wrapped into act(...):

act(() => {
  /* fire events that update state */
});
/* assert on the output */

This ensures that you're testing the behavior the user would see in the browser. Learn more at https://reactjs.org/link/wrap-tests-with-act
    at MachineLoader (/home/pablo/cyberops-v2/src/components/MachineLoader.tsx:4:26)

 [32m✓[39m src/components/fakesites/lfi_lab/__tests__/InclusionSite.test.tsx[2m > [22mInclusionSite - LFI Lab[2m > [22mPágina principal[2m > [22mdebe renderizar la página principal con navegación[32m 196[2mms[22m[39m
 [32m✓[39m src/components/fakesites/lfi_lab/__tests__/InclusionSite.test.tsx[2m > [22mInclusionSite - LFI Lab[2m > [22mPágina principal[2m > [22mdebe mostrar el contenido de home.php[32m 16[2mms[22m[39m
 [32m✓[39m src/components/fakesites/lfi_lab/__tests__/InclusionSite.test.tsx[2m > [22mInclusionSite - LFI Lab[2m > [22mPágina principal[2m > [22mdebe mostrar el contenido de about.php[32m 15[2mms[22m[39m
[90mstderr[2m | src/components/__tests__/MachineLoader.test.tsx[2m > [22m[2mMachineLoader[2m > [22m[2mdebe cambiar de fase durante la carga
[22m[39mWarning: An update to MachineLoader inside a test was not wrapped in act(...).

When testing, code that causes React state updates should be wrapped into act(...):

act(() => {
  /* fire events that update state */
});
/* assert on the output */

This ensures that you're testing the behavior the user would see in the browser. Learn more at https://reactjs.org/link/wrap-tests-with-act
    at MachineLoader (/home/pablo/cyberops-v2/src/components/MachineLoader.tsx:4:26)
Warning: An update to MachineLoader inside a test was not wrapped in act(...).

When testing, code that causes React state updates should be wrapped into act(...):

act(() => {
  /* fire events that update state */
});
/* assert on the output */

This ensures that you're testing the behavior the user would see in the browser. Learn more at https://reactjs.org/link/wrap-tests-with-act
    at MachineLoader (/home/pablo/cyberops-v2/src/components/MachineLoader.tsx:4:26)
Warning: An update to MachineLoader inside a test was not wrapped in act(...).

When testing, code that causes React state updates should be wrapped into act(...):

act(() => {
  /* fire events that update state */
});
/* assert on the output */

This ensures that you're testing the behavior the user would see in the browser. Learn more at https://reactjs.org/link/wrap-tests-with-act
    at MachineLoader (/home/pablo/cyberops-v2/src/components/MachineLoader.tsx:4:26)
Warning: An update to MachineLoader inside a test was not wrapped in act(...).

When testing, code that causes React state updates should be wrapped into act(...):

act(() => {
  /* fire events that update state */
});
/* assert on the output */

This ensures that you're testing the behavior the user would see in the browser. Learn more at https://reactjs.org/link/wrap-tests-with-act
    at MachineLoader (/home/pablo/cyberops-v2/src/components/MachineLoader.tsx:4:26)
Warning: An update to MachineLoader inside a test was not wrapped in act(...).

When testing, code that causes React state updates should be wrapped into act(...):

act(() => {
  /* fire events that update state */
});
/* assert on the output */

This ensures that you're testing the behavior the user would see in the browser. Learn more at https://reactjs.org/link/wrap-tests-with-act
    at MachineLoader (/home/pablo/cyberops-v2/src/components/MachineLoader.tsx:4:26)
Warning: An update to MachineLoader inside a test was not wrapped in act(...).

When testing, code that causes React state updates should be wrapped into act(...):

act(() => {
  /* fire events that update state */
});
/* assert on the output */

This ensures that you're testing the behavior the user would see in the browser. Learn more at https://reactjs.org/link/wrap-tests-with-act
    at MachineLoader (/home/pablo/cyberops-v2/src/components/MachineLoader.tsx:4:26)
Warning: An update to MachineLoader inside a test was not wrapped in act(...).

When testing, code that causes React state updates should be wrapped into act(...):

act(() => {
  /* fire events that update state */
});
/* assert on the output */

This ensures that you're testing the behavior the user would see in the browser. Learn more at https://reactjs.org/link/wrap-tests-with-act
    at MachineLoader (/home/pablo/cyberops-v2/src/components/MachineLoader.tsx:4:26)
Warning: An update to MachineLoader inside a test was not wrapped in act(...).

When testing, code that causes React state updates should be wrapped into act(...):

act(() => {
  /* fire events that update state */
});
/* assert on the output */

This ensures that you're testing the behavior the user would see in the browser. Learn more at https://reactjs.org/link/wrap-tests-with-act
    at MachineLoader (/home/pablo/cyberops-v2/src/components/MachineLoader.tsx:4:26)
Warning: An update to MachineLoader inside a test was not wrapped in act(...).

When testing, code that causes React state updates should be wrapped into act(...):

act(() => {
  /* fire events that update state */
});
/* assert on the output */

This ensures that you're testing the behavior the user would see in the browser. Learn more at https://reactjs.org/link/wrap-tests-with-act
    at MachineLoader (/home/pablo/cyberops-v2/src/components/MachineLoader.tsx:4:26)
Warning: An update to MachineLoader inside a test was not wrapped in act(...).

When testing, code that causes React state updates should be wrapped into act(...):

act(() => {
  /* fire events that update state */
});
/* assert on the output */

This ensures that you're testing the behavior the user would see in the browser. Learn more at https://reactjs.org/link/wrap-tests-with-act
    at MachineLoader (/home/pablo/cyberops-v2/src/components/MachineLoader.tsx:4:26)
Warning: An update to MachineLoader inside a test was not wrapped in act(...).

When testing, code that causes React state updates should be wrapped into act(...):

act(() => {
  /* fire events that update state */
});
/* assert on the output */

This ensures that you're testing the behavior the user would see in the browser. Learn more at https://reactjs.org/link/wrap-tests-with-act
    at MachineLoader (/home/pablo/cyberops-v2/src/components/MachineLoader.tsx:4:26)
Warning: An update to MachineLoader inside a test was not wrapped in act(...).

When testing, code that causes React state updates should be wrapped into act(...):

act(() => {
  /* fire events that update state */
});
/* assert on the output */

This ensures that you're testing the behavior the user would see in the browser. Learn more at https://reactjs.org/link/wrap-tests-with-act
    at MachineLoader (/home/pablo/cyberops-v2/src/components/MachineLoader.tsx:4:26)
Warning: An update to MachineLoader inside a test was not wrapped in act(...).

When testing, code that causes React state updates should be wrapped into act(...):

act(() => {
  /* fire events that update state */
});
/* assert on the output */

This ensures that you're testing the behavior the user would see in the browser. Learn more at https://reactjs.org/link/wrap-tests-with-act
    at MachineLoader (/home/pablo/cyberops-v2/src/components/MachineLoader.tsx:4:26)
Warning: An update to MachineLoader inside a test was not wrapped in act(...).

When testing, code that causes React state updates should be wrapped into act(...):

act(() => {
  /* fire events that update state */
});
/* assert on the output */

This ensures that you're testing the behavior the user would see in the browser. Learn more at https://reactjs.org/link/wrap-tests-with-act
    at MachineLoader (/home/pablo/cyberops-v2/src/components/MachineLoader.tsx:4:26)
Warning: An update to MachineLoader inside a test was not wrapped in act(...).

When testing, code that causes React state updates should be wrapped into act(...):

act(() => {
  /* fire events that update state */
});
/* assert on the output */

This ensures that you're testing the behavior the user would see in the browser. Learn more at https://reactjs.org/link/wrap-tests-with-act
    at MachineLoader (/home/pablo/cyberops-v2/src/components/MachineLoader.tsx:4:26)
Warning: An update to MachineLoader inside a test was not wrapped in act(...).

When testing, code that causes React state updates should be wrapped into act(...):

act(() => {
  /* fire events that update state */
});
/* assert on the output */

This ensures that you're testing the behavior the user would see in the browser. Learn more at https://reactjs.org/link/wrap-tests-with-act
    at MachineLoader (/home/pablo/cyberops-v2/src/components/MachineLoader.tsx:4:26)
Warning: An update to MachineLoader inside a test was not wrapped in act(...).

When testing, code that causes React state updates should be wrapped into act(...):

act(() => {
  /* fire events that update state */
});
/* assert on the output */

This ensures that you're testing the behavior the user would see in the browser. Learn more at https://reactjs.org/link/wrap-tests-with-act
    at MachineLoader (/home/pablo/cyberops-v2/src/components/MachineLoader.tsx:4:26)
Warning: An update to MachineLoader inside a test was not wrapped in act(...).

When testing, code that causes React state updates should be wrapped into act(...):

act(() => {
  /* fire events that update state */
});
/* assert on the output */

This ensures that you're testing the behavior the user would see in the browser. Learn more at https://reactjs.org/link/wrap-tests-with-act
    at MachineLoader (/home/pablo/cyberops-v2/src/components/MachineLoader.tsx:4:26)
Warning: An update to MachineLoader inside a test was not wrapped in act(...).

When testing, code that causes React state updates should be wrapped into act(...):

act(() => {
  /* fire events that update state */
});
/* assert on the output */

This ensures that you're testing the behavior the user would see in the browser. Learn more at https://reactjs.org/link/wrap-tests-with-act
    at MachineLoader (/home/pablo/cyberops-v2/src/components/MachineLoader.tsx:4:26)
Warning: An update to MachineLoader inside a test was not wrapped in act(...).

When testing, code that causes React state updates should be wrapped into act(...):

act(() => {
  /* fire events that update state */
});
/* assert on the output */

This ensures that you're testing the behavior the user would see in the browser. Learn more at https://reactjs.org/link/wrap-tests-with-act
    at MachineLoader (/home/pablo/cyberops-v2/src/components/MachineLoader.tsx:4:26)
Warning: An update to MachineLoader inside a test was not wrapped in act(...).

When testing, code that causes React state updates should be wrapped into act(...):

act(() => {
  /* fire events that update state */
});
/* assert on the output */

This ensures that you're testing the behavior the user would see in the browser. Learn more at https://reactjs.org/link/wrap-tests-with-act
    at MachineLoader (/home/pablo/cyberops-v2/src/components/MachineLoader.tsx:4:26)
Warning: An update to MachineLoader inside a test was not wrapped in act(...).

When testing, code that causes React state updates should be wrapped into act(...):

act(() => {
  /* fire events that update state */
});
/* assert on the output */

This ensures that you're testing the behavior the user would see in the browser. Learn more at https://reactjs.org/link/wrap-tests-with-act
    at MachineLoader (/home/pablo/cyberops-v2/src/components/MachineLoader.tsx:4:26)
Warning: An update to MachineLoader inside a test was not wrapped in act(...).

When testing, code that causes React state updates should be wrapped into act(...):

act(() => {
  /* fire events that update state */
});
/* assert on the output */

This ensures that you're testing the behavior the user would see in the browser. Learn more at https://reactjs.org/link/wrap-tests-with-act
    at MachineLoader (/home/pablo/cyberops-v2/src/components/MachineLoader.tsx:4:26)
Warning: An update to MachineLoader inside a test was not wrapped in act(...).

When testing, code that causes React state updates should be wrapped into act(...):

act(() => {
  /* fire events that update state */
});
/* assert on the output */

This ensures that you're testing the behavior the user would see in the browser. Learn more at https://reactjs.org/link/wrap-tests-with-act
    at MachineLoader (/home/pablo/cyberops-v2/src/components/MachineLoader.tsx:4:26)
Warning: An update to MachineLoader inside a test was not wrapped in act(...).

When testing, code that causes React state updates should be wrapped into act(...):

act(() => {
  /* fire events that update state */
});
/* assert on the output */

This ensures that you're testing the behavior the user would see in the browser. Learn more at https://reactjs.org/link/wrap-tests-with-act
    at MachineLoader (/home/pablo/cyberops-v2/src/components/MachineLoader.tsx:4:26)
Warning: An update to MachineLoader inside a test was not wrapped in act(...).

When testing, code that causes React state updates should be wrapped into act(...):

act(() => {
  /* fire events that update state */
});
/* assert on the output */

This ensures that you're testing the behavior the user would see in the browser. Learn more at https://reactjs.org/link/wrap-tests-with-act
    at MachineLoader (/home/pablo/cyberops-v2/src/components/MachineLoader.tsx:4:26)
Warning: An update to MachineLoader inside a test was not wrapped in act(...).

When testing, code that causes React state updates should be wrapped into act(...):

act(() => {
  /* fire events that update state */
});
/* assert on the output */

This ensures that you're testing the behavior the user would see in the browser. Learn more at https://reactjs.org/link/wrap-tests-with-act
    at MachineLoader (/home/pablo/cyberops-v2/src/components/MachineLoader.tsx:4:26)
Warning: An update to MachineLoader inside a test was not wrapped in act(...).

When testing, code that causes React state updates should be wrapped into act(...):

act(() => {
  /* fire events that update state */
});
/* assert on the output */

This ensures that you're testing the behavior the user would see in the browser. Learn more at https://reactjs.org/link/wrap-tests-with-act
    at MachineLoader (/home/pablo/cyberops-v2/src/components/MachineLoader.tsx:4:26)
Warning: An update to MachineLoader inside a test was not wrapped in act(...).

When testing, code that causes React state updates should be wrapped into act(...):

act(() => {
  /* fire events that update state */
});
/* assert on the output */

This ensures that you're testing the behavior the user would see in the browser. Learn more at https://reactjs.org/link/wrap-tests-with-act
    at MachineLoader (/home/pablo/cyberops-v2/src/components/MachineLoader.tsx:4:26)
Warning: An update to MachineLoader inside a test was not wrapped in act(...).

When testing, code that causes React state updates should be wrapped into act(...):

act(() => {
  /* fire events that update state */
});
/* assert on the output */

This ensures that you're testing the behavior the user would see in the browser. Learn more at https://reactjs.org/link/wrap-tests-with-act
    at MachineLoader (/home/pablo/cyberops-v2/src/components/MachineLoader.tsx:4:26)
Warning: An update to MachineLoader inside a test was not wrapped in act(...).

When testing, code that causes React state updates should be wrapped into act(...):

act(() => {
  /* fire events that update state */
});
/* assert on the output */

This ensures that you're testing the behavior the user would see in the browser. Learn more at https://reactjs.org/link/wrap-tests-with-act
    at MachineLoader (/home/pablo/cyberops-v2/src/components/MachineLoader.tsx:4:26)
Warning: An update to MachineLoader inside a test was not wrapped in act(...).

When testing, code that causes React state updates should be wrapped into act(...):

act(() => {
  /* fire events that update state */
});
/* assert on the output */

This ensures that you're testing the behavior the user would see in the browser. Learn more at https://reactjs.org/link/wrap-tests-with-act
    at MachineLoader (/home/pablo/cyberops-v2/src/components/MachineLoader.tsx:4:26)
Warning: An update to MachineLoader inside a test was not wrapped in act(...).

When testing, code that causes React state updates should be wrapped into act(...):

act(() => {
  /* fire events that update state */
});
/* assert on the output */

This ensures that you're testing the behavior the user would see in the browser. Learn more at https://reactjs.org/link/wrap-tests-with-act
    at MachineLoader (/home/pablo/cyberops-v2/src/components/MachineLoader.tsx:4:26)
Warning: An update to MachineLoader inside a test was not wrapped in act(...).

When testing, code that causes React state updates should be wrapped into act(...):

act(() => {
  /* fire events that update state */
});
/* assert on the output */

This ensures that you're testing the behavior the user would see in the browser. Learn more at https://reactjs.org/link/wrap-tests-with-act
    at MachineLoader (/home/pablo/cyberops-v2/src/components/MachineLoader.tsx:4:26)
Warning: An update to MachineLoader inside a test was not wrapped in act(...).

When testing, code that causes React state updates should be wrapped into act(...):

act(() => {
  /* fire events that update state */
});
/* assert on the output */

This ensures that you're testing the behavior the user would see in the browser. Learn more at https://reactjs.org/link/wrap-tests-with-act
    at MachineLoader (/home/pablo/cyberops-v2/src/components/MachineLoader.tsx:4:26)
Warning: An update to MachineLoader inside a test was not wrapped in act(...).

When testing, code that causes React state updates should be wrapped into act(...):

act(() => {
  /* fire events that update state */
});
/* assert on the output */

This ensures that you're testing the behavior the user would see in the browser. Learn more at https://reactjs.org/link/wrap-tests-with-act
    at MachineLoader (/home/pablo/cyberops-v2/src/components/MachineLoader.tsx:4:26)
Warning: An update to MachineLoader inside a test was not wrapped in act(...).

When testing, code that causes React state updates should be wrapped into act(...):

act(() => {
  /* fire events that update state */
});
/* assert on the output */

This ensures that you're testing the behavior the user would see in the browser. Learn more at https://reactjs.org/link/wrap-tests-with-act
    at MachineLoader (/home/pablo/cyberops-v2/src/components/MachineLoader.tsx:4:26)
Warning: An update to MachineLoader inside a test was not wrapped in act(...).

When testing, code that causes React state updates should be wrapped into act(...):

act(() => {
  /* fire events that update state */
});
/* assert on the output */

This ensures that you're testing the behavior the user would see in the browser. Learn more at https://reactjs.org/link/wrap-tests-with-act
    at MachineLoader (/home/pablo/cyberops-v2/src/components/MachineLoader.tsx:4:26)
Warning: An update to MachineLoader inside a test was not wrapped in act(...).

When testing, code that causes React state updates should be wrapped into act(...):

act(() => {
  /* fire events that update state */
});
/* assert on the output */

This ensures that you're testing the behavior the user would see in the browser. Learn more at https://reactjs.org/link/wrap-tests-with-act
    at MachineLoader (/home/pablo/cyberops-v2/src/components/MachineLoader.tsx:4:26)
Warning: An update to MachineLoader inside a test was not wrapped in act(...).

When testing, code that causes React state updates should be wrapped into act(...):

act(() => {
  /* fire events that update state */
});
/* assert on the output */

This ensures that you're testing the behavior the user would see in the browser. Learn more at https://reactjs.org/link/wrap-tests-with-act
    at MachineLoader (/home/pablo/cyberops-v2/src/components/MachineLoader.tsx:4:26)
Warning: An update to MachineLoader inside a test was not wrapped in act(...).

When testing, code that causes React state updates should be wrapped into act(...):

act(() => {
  /* fire events that update state */
});
/* assert on the output */

This ensures that you're testing the behavior the user would see in the browser. Learn more at https://reactjs.org/link/wrap-tests-with-act
    at MachineLoader (/home/pablo/cyberops-v2/src/components/MachineLoader.tsx:4:26)
Warning: An update to MachineLoader inside a test was not wrapped in act(...).

When testing, code that causes React state updates should be wrapped into act(...):

act(() => {
  /* fire events that update state */
});
/* assert on the output */

This ensures that you're testing the behavior the user would see in the browser. Learn more at https://reactjs.org/link/wrap-tests-with-act
    at MachineLoader (/home/pablo/cyberops-v2/src/components/MachineLoader.tsx:4:26)
Warning: An update to MachineLoader inside a test was not wrapped in act(...).

When testing, code that causes React state updates should be wrapped into act(...):

act(() => {
  /* fire events that update state */
});
/* assert on the output */

This ensures that you're testing the behavior the user would see in the browser. Learn more at https://reactjs.org/link/wrap-tests-with-act
    at MachineLoader (/home/pablo/cyberops-v2/src/components/MachineLoader.tsx:4:26)
Warning: An update to MachineLoader inside a test was not wrapped in act(...).

When testing, code that causes React state updates should be wrapped into act(...):

act(() => {
  /* fire events that update state */
});
/* assert on the output */

This ensures that you're testing the behavior the user would see in the browser. Learn more at https://reactjs.org/link/wrap-tests-with-act
    at MachineLoader (/home/pablo/cyberops-v2/src/components/MachineLoader.tsx:4:26)
Warning: An update to MachineLoader inside a test was not wrapped in act(...).

When testing, code that causes React state updates should be wrapped into act(...):

act(() => {
  /* fire events that update state */
});
/* assert on the output */

This ensures that you're testing the behavior the user would see in the browser. Learn more at https://reactjs.org/link/wrap-tests-with-act
    at MachineLoader (/home/pablo/cyberops-v2/src/components/MachineLoader.tsx:4:26)
Warning: An update to MachineLoader inside a test was not wrapped in act(...).

When testing, code that causes React state updates should be wrapped into act(...):

act(() => {
  /* fire events that update state */
});
/* assert on the output */

This ensures that you're testing the behavior the user would see in the browser. Learn more at https://reactjs.org/link/wrap-tests-with-act
    at MachineLoader (/home/pablo/cyberops-v2/src/components/MachineLoader.tsx:4:26)
Warning: An update to MachineLoader inside a test was not wrapped in act(...).

When testing, code that causes React state updates should be wrapped into act(...):

act(() => {
  /* fire events that update state */
});
/* assert on the output */

This ensures that you're testing the behavior the user would see in the browser. Learn more at https://reactjs.org/link/wrap-tests-with-act
    at MachineLoader (/home/pablo/cyberops-v2/src/components/MachineLoader.tsx:4:26)
Warning: An update to MachineLoader inside a test was not wrapped in act(...).

When testing, code that causes React state updates should be wrapped into act(...):

act(() => {
  /* fire events that update state */
});
/* assert on the output */

This ensures that you're testing the behavior the user would see in the browser. Learn more at https://reactjs.org/link/wrap-tests-with-act
    at MachineLoader (/home/pablo/cyberops-v2/src/components/MachineLoader.tsx:4:26)
Warning: An update to MachineLoader inside a test was not wrapped in act(...).

When testing, code that causes React state updates should be wrapped into act(...):

act(() => {
  /* fire events that update state */
});
/* assert on the output */

This ensures that you're testing the behavior the user would see in the browser. Learn more at https://reactjs.org/link/wrap-tests-with-act
    at MachineLoader (/home/pablo/cyberops-v2/src/components/MachineLoader.tsx:4:26)
Warning: An update to MachineLoader inside a test was not wrapped in act(...).

When testing, code that causes React state updates should be wrapped into act(...):

act(() => {
  /* fire events that update state */
});
/* assert on the output */

This ensures that you're testing the behavior the user would see in the browser. Learn more at https://reactjs.org/link/wrap-tests-with-act
    at MachineLoader (/home/pablo/cyberops-v2/src/components/MachineLoader.tsx:4:26)
Warning: An update to MachineLoader inside a test was not wrapped in act(...).

When testing, code that causes React state updates should be wrapped into act(...):

act(() => {
  /* fire events that update state */
});
/* assert on the output */

This ensures that you're testing the behavior the user would see in the browser. Learn more at https://reactjs.org/link/wrap-tests-with-act
    at MachineLoader (/home/pablo/cyberops-v2/src/components/MachineLoader.tsx:4:26)
Warning: An update to MachineLoader inside a test was not wrapped in act(...).

When testing, code that causes React state updates should be wrapped into act(...):

act(() => {
  /* fire events that update state */
});
/* assert on the output */

This ensures that you're testing the behavior the user would see in the browser. Learn more at https://reactjs.org/link/wrap-tests-with-act
    at MachineLoader (/home/pablo/cyberops-v2/src/components/MachineLoader.tsx:4:26)
Warning: An update to MachineLoader inside a test was not wrapped in act(...).

When testing, code that causes React state updates should be wrapped into act(...):

act(() => {
  /* fire events that update state */
});
/* assert on the output */

This ensures that you're testing the behavior the user would see in the browser. Learn more at https://reactjs.org/link/wrap-tests-with-act
    at MachineLoader (/home/pablo/cyberops-v2/src/components/MachineLoader.tsx:4:26)
Warning: An update to MachineLoader inside a test was not wrapped in act(...).

When testing, code that causes React state updates should be wrapped into act(...):

act(() => {
  /* fire events that update state */
});
/* assert on the output */

This ensures that you're testing the behavior the user would see in the browser. Learn more at https://reactjs.org/link/wrap-tests-with-act
    at MachineLoader (/home/pablo/cyberops-v2/src/components/MachineLoader.tsx:4:26)
Warning: An update to MachineLoader inside a test was not wrapped in act(...).

When testing, code that causes React state updates should be wrapped into act(...):

act(() => {
  /* fire events that update state */
});
/* assert on the output */

This ensures that you're testing the behavior the user would see in the browser. Learn more at https://reactjs.org/link/wrap-tests-with-act
    at MachineLoader (/home/pablo/cyberops-v2/src/components/MachineLoader.tsx:4:26)
Warning: An update to MachineLoader inside a test was not wrapped in act(...).

When testing, code that causes React state updates should be wrapped into act(...):

act(() => {
  /* fire events that update state */
});
/* assert on the output */

This ensures that you're testing the behavior the user would see in the browser. Learn more at https://reactjs.org/link/wrap-tests-with-act
    at MachineLoader (/home/pablo/cyberops-v2/src/components/MachineLoader.tsx:4:26)
Warning: An update to MachineLoader inside a test was not wrapped in act(...).

When testing, code that causes React state updates should be wrapped into act(...):

act(() => {
  /* fire events that update state */
});
/* assert on the output */

This ensures that you're testing the behavior the user would see in the browser. Learn more at https://reactjs.org/link/wrap-tests-with-act
    at MachineLoader (/home/pablo/cyberops-v2/src/components/MachineLoader.tsx:4:26)
Warning: An update to MachineLoader inside a test was not wrapped in act(...).

When testing, code that causes React state updates should be wrapped into act(...):

act(() => {
  /* fire events that update state */
});
/* assert on the output */

This ensures that you're testing the behavior the user would see in the browser. Learn more at https://reactjs.org/link/wrap-tests-with-act
    at MachineLoader (/home/pablo/cyberops-v2/src/components/MachineLoader.tsx:4:26)
Warning: An update to MachineLoader inside a test was not wrapped in act(...).

When testing, code that causes React state updates should be wrapped into act(...):

act(() => {
  /* fire events that update state */
});
/* assert on the output */

This ensures that you're testing the behavior the user would see in the browser. Learn more at https://reactjs.org/link/wrap-tests-with-act
    at MachineLoader (/home/pablo/cyberops-v2/src/components/MachineLoader.tsx:4:26)
Warning: An update to MachineLoader inside a test was not wrapped in act(...).

When testing, code that causes React state updates should be wrapped into act(...):

act(() => {
  /* fire events that update state */
});
/* assert on the output */

This ensures that you're testing the behavior the user would see in the browser. Learn more at https://reactjs.org/link/wrap-tests-with-act
    at MachineLoader (/home/pablo/cyberops-v2/src/components/MachineLoader.tsx:4:26)

 [32m✓[39m src/components/__tests__/MachineLoader.test.tsx[2m > [22mMachineLoader[2m > [22mdebe renderizar la información de la máquina[32m 207[2mms[22m[39m
 [32m✓[39m src/components/__tests__/MachineLoader.test.tsx[2m > [22mMachineLoader[2m > [22mdebe mostrar el progreso inicial en 0%[32m 33[2mms[22m[39m
 [32m✓[39m src/components/__tests__/MachineLoader.test.tsx[2m > [22mMachineLoader[2m > [22mdebe avanzar el progreso con el tiempo[32m 47[2mms[22m[39m
[90mstderr[2m | src/components/__tests__/MachineLoader.test.tsx[2m > [22m[2mMachineLoader[2m > [22m[2mdebe llamar onComplete al finalizar la carga
[22m[39mWarning: An update to MachineLoader inside a test was not wrapped in act(...).

When testing, code that causes React state updates should be wrapped into act(...):

act(() => {
  /* fire events that update state */
});
/* assert on the output */

This ensures that you're testing the behavior the user would see in the browser. Learn more at https://reactjs.org/link/wrap-tests-with-act
    at MachineLoader (/home/pablo/cyberops-v2/src/components/MachineLoader.tsx:4:26)
Warning: An update to MachineLoader inside a test was not wrapped in act(...).

When testing, code that causes React state updates should be wrapped into act(...):

act(() => {
  /* fire events that update state */
});
/* assert on the output */

This ensures that you're testing the behavior the user would see in the browser. Learn more at https://reactjs.org/link/wrap-tests-with-act
    at MachineLoader (/home/pablo/cyberops-v2/src/components/MachineLoader.tsx:4:26)
Warning: An update to MachineLoader inside a test was not wrapped in act(...).

When testing, code that causes React state updates should be wrapped into act(...):

act(() => {
  /* fire events that update state */
});
/* assert on the output */

This ensures that you're testing the behavior the user would see in the browser. Learn more at https://reactjs.org/link/wrap-tests-with-act
    at MachineLoader (/home/pablo/cyberops-v2/src/components/MachineLoader.tsx:4:26)
Warning: An update to MachineLoader inside a test was not wrapped in act(...).

When testing, code that causes React state updates should be wrapped into act(...):

act(() => {
  /* fire events that update state */
});
/* assert on the output */

This ensures that you're testing the behavior the user would see in the browser. Learn more at https://reactjs.org/link/wrap-tests-with-act
    at MachineLoader (/home/pablo/cyberops-v2/src/components/MachineLoader.tsx:4:26)
Warning: An update to MachineLoader inside a test was not wrapped in act(...).

When testing, code that causes React state updates should be wrapped into act(...):

act(() => {
  /* fire events that update state */
});
/* assert on the output */

This ensures that you're testing the behavior the user would see in the browser. Learn more at https://reactjs.org/link/wrap-tests-with-act
    at MachineLoader (/home/pablo/cyberops-v2/src/components/MachineLoader.tsx:4:26)
Warning: An update to MachineLoader inside a test was not wrapped in act(...).

When testing, code that causes React state updates should be wrapped into act(...):

act(() => {
  /* fire events that update state */
});
/* assert on the output */

This ensures that you're testing the behavior the user would see in the browser. Learn more at https://reactjs.org/link/wrap-tests-with-act
    at MachineLoader (/home/pablo/cyberops-v2/src/components/MachineLoader.tsx:4:26)
Warning: An update to MachineLoader inside a test was not wrapped in act(...).

When testing, code that causes React state updates should be wrapped into act(...):

act(() => {
  /* fire events that update state */
});
/* assert on the output */

This ensures that you're testing the behavior the user would see in the browser. Learn more at https://reactjs.org/link/wrap-tests-with-act
    at MachineLoader (/home/pablo/cyberops-v2/src/components/MachineLoader.tsx:4:26)
Warning: An update to MachineLoader inside a test was not wrapped in act(...).

When testing, code that causes React state updates should be wrapped into act(...):

act(() => {
  /* fire events that update state */
});
/* assert on the output */

This ensures that you're testing the behavior the user would see in the browser. Learn more at https://reactjs.org/link/wrap-tests-with-act
    at MachineLoader (/home/pablo/cyberops-v2/src/components/MachineLoader.tsx:4:26)
Warning: An update to MachineLoader inside a test was not wrapped in act(...).

When testing, code that causes React state updates should be wrapped into act(...):

act(() => {
  /* fire events that update state */
});
/* assert on the output */

This ensures that you're testing the behavior the user would see in the browser. Learn more at https://reactjs.org/link/wrap-tests-with-act
    at MachineLoader (/home/pablo/cyberops-v2/src/components/MachineLoader.tsx:4:26)
Warning: An update to MachineLoader inside a test was not wrapped in act(...).

When testing, code that causes React state updates should be wrapped into act(...):

act(() => {
  /* fire events that update state */
});
/* assert on the output */

This ensures that you're testing the behavior the user would see in the browser. Learn more at https://reactjs.org/link/wrap-tests-with-act
    at MachineLoader (/home/pablo/cyberops-v2/src/components/MachineLoader.tsx:4:26)
Warning: An update to MachineLoader inside a test was not wrapped in act(...).

When testing, code that causes React state updates should be wrapped into act(...):

act(() => {
  /* fire events that update state */
});
/* assert on the output */

This ensures that you're testing the behavior the user would see in the browser. Learn more at https://reactjs.org/link/wrap-tests-with-act
    at MachineLoader (/home/pablo/cyberops-v2/src/components/MachineLoader.tsx:4:26)
Warning: An update to MachineLoader inside a test was not wrapped in act(...).

When testing, code that causes React state updates should be wrapped into act(...):

act(() => {
  /* fire events that update state */
});
/* assert on the output */

This ensures that you're testing the behavior the user would see in the browser. Learn more at https://reactjs.org/link/wrap-tests-with-act
    at MachineLoader (/home/pablo/cyberops-v2/src/components/MachineLoader.tsx:4:26)
Warning: An update to MachineLoader inside a test was not wrapped in act(...).

When testing, code that causes React state updates should be wrapped into act(...):

act(() => {
  /* fire events that update state */
});
/* assert on the output */

This ensures that you're testing the behavior the user would see in the browser. Learn more at https://reactjs.org/link/wrap-tests-with-act
    at MachineLoader (/home/pablo/cyberops-v2/src/components/MachineLoader.tsx:4:26)
Warning: An update to MachineLoader inside a test was not wrapped in act(...).

When testing, code that causes React state updates should be wrapped into act(...):

act(() => {
  /* fire events that update state */
});
/* assert on the output */

This ensures that you're testing the behavior the user would see in the browser. Learn more at https://reactjs.org/link/wrap-tests-with-act
    at MachineLoader (/home/pablo/cyberops-v2/src/components/MachineLoader.tsx:4:26)
Warning: An update to MachineLoader inside a test was not wrapped in act(...).

When testing, code that causes React state updates should be wrapped into act(...):

act(() => {
  /* fire events that update state */
});
/* assert on the output */

This ensures that you're testing the behavior the user would see in the browser. Learn more at https://reactjs.org/link/wrap-tests-with-act
    at MachineLoader (/home/pablo/cyberops-v2/src/components/MachineLoader.tsx:4:26)
Warning: An update to MachineLoader inside a test was not wrapped in act(...).

When testing, code that causes React state updates should be wrapped into act(...):

act(() => {
  /* fire events that update state */
});
/* assert on the output */

This ensures that you're testing the behavior the user would see in the browser. Learn more at https://reactjs.org/link/wrap-tests-with-act
    at MachineLoader (/home/pablo/cyberops-v2/src/components/MachineLoader.tsx:4:26)
Warning: An update to MachineLoader inside a test was not wrapped in act(...).

When testing, code that causes React state updates should be wrapped into act(...):

act(() => {
  /* fire events that update state */
});
/* assert on the output */

This ensures that you're testing the behavior the user would see in the browser. Learn more at https://reactjs.org/link/wrap-tests-with-act
    at MachineLoader (/home/pablo/cyberops-v2/src/components/MachineLoader.tsx:4:26)
Warning: An update to MachineLoader inside a test was not wrapped in act(...).

When testing, code that causes React state updates should be wrapped into act(...):

act(() => {
  /* fire events that update state */
});
/* assert on the output */

This ensures that you're testing the behavior the user would see in the browser. Learn more at https://reactjs.org/link/wrap-tests-with-act
    at MachineLoader (/home/pablo/cyberops-v2/src/components/MachineLoader.tsx:4:26)
Warning: An update to MachineLoader inside a test was not wrapped in act(...).

When testing, code that causes React state updates should be wrapped into act(...):

act(() => {
  /* fire events that update state */
});
/* assert on the output */

This ensures that you're testing the behavior the user would see in the browser. Learn more at https://reactjs.org/link/wrap-tests-with-act
    at MachineLoader (/home/pablo/cyberops-v2/src/components/MachineLoader.tsx:4:26)
Warning: An update to MachineLoader inside a test was not wrapped in act(...).

When testing, code that causes React state updates should be wrapped into act(...):

act(() => {
  /* fire events that update state */
});
/* assert on the output */

This ensures that you're testing the behavior the user would see in the browser. Learn more at https://reactjs.org/link/wrap-tests-with-act
    at MachineLoader (/home/pablo/cyberops-v2/src/components/MachineLoader.tsx:4:26)
Warning: An update to MachineLoader inside a test was not wrapped in act(...).

When testing, code that causes React state updates should be wrapped into act(...):

act(() => {
  /* fire events that update state */
});
/* assert on the output */

This ensures that you're testing the behavior the user would see in the browser. Learn more at https://reactjs.org/link/wrap-tests-with-act
    at MachineLoader (/home/pablo/cyberops-v2/src/components/MachineLoader.tsx:4:26)
Warning: An update to MachineLoader inside a test was not wrapped in act(...).

When testing, code that causes React state updates should be wrapped into act(...):

act(() => {
  /* fire events that update state */
});
/* assert on the output */

This ensures that you're testing the behavior the user would see in the browser. Learn more at https://reactjs.org/link/wrap-tests-with-act
    at MachineLoader (/home/pablo/cyberops-v2/src/components/MachineLoader.tsx:4:26)
Warning: An update to MachineLoader inside a test was not wrapped in act(...).

When testing, code that causes React state updates should be wrapped into act(...):

act(() => {
  /* fire events that update state */
});
/* assert on the output */

This ensures that you're testing the behavior the user would see in the browser. Learn more at https://reactjs.org/link/wrap-tests-with-act
    at MachineLoader (/home/pablo/cyberops-v2/src/components/MachineLoader.tsx:4:26)
Warning: An update to MachineLoader inside a test was not wrapped in act(...).

When testing, code that causes React state updates should be wrapped into act(...):

act(() => {
  /* fire events that update state */
});
/* assert on the output */

This ensures that you're testing the behavior the user would see in the browser. Learn more at https://reactjs.org/link/wrap-tests-with-act
    at MachineLoader (/home/pablo/cyberops-v2/src/components/MachineLoader.tsx:4:26)
Warning: An update to MachineLoader inside a test was not wrapped in act(...).

When testing, code that causes React state updates should be wrapped into act(...):

act(() => {
  /* fire events that update state */
});
/* assert on the output */

This ensures that you're testing the behavior the user would see in the browser. Learn more at https://reactjs.org/link/wrap-tests-with-act
    at MachineLoader (/home/pablo/cyberops-v2/src/components/MachineLoader.tsx:4:26)
Warning: An update to MachineLoader inside a test was not wrapped in act(...).

When testing, code that causes React state updates should be wrapped into act(...):

act(() => {
  /* fire events that update state */
});
/* assert on the output */

This ensures that you're testing the behavior the user would see in the browser. Learn more at https://reactjs.org/link/wrap-tests-with-act
    at MachineLoader (/home/pablo/cyberops-v2/src/components/MachineLoader.tsx:4:26)
Warning: An update to MachineLoader inside a test was not wrapped in act(...).

When testing, code that causes React state updates should be wrapped into act(...):

act(() => {
  /* fire events that update state */
});
/* assert on the output */

This ensures that you're testing the behavior the user would see in the browser. Learn more at https://reactjs.org/link/wrap-tests-with-act
    at MachineLoader (/home/pablo/cyberops-v2/src/components/MachineLoader.tsx:4:26)
Warning: An update to MachineLoader inside a test was not wrapped in act(...).

When testing, code that causes React state updates should be wrapped into act(...):

act(() => {
  /* fire events that update state */
});
/* assert on the output */

This ensures that you're testing the behavior the user would see in the browser. Learn more at https://reactjs.org/link/wrap-tests-with-act
    at MachineLoader (/home/pablo/cyberops-v2/src/components/MachineLoader.tsx:4:26)
Warning: An update to MachineLoader inside a test was not wrapped in act(...).

When testing, code that causes React state updates should be wrapped into act(...):

act(() => {
  /* fire events that update state */
});
/* assert on the output */

This ensures that you're testing the behavior the user would see in the browser. Learn more at https://reactjs.org/link/wrap-tests-with-act
    at MachineLoader (/home/pablo/cyberops-v2/src/components/MachineLoader.tsx:4:26)
Warning: An update to MachineLoader inside a test was not wrapped in act(...).

When testing, code that causes React state updates should be wrapped into act(...):

act(() => {
  /* fire events that update state */
});
/* assert on the output */

This ensures that you're testing the behavior the user would see in the browser. Learn more at https://reactjs.org/link/wrap-tests-with-act
    at MachineLoader (/home/pablo/cyberops-v2/src/components/MachineLoader.tsx:4:26)
Warning: An update to MachineLoader inside a test was not wrapped in act(...).

When testing, code that causes React state updates should be wrapped into act(...):

act(() => {
  /* fire events that update state */
});
/* assert on the output */

This ensures that you're testing the behavior the user would see in the browser. Learn more at https://reactjs.org/link/wrap-tests-with-act
    at MachineLoader (/home/pablo/cyberops-v2/src/components/MachineLoader.tsx:4:26)
Warning: An update to MachineLoader inside a test was not wrapped in act(...).

When testing, code that causes React state updates should be wrapped into act(...):

act(() => {
  /* fire events that update state */
});
/* assert on the output */

This ensures that you're testing the behavior the user would see in the browser. Learn more at https://reactjs.org/link/wrap-tests-with-act
    at MachineLoader (/home/pablo/cyberops-v2/src/components/MachineLoader.tsx:4:26)
Warning: An update to MachineLoader inside a test was not wrapped in act(...).

When testing, code that causes React state updates should be wrapped into act(...):

act(() => {
  /* fire events that update state */
});
/* assert on the output */

This ensures that you're testing the behavior the user would see in the browser. Learn more at https://reactjs.org/link/wrap-tests-with-act
    at MachineLoader (/home/pablo/cyberops-v2/src/components/MachineLoader.tsx:4:26)
Warning: An update to MachineLoader inside a test was not wrapped in act(...).

When testing, code that causes React state updates should be wrapped into act(...):

act(() => {
  /* fire events that update state */
});
/* assert on the output */

This ensures that you're testing the behavior the user would see in the browser. Learn more at https://reactjs.org/link/wrap-tests-with-act
    at MachineLoader (/home/pablo/cyberops-v2/src/components/MachineLoader.tsx:4:26)
Warning: An update to MachineLoader inside a test was not wrapped in act(...).

When testing, code that causes React state updates should be wrapped into act(...):

act(() => {
  /* fire events that update state */
});
/* assert on the output */

This ensures that you're testing the behavior the user would see in the browser. Learn more at https://reactjs.org/link/wrap-tests-with-act
    at MachineLoader (/home/pablo/cyberops-v2/src/components/MachineLoader.tsx:4:26)
Warning: An update to MachineLoader inside a test was not wrapped in act(...).

When testing, code that causes React state updates should be wrapped into act(...):

act(() => {
  /* fire events that update state */
});
/* assert on the output */

This ensures that you're testing the behavior the user would see in the browser. Learn more at https://reactjs.org/link/wrap-tests-with-act
    at MachineLoader (/home/pablo/cyberops-v2/src/components/MachineLoader.tsx:4:26)
Warning: An update to MachineLoader inside a test was not wrapped in act(...).

When testing, code that causes React state updates should be wrapped into act(...):

act(() => {
  /* fire events that update state */
});
/* assert on the output */

This ensures that you're testing the behavior the user would see in the browser. Learn more at https://reactjs.org/link/wrap-tests-with-act
    at MachineLoader (/home/pablo/cyberops-v2/src/components/MachineLoader.tsx:4:26)
Warning: An update to MachineLoader inside a test was not wrapped in act(...).

When testing, code that causes React state updates should be wrapped into act(...):

act(() => {
  /* fire events that update state */
});
/* assert on the output */

This ensures that you're testing the behavior the user would see in the browser. Learn more at https://reactjs.org/link/wrap-tests-with-act
    at MachineLoader (/home/pablo/cyberops-v2/src/components/MachineLoader.tsx:4:26)
Warning: An update to MachineLoader inside a test was not wrapped in act(...).

When testing, code that causes React state updates should be wrapped into act(...):

act(() => {
  /* fire events that update state */
});
/* assert on the output */

This ensures that you're testing the behavior the user would see in the browser. Learn more at https://reactjs.org/link/wrap-tests-with-act
    at MachineLoader (/home/pablo/cyberops-v2/src/components/MachineLoader.tsx:4:26)
Warning: An update to MachineLoader inside a test was not wrapped in act(...).

When testing, code that causes React state updates should be wrapped into act(...):

act(() => {
  /* fire events that update state */
});
/* assert on the output */

This ensures that you're testing the behavior the user would see in the browser. Learn more at https://reactjs.org/link/wrap-tests-with-act
    at MachineLoader (/home/pablo/cyberops-v2/src/components/MachineLoader.tsx:4:26)
Warning: An update to MachineLoader inside a test was not wrapped in act(...).

When testing, code that causes React state updates should be wrapped into act(...):

act(() => {
  /* fire events that update state */
});
/* assert on the output */

This ensures that you're testing the behavior the user would see in the browser. Learn more at https://reactjs.org/link/wrap-tests-with-act
    at MachineLoader (/home/pablo/cyberops-v2/src/components/MachineLoader.tsx:4:26)
Warning: An update to MachineLoader inside a test was not wrapped in act(...).

When testing, code that causes React state updates should be wrapped into act(...):

act(() => {
  /* fire events that update state */
});
/* assert on the output */

This ensures that you're testing the behavior the user would see in the browser. Learn more at https://reactjs.org/link/wrap-tests-with-act
    at MachineLoader (/home/pablo/cyberops-v2/src/components/MachineLoader.tsx:4:26)
Warning: An update to MachineLoader inside a test was not wrapped in act(...).

When testing, code that causes React state updates should be wrapped into act(...):

act(() => {
  /* fire events that update state */
});
/* assert on the output */

This ensures that you're testing the behavior the user would see in the browser. Learn more at https://reactjs.org/link/wrap-tests-with-act
    at MachineLoader (/home/pablo/cyberops-v2/src/components/MachineLoader.tsx:4:26)
Warning: An update to MachineLoader inside a test was not wrapped in act(...).

When testing, code that causes React state updates should be wrapped into act(...):

act(() => {
  /* fire events that update state */
});
/* assert on the output */

This ensures that you're testing the behavior the user would see in the browser. Learn more at https://reactjs.org/link/wrap-tests-with-act
    at MachineLoader (/home/pablo/cyberops-v2/src/components/MachineLoader.tsx:4:26)
Warning: An update to MachineLoader inside a test was not wrapped in act(...).

When testing, code that causes React state updates should be wrapped into act(...):

act(() => {
  /* fire events that update state */
});
/* assert on the output */

This ensures that you're testing the behavior the user would see in the browser. Learn more at https://reactjs.org/link/wrap-tests-with-act
    at MachineLoader (/home/pablo/cyberops-v2/src/components/MachineLoader.tsx:4:26)
Warning: An update to MachineLoader inside a test was not wrapped in act(...).

When testing, code that causes React state updates should be wrapped into act(...):

act(() => {
  /* fire events that update state */
});
/* assert on the output */

This ensures that you're testing the behavior the user would see in the browser. Learn more at https://reactjs.org/link/wrap-tests-with-act
    at MachineLoader (/home/pablo/cyberops-v2/src/components/MachineLoader.tsx:4:26)
Warning: An update to MachineLoader inside a test was not wrapped in act(...).

When testing, code that causes React state updates should be wrapped into act(...):

act(() => {
  /* fire events that update state */
});
/* assert on the output */

This ensures that you're testing the behavior the user would see in the browser. Learn more at https://reactjs.org/link/wrap-tests-with-act
    at MachineLoader (/home/pablo/cyberops-v2/src/components/MachineLoader.tsx:4:26)
Warning: An update to MachineLoader inside a test was not wrapped in act(...).

When testing, code that causes React state updates should be wrapped into act(...):

act(() => {
  /* fire events that update state */
});
/* assert on the output */

This ensures that you're testing the behavior the user would see in the browser. Learn more at https://reactjs.org/link/wrap-tests-with-act
    at MachineLoader (/home/pablo/cyberops-v2/src/components/MachineLoader.tsx:4:26)
Warning: An update to MachineLoader inside a test was not wrapped in act(...).

When testing, code that causes React state updates should be wrapped into act(...):

act(() => {
  /* fire events that update state */
});
/* assert on the output */

This ensures that you're testing the behavior the user would see in the browser. Learn more at https://reactjs.org/link/wrap-tests-with-act
    at MachineLoader (/home/pablo/cyberops-v2/src/components/MachineLoader.tsx:4:26)
Warning: An update to MachineLoader inside a test was not wrapped in act(...).

When testing, code that causes React state updates should be wrapped into act(...):

act(() => {
  /* fire events that update state */
});
/* assert on the output */

This ensures that you're testing the behavior the user would see in the browser. Learn more at https://reactjs.org/link/wrap-tests-with-act
    at MachineLoader (/home/pablo/cyberops-v2/src/components/MachineLoader.tsx:4:26)
Warning: An update to MachineLoader inside a test was not wrapped in act(...).

When testing, code that causes React state updates should be wrapped into act(...):

act(() => {
  /* fire events that update state */
});
/* assert on the output */

This ensures that you're testing the behavior the user would see in the browser. Learn more at https://reactjs.org/link/wrap-tests-with-act
    at MachineLoader (/home/pablo/cyberops-v2/src/components/MachineLoader.tsx:4:26)
Warning: An update to MachineLoader inside a test was not wrapped in act(...).

When testing, code that causes React state updates should be wrapped into act(...):

act(() => {
  /* fire events that update state */
});
/* assert on the output */

This ensures that you're testing the behavior the user would see in the browser. Learn more at https://reactjs.org/link/wrap-tests-with-act
    at MachineLoader (/home/pablo/cyberops-v2/src/components/MachineLoader.tsx:4:26)
Warning: An update to MachineLoader inside a test was not wrapped in act(...).

When testing, code that causes React state updates should be wrapped into act(...):

act(() => {
  /* fire events that update state */
});
/* assert on the output */

This ensures that you're testing the behavior the user would see in the browser. Learn more at https://reactjs.org/link/wrap-tests-with-act
    at MachineLoader (/home/pablo/cyberops-v2/src/components/MachineLoader.tsx:4:26)
Warning: An update to MachineLoader inside a test was not wrapped in act(...).

When testing, code that causes React state updates should be wrapped into act(...):

act(() => {
  /* fire events that update state */
});
/* assert on the output */

This ensures that you're testing the behavior the user would see in the browser. Learn more at https://reactjs.org/link/wrap-tests-with-act
    at MachineLoader (/home/pablo/cyberops-v2/src/components/MachineLoader.tsx:4:26)
Warning: An update to MachineLoader inside a test was not wrapped in act(...).

When testing, code that causes React state updates should be wrapped into act(...):

act(() => {
  /* fire events that update state */
});
/* assert on the output */

This ensures that you're testing the behavior the user would see in the browser. Learn more at https://reactjs.org/link/wrap-tests-with-act
    at MachineLoader (/home/pablo/cyberops-v2/src/components/MachineLoader.tsx:4:26)
Warning: An update to MachineLoader inside a test was not wrapped in act(...).

When testing, code that causes React state updates should be wrapped into act(...):

act(() => {
  /* fire events that update state */
});
/* assert on the output */

This ensures that you're testing the behavior the user would see in the browser. Learn more at https://reactjs.org/link/wrap-tests-with-act
    at MachineLoader (/home/pablo/cyberops-v2/src/components/MachineLoader.tsx:4:26)
Warning: An update to MachineLoader inside a test was not wrapped in act(...).

When testing, code that causes React state updates should be wrapped into act(...):

act(() => {
  /* fire events that update state */
});
/* assert on the output */

This ensures that you're testing the behavior the user would see in the browser. Learn more at https://reactjs.org/link/wrap-tests-with-act
    at MachineLoader (/home/pablo/cyberops-v2/src/components/MachineLoader.tsx:4:26)
Warning: An update to MachineLoader inside a test was not wrapped in act(...).

When testing, code that causes React state updates should be wrapped into act(...):

act(() => {
  /* fire events that update state */
});
/* assert on the output */

This ensures that you're testing the behavior the user would see in the browser. Learn more at https://reactjs.org/link/wrap-tests-with-act
    at MachineLoader (/home/pablo/cyberops-v2/src/components/MachineLoader.tsx:4:26)
Warning: An update to MachineLoader inside a test was not wrapped in act(...).

When testing, code that causes React state updates should be wrapped into act(...):

act(() => {
  /* fire events that update state */
});
/* assert on the output */

This ensures that you're testing the behavior the user would see in the browser. Learn more at https://reactjs.org/link/wrap-tests-with-act
    at MachineLoader (/home/pablo/cyberops-v2/src/components/MachineLoader.tsx:4:26)
Warning: An update to MachineLoader inside a test was not wrapped in act(...).

When testing, code that causes React state updates should be wrapped into act(...):

act(() => {
  /* fire events that update state */
});
/* assert on the output */

This ensures that you're testing the behavior the user would see in the browser. Learn more at https://reactjs.org/link/wrap-tests-with-act
    at MachineLoader (/home/pablo/cyberops-v2/src/components/MachineLoader.tsx:4:26)
Warning: An update to MachineLoader inside a test was not wrapped in act(...).

When testing, code that causes React state updates should be wrapped into act(...):

act(() => {
  /* fire events that update state */
});
/* assert on the output */

This ensures that you're testing the behavior the user would see in the browser. Learn more at https://reactjs.org/link/wrap-tests-with-act
    at MachineLoader (/home/pablo/cyberops-v2/src/components/MachineLoader.tsx:4:26)
Warning: An update to MachineLoader inside a test was not wrapped in act(...).

When testing, code that causes React state updates should be wrapped into act(...):

act(() => {
  /* fire events that update state */
});
/* assert on the output */

This ensures that you're testing the behavior the user would see in the browser. Learn more at https://reactjs.org/link/wrap-tests-with-act
    at MachineLoader (/home/pablo/cyberops-v2/src/components/MachineLoader.tsx:4:26)
Warning: An update to MachineLoader inside a test was not wrapped in act(...).

When testing, code that causes React state updates should be wrapped into act(...):

act(() => {
  /* fire events that update state */
});
/* assert on the output */

This ensures that you're testing the behavior the user would see in the browser. Learn more at https://reactjs.org/link/wrap-tests-with-act
    at MachineLoader (/home/pablo/cyberops-v2/src/components/MachineLoader.tsx:4:26)
Warning: An update to MachineLoader inside a test was not wrapped in act(...).

When testing, code that causes React state updates should be wrapped into act(...):

act(() => {
  /* fire events that update state */
});
/* assert on the output */

This ensures that you're testing the behavior the user would see in the browser. Learn more at https://reactjs.org/link/wrap-tests-with-act
    at MachineLoader (/home/pablo/cyberops-v2/src/components/MachineLoader.tsx:4:26)
Warning: An update to MachineLoader inside a test was not wrapped in act(...).

When testing, code that causes React state updates should be wrapped into act(...):

act(() => {
  /* fire events that update state */
});
/* assert on the output */

This ensures that you're testing the behavior the user would see in the browser. Learn more at https://reactjs.org/link/wrap-tests-with-act
    at MachineLoader (/home/pablo/cyberops-v2/src/components/MachineLoader.tsx:4:26)
Warning: An update to MachineLoader inside a test was not wrapped in act(...).

When testing, code that causes React state updates should be wrapped into act(...):

act(() => {
  /* fire events that update state */
});
/* assert on the output */

This ensures that you're testing the behavior the user would see in the browser. Learn more at https://reactjs.org/link/wrap-tests-with-act
    at MachineLoader (/home/pablo/cyberops-v2/src/components/MachineLoader.tsx:4:26)
Warning: An update to MachineLoader inside a test was not wrapped in act(...).

When testing, code that causes React state updates should be wrapped into act(...):

act(() => {
  /* fire events that update state */
});
/* assert on the output */

This ensures that you're testing the behavior the user would see in the browser. Learn more at https://reactjs.org/link/wrap-tests-with-act
    at MachineLoader (/home/pablo/cyberops-v2/src/components/MachineLoader.tsx:4:26)
Warning: An update to MachineLoader inside a test was not wrapped in act(...).

When testing, code that causes React state updates should be wrapped into act(...):

act(() => {
  /* fire events that update state */
});
/* assert on the output */

This ensures that you're testing the behavior the user would see in the browser. Learn more at https://reactjs.org/link/wrap-tests-with-act
    at MachineLoader (/home/pablo/cyberops-v2/src/components/MachineLoader.tsx:4:26)
Warning: An update to MachineLoader inside a test was not wrapped in act(...).

When testing, code that causes React state updates should be wrapped into act(...):

act(() => {
  /* fire events that update state */
});
/* assert on the output */

This ensures that you're testing the behavior the user would see in the browser. Learn more at https://reactjs.org/link/wrap-tests-with-act
    at MachineLoader (/home/pablo/cyberops-v2/src/components/MachineLoader.tsx:4:26)
Warning: An update to MachineLoader inside a test was not wrapped in act(...).

When testing, code that causes React state updates should be wrapped into act(...):

act(() => {
  /* fire events that update state */
});
/* assert on the output */

This ensures that you're testing the behavior the user would see in the browser. Learn more at https://reactjs.org/link/wrap-tests-with-act
    at MachineLoader (/home/pablo/cyberops-v2/src/components/MachineLoader.tsx:4:26)
Warning: An update to MachineLoader inside a test was not wrapped in act(...).

When testing, code that causes React state updates should be wrapped into act(...):

act(() => {
  /* fire events that update state */
});
/* assert on the output */

This ensures that you're testing the behavior the user would see in the browser. Learn more at https://reactjs.org/link/wrap-tests-with-act
    at MachineLoader (/home/pablo/cyberops-v2/src/components/MachineLoader.tsx:4:26)
Warning: An update to MachineLoader inside a test was not wrapped in act(...).

When testing, code that causes React state updates should be wrapped into act(...):

act(() => {
  /* fire events that update state */
});
/* assert on the output */

This ensures that you're testing the behavior the user would see in the browser. Learn more at https://reactjs.org/link/wrap-tests-with-act
    at MachineLoader (/home/pablo/cyberops-v2/src/components/MachineLoader.tsx:4:26)
Warning: An update to MachineLoader inside a test was not wrapped in act(...).

When testing, code that causes React state updates should be wrapped into act(...):

act(() => {
  /* fire events that update state */
});
/* assert on the output */

This ensures that you're testing the behavior the user would see in the browser. Learn more at https://reactjs.org/link/wrap-tests-with-act
    at MachineLoader (/home/pablo/cyberops-v2/src/components/MachineLoader.tsx:4:26)
Warning: An update to MachineLoader inside a test was not wrapped in act(...).

When testing, code that causes React state updates should be wrapped into act(...):

act(() => {
  /* fire events that update state */
});
/* assert on the output */

This ensures that you're testing the behavior the user would see in the browser. Learn more at https://reactjs.org/link/wrap-tests-with-act
    at MachineLoader (/home/pablo/cyberops-v2/src/components/MachineLoader.tsx:4:26)
Warning: An update to MachineLoader inside a test was not wrapped in act(...).

When testing, code that causes React state updates should be wrapped into act(...):

act(() => {
  /* fire events that update state */
});
/* assert on the output */

This ensures that you're testing the behavior the user would see in the browser. Learn more at https://reactjs.org/link/wrap-tests-with-act
    at MachineLoader (/home/pablo/cyberops-v2/src/components/MachineLoader.tsx:4:26)
Warning: An update to MachineLoader inside a test was not wrapped in act(...).

When testing, code that causes React state updates should be wrapped into act(...):

act(() => {
  /* fire events that update state */
});
/* assert on the output */

This ensures that you're testing the behavior the user would see in the browser. Learn more at https://reactjs.org/link/wrap-tests-with-act
    at MachineLoader (/home/pablo/cyberops-v2/src/components/MachineLoader.tsx:4:26)
Warning: An update to MachineLoader inside a test was not wrapped in act(...).

When testing, code that causes React state updates should be wrapped into act(...):

act(() => {
  /* fire events that update state */
});
/* assert on the output */

This ensures that you're testing the behavior the user would see in the browser. Learn more at https://reactjs.org/link/wrap-tests-with-act
    at MachineLoader (/home/pablo/cyberops-v2/src/components/MachineLoader.tsx:4:26)
Warning: An update to MachineLoader inside a test was not wrapped in act(...).

When testing, code that causes React state updates should be wrapped into act(...):

act(() => {
  /* fire events that update state */
});
/* assert on the output */

This ensures that you're testing the behavior the user would see in the browser. Learn more at https://reactjs.org/link/wrap-tests-with-act
    at MachineLoader (/home/pablo/cyberops-v2/src/components/MachineLoader.tsx:4:26)
Warning: An update to MachineLoader inside a test was not wrapped in act(...).

When testing, code that causes React state updates should be wrapped into act(...):

act(() => {
  /* fire events that update state */
});
/* assert on the output */

This ensures that you're testing the behavior the user would see in the browser. Learn more at https://reactjs.org/link/wrap-tests-with-act
    at MachineLoader (/home/pablo/cyberops-v2/src/components/MachineLoader.tsx:4:26)
Warning: An update to MachineLoader inside a test was not wrapped in act(...).

When testing, code that causes React state updates should be wrapped into act(...):

act(() => {
  /* fire events that update state */
});
/* assert on the output */

This ensures that you're testing the behavior the user would see in the browser. Learn more at https://reactjs.org/link/wrap-tests-with-act
    at MachineLoader (/home/pablo/cyberops-v2/src/components/MachineLoader.tsx:4:26)
Warning: An update to MachineLoader inside a test was not wrapped in act(...).

When testing, code that causes React state updates should be wrapped into act(...):

act(() => {
  /* fire events that update state */
});
/* assert on the output */

This ensures that you're testing the behavior the user would see in the browser. Learn more at https://reactjs.org/link/wrap-tests-with-act
    at MachineLoader (/home/pablo/cyberops-v2/src/components/MachineLoader.tsx:4:26)
Warning: An update to MachineLoader inside a test was not wrapped in act(...).

When testing, code that causes React state updates should be wrapped into act(...):

act(() => {
  /* fire events that update state */
});
/* assert on the output */

This ensures that you're testing the behavior the user would see in the browser. Learn more at https://reactjs.org/link/wrap-tests-with-act
    at MachineLoader (/home/pablo/cyberops-v2/src/components/MachineLoader.tsx:4:26)
Warning: An update to MachineLoader inside a test was not wrapped in act(...).

When testing, code that causes React state updates should be wrapped into act(...):

act(() => {
  /* fire events that update state */
});
/* assert on the output */

This ensures that you're testing the behavior the user would see in the browser. Learn more at https://reactjs.org/link/wrap-tests-with-act
    at MachineLoader (/home/pablo/cyberops-v2/src/components/MachineLoader.tsx:4:26)
Warning: An update to MachineLoader inside a test was not wrapped in act(...).

When testing, code that causes React state updates should be wrapped into act(...):

act(() => {
  /* fire events that update state */
});
/* assert on the output */

This ensures that you're testing the behavior the user would see in the browser. Learn more at https://reactjs.org/link/wrap-tests-with-act
    at MachineLoader (/home/pablo/cyberops-v2/src/components/MachineLoader.tsx:4:26)
Warning: An update to MachineLoader inside a test was not wrapped in act(...).

When testing, code that causes React state updates should be wrapped into act(...):

act(() => {
  /* fire events that update state */
});
/* assert on the output */

This ensures that you're testing the behavior the user would see in the browser. Learn more at https://reactjs.org/link/wrap-tests-with-act
    at MachineLoader (/home/pablo/cyberops-v2/src/components/MachineLoader.tsx:4:26)
Warning: An update to MachineLoader inside a test was not wrapped in act(...).

When testing, code that causes React state updates should be wrapped into act(...):

act(() => {
  /* fire events that update state */
});
/* assert on the output */

This ensures that you're testing the behavior the user would see in the browser. Learn more at https://reactjs.org/link/wrap-tests-with-act
    at MachineLoader (/home/pablo/cyberops-v2/src/components/MachineLoader.tsx:4:26)
Warning: An update to MachineLoader inside a test was not wrapped in act(...).

When testing, code that causes React state updates should be wrapped into act(...):

act(() => {
  /* fire events that update state */
});
/* assert on the output */

This ensures that you're testing the behavior the user would see in the browser. Learn more at https://reactjs.org/link/wrap-tests-with-act
    at MachineLoader (/home/pablo/cyberops-v2/src/components/MachineLoader.tsx:4:26)
Warning: An update to MachineLoader inside a test was not wrapped in act(...).

When testing, code that causes React state updates should be wrapped into act(...):

act(() => {
  /* fire events that update state */
});
/* assert on the output */

This ensures that you're testing the behavior the user would see in the browser. Learn more at https://reactjs.org/link/wrap-tests-with-act
    at MachineLoader (/home/pablo/cyberops-v2/src/components/MachineLoader.tsx:4:26)
Warning: An update to MachineLoader inside a test was not wrapped in act(...).

When testing, code that causes React state updates should be wrapped into act(...):

act(() => {
  /* fire events that update state */
});
/* assert on the output */

This ensures that you're testing the behavior the user would see in the browser. Learn more at https://reactjs.org/link/wrap-tests-with-act
    at MachineLoader (/home/pablo/cyberops-v2/src/components/MachineLoader.tsx:4:26)
Warning: An update to MachineLoader inside a test was not wrapped in act(...).

When testing, code that causes React state updates should be wrapped into act(...):

act(() => {
  /* fire events that update state */
});
/* assert on the output */

This ensures that you're testing the behavior the user would see in the browser. Learn more at https://reactjs.org/link/wrap-tests-with-act
    at MachineLoader (/home/pablo/cyberops-v2/src/components/MachineLoader.tsx:4:26)
Warning: An update to MachineLoader inside a test was not wrapped in act(...).

When testing, code that causes React state updates should be wrapped into act(...):

act(() => {
  /* fire events that update state */
});
/* assert on the output */

This ensures that you're testing the behavior the user would see in the browser. Learn more at https://reactjs.org/link/wrap-tests-with-act
    at MachineLoader (/home/pablo/cyberops-v2/src/components/MachineLoader.tsx:4:26)
Warning: An update to MachineLoader inside a test was not wrapped in act(...).

When testing, code that causes React state updates should be wrapped into act(...):

act(() => {
  /* fire events that update state */
});
/* assert on the output */

This ensures that you're testing the behavior the user would see in the browser. Learn more at https://reactjs.org/link/wrap-tests-with-act
    at MachineLoader (/home/pablo/cyberops-v2/src/components/MachineLoader.tsx:4:26)
Warning: An update to MachineLoader inside a test was not wrapped in act(...).

When testing, code that causes React state updates should be wrapped into act(...):

act(() => {
  /* fire events that update state */
});
/* assert on the output */

This ensures that you're testing the behavior the user would see in the browser. Learn more at https://reactjs.org/link/wrap-tests-with-act
    at MachineLoader (/home/pablo/cyberops-v2/src/components/MachineLoader.tsx:4:26)
Warning: An update to MachineLoader inside a test was not wrapped in act(...).

When testing, code that causes React state updates should be wrapped into act(...):

act(() => {
  /* fire events that update state */
});
/* assert on the output */

This ensures that you're testing the behavior the user would see in the browser. Learn more at https://reactjs.org/link/wrap-tests-with-act
    at MachineLoader (/home/pablo/cyberops-v2/src/components/MachineLoader.tsx:4:26)
Warning: An update to MachineLoader inside a test was not wrapped in act(...).

When testing, code that causes React state updates should be wrapped into act(...):

act(() => {
  /* fire events that update state */
});
/* assert on the output */

This ensures that you're testing the behavior the user would see in the browser. Learn more at https://reactjs.org/link/wrap-tests-with-act
    at MachineLoader (/home/pablo/cyberops-v2/src/components/MachineLoader.tsx:4:26)
Warning: An update to MachineLoader inside a test was not wrapped in act(...).

When testing, code that causes React state updates should be wrapped into act(...):

act(() => {
  /* fire events that update state */
});
/* assert on the output */

This ensures that you're testing the behavior the user would see in the browser. Learn more at https://reactjs.org/link/wrap-tests-with-act
    at MachineLoader (/home/pablo/cyberops-v2/src/components/MachineLoader.tsx:4:26)
Warning: An update to MachineLoader inside a test was not wrapped in act(...).

When testing, code that causes React state updates should be wrapped into act(...):

act(() => {
  /* fire events that update state */
});
/* assert on the output */

This ensures that you're testing the behavior the user would see in the browser. Learn more at https://reactjs.org/link/wrap-tests-with-act
    at MachineLoader (/home/pablo/cyberops-v2/src/components/MachineLoader.tsx:4:26)
Warning: An update to MachineLoader inside a test was not wrapped in act(...).

When testing, code that causes React state updates should be wrapped into act(...):

act(() => {
  /* fire events that update state */
});
/* assert on the output */

This ensures that you're testing the behavior the user would see in the browser. Learn more at https://reactjs.org/link/wrap-tests-with-act
    at MachineLoader (/home/pablo/cyberops-v2/src/components/MachineLoader.tsx:4:26)
Warning: An update to MachineLoader inside a test was not wrapped in act(...).

When testing, code that causes React state updates should be wrapped into act(...):

act(() => {
  /* fire events that update state */
});
/* assert on the output */

This ensures that you're testing the behavior the user would see in the browser. Learn more at https://reactjs.org/link/wrap-tests-with-act
    at MachineLoader (/home/pablo/cyberops-v2/src/components/MachineLoader.tsx:4:26)
Warning: An update to MachineLoader inside a test was not wrapped in act(...).

When testing, code that causes React state updates should be wrapped into act(...):

act(() => {
  /* fire events that update state */
});
/* assert on the output */

This ensures that you're testing the behavior the user would see in the browser. Learn more at https://reactjs.org/link/wrap-tests-with-act
    at MachineLoader (/home/pablo/cyberops-v2/src/components/MachineLoader.tsx:4:26)
Warning: An update to MachineLoader inside a test was not wrapped in act(...).

When testing, code that causes React state updates should be wrapped into act(...):

act(() => {
  /* fire events that update state */
});
/* assert on the output */

This ensures that you're testing the behavior the user would see in the browser. Learn more at https://reactjs.org/link/wrap-tests-with-act
    at MachineLoader (/home/pablo/cyberops-v2/src/components/MachineLoader.tsx:4:26)
Warning: An update to MachineLoader inside a test was not wrapped in act(...).

When testing, code that causes React state updates should be wrapped into act(...):

act(() => {
  /* fire events that update state */
});
/* assert on the output */

This ensures that you're testing the behavior the user would see in the browser. Learn more at https://reactjs.org/link/wrap-tests-with-act
    at MachineLoader (/home/pablo/cyberops-v2/src/components/MachineLoader.tsx:4:26)
Warning: An update to MachineLoader inside a test was not wrapped in act(...).

When testing, code that causes React state updates should be wrapped into act(...):

act(() => {
  /* fire events that update state */
});
/* assert on the output */

This ensures that you're testing the behavior the user would see in the browser. Learn more at https://reactjs.org/link/wrap-tests-with-act
    at MachineLoader (/home/pablo/cyberops-v2/src/components/MachineLoader.tsx:4:26)
Warning: An update to MachineLoader inside a test was not wrapped in act(...).

When testing, code that causes React state updates should be wrapped into act(...):

act(() => {
  /* fire events that update state */
});
/* assert on the output */

This ensures that you're testing the behavior the user would see in the browser. Learn more at https://reactjs.org/link/wrap-tests-with-act
    at MachineLoader (/home/pablo/cyberops-v2/src/components/MachineLoader.tsx:4:26)
Warning: An update to MachineLoader inside a test was not wrapped in act(...).

When testing, code that causes React state updates should be wrapped into act(...):

act(() => {
  /* fire events that update state */
});
/* assert on the output */

This ensures that you're testing the behavior the user would see in the browser. Learn more at https://reactjs.org/link/wrap-tests-with-act
    at MachineLoader (/home/pablo/cyberops-v2/src/components/MachineLoader.tsx:4:26)
Warning: An update to MachineLoader inside a test was not wrapped in act(...).

When testing, code that causes React state updates should be wrapped into act(...):

act(() => {
  /* fire events that update state */
});
/* assert on the output */

This ensures that you're testing the behavior the user would see in the browser. Learn more at https://reactjs.org/link/wrap-tests-with-act
    at MachineLoader (/home/pablo/cyberops-v2/src/components/MachineLoader.tsx:4:26)
Warning: An update to MachineLoader inside a test was not wrapped in act(...).

When testing, code that causes React state updates should be wrapped into act(...):

act(() => {
  /* fire events that update state */
});
/* assert on the output */

This ensures that you're testing the behavior the user would see in the browser. Learn more at https://reactjs.org/link/wrap-tests-with-act
    at MachineLoader (/home/pablo/cyberops-v2/src/components/MachineLoader.tsx:4:26)
Warning: An update to MachineLoader inside a test was not wrapped in act(...).

When testing, code that causes React state updates should be wrapped into act(...):

act(() => {
  /* fire events that update state */
});
/* assert on the output */

This ensures that you're testing the behavior the user would see in the browser. Learn more at https://reactjs.org/link/wrap-tests-with-act
    at MachineLoader (/home/pablo/cyberops-v2/src/components/MachineLoader.tsx:4:26)
Warning: An update to MachineLoader inside a test was not wrapped in act(...).

When testing, code that causes React state updates should be wrapped into act(...):

act(() => {
  /* fire events that update state */
});
/* assert on the output */

This ensures that you're testing the behavior the user would see in the browser. Learn more at https://reactjs.org/link/wrap-tests-with-act
    at MachineLoader (/home/pablo/cyberops-v2/src/components/MachineLoader.tsx:4:26)
Warning: An update to MachineLoader inside a test was not wrapped in act(...).

When testing, code that causes React state updates should be wrapped into act(...):

act(() => {
  /* fire events that update state */
});
/* assert on the output */

This ensures that you're testing the behavior the user would see in the browser. Learn more at https://reactjs.org/link/wrap-tests-with-act
    at MachineLoader (/home/pablo/cyberops-v2/src/components/MachineLoader.tsx:4:26)
Warning: An update to MachineLoader inside a test was not wrapped in act(...).

When testing, code that causes React state updates should be wrapped into act(...):

act(() => {
  /* fire events that update state */
});
/* assert on the output */

This ensures that you're testing the behavior the user would see in the browser. Learn more at https://reactjs.org/link/wrap-tests-with-act
    at MachineLoader (/home/pablo/cyberops-v2/src/components/MachineLoader.tsx:4:26)
Warning: An update to MachineLoader inside a test was not wrapped in act(...).

When testing, code that causes React state updates should be wrapped into act(...):

act(() => {
  /* fire events that update state */
});
/* assert on the output */

This ensures that you're testing the behavior the user would see in the browser. Learn more at https://reactjs.org/link/wrap-tests-with-act
    at MachineLoader (/home/pablo/cyberops-v2/src/components/MachineLoader.tsx:4:26)
Warning: An update to MachineLoader inside a test was not wrapped in act(...).

When testing, code that causes React state updates should be wrapped into act(...):

act(() => {
  /* fire events that update state */
});
/* assert on the output */

This ensures that you're testing the behavior the user would see in the browser. Learn more at https://reactjs.org/link/wrap-tests-with-act
    at MachineLoader (/home/pablo/cyberops-v2/src/components/MachineLoader.tsx:4:26)
Warning: An update to MachineLoader inside a test was not wrapped in act(...).

When testing, code that causes React state updates should be wrapped into act(...):

act(() => {
  /* fire events that update state */
});
/* assert on the output */

This ensures that you're testing the behavior the user would see in the browser. Learn more at https://reactjs.org/link/wrap-tests-with-act
    at MachineLoader (/home/pablo/cyberops-v2/src/components/MachineLoader.tsx:4:26)
Warning: An update to MachineLoader inside a test was not wrapped in act(...).

When testing, code that causes React state updates should be wrapped into act(...):

act(() => {
  /* fire events that update state */
});
/* assert on the output */

This ensures that you're testing the behavior the user would see in the browser. Learn more at https://reactjs.org/link/wrap-tests-with-act
    at MachineLoader (/home/pablo/cyberops-v2/src/components/MachineLoader.tsx:4:26)
Warning: An update to MachineLoader inside a test was not wrapped in act(...).

When testing, code that causes React state updates should be wrapped into act(...):

act(() => {
  /* fire events that update state */
});
/* assert on the output */

This ensures that you're testing the behavior the user would see in the browser. Learn more at https://reactjs.org/link/wrap-tests-with-act
    at MachineLoader (/home/pablo/cyberops-v2/src/components/MachineLoader.tsx:4:26)
Warning: An update to MachineLoader inside a test was not wrapped in act(...).

When testing, code that causes React state updates should be wrapped into act(...):

act(() => {
  /* fire events that update state */
});
/* assert on the output */

This ensures that you're testing the behavior the user would see in the browser. Learn more at https://reactjs.org/link/wrap-tests-with-act
    at MachineLoader (/home/pablo/cyberops-v2/src/components/MachineLoader.tsx:4:26)
Warning: An update to MachineLoader inside a test was not wrapped in act(...).

When testing, code that causes React state updates should be wrapped into act(...):

act(() => {
  /* fire events that update state */
});
/* assert on the output */

This ensures that you're testing the behavior the user would see in the browser. Learn more at https://reactjs.org/link/wrap-tests-with-act
    at MachineLoader (/home/pablo/cyberops-v2/src/components/MachineLoader.tsx:4:26)
Warning: An update to MachineLoader inside a test was not wrapped in act(...).

When testing, code that causes React state updates should be wrapped into act(...):

act(() => {
  /* fire events that update state */
});
/* assert on the output */

This ensures that you're testing the behavior the user would see in the browser. Learn more at https://reactjs.org/link/wrap-tests-with-act
    at MachineLoader (/home/pablo/cyberops-v2/src/components/MachineLoader.tsx:4:26)
Warning: An update to MachineLoader inside a test was not wrapped in act(...).

When testing, code that causes React state updates should be wrapped into act(...):

act(() => {
  /* fire events that update state */
});
/* assert on the output */

This ensures that you're testing the behavior the user would see in the browser. Learn more at https://reactjs.org/link/wrap-tests-with-act
    at MachineLoader (/home/pablo/cyberops-v2/src/components/MachineLoader.tsx:4:26)
Warning: An update to MachineLoader inside a test was not wrapped in act(...).

When testing, code that causes React state updates should be wrapped into act(...):

act(() => {
  /* fire events that update state */
});
/* assert on the output */

This ensures that you're testing the behavior the user would see in the browser. Learn more at https://reactjs.org/link/wrap-tests-with-act
    at MachineLoader (/home/pablo/cyberops-v2/src/components/MachineLoader.tsx:4:26)
Warning: An update to MachineLoader inside a test was not wrapped in act(...).

When testing, code that causes React state updates should be wrapped into act(...):

act(() => {
  /* fire events that update state */
});
/* assert on the output */

This ensures that you're testing the behavior the user would see in the browser. Learn more at https://reactjs.org/link/wrap-tests-with-act
    at MachineLoader (/home/pablo/cyberops-v2/src/components/MachineLoader.tsx:4:26)
Warning: An update to MachineLoader inside a test was not wrapped in act(...).

When testing, code that causes React state updates should be wrapped into act(...):

act(() => {
  /* fire events that update state */
});
/* assert on the output */

This ensures that you're testing the behavior the user would see in the browser. Learn more at https://reactjs.org/link/wrap-tests-with-act
    at MachineLoader (/home/pablo/cyberops-v2/src/components/MachineLoader.tsx:4:26)
Warning: An update to MachineLoader inside a test was not wrapped in act(...).

When testing, code that causes React state updates should be wrapped into act(...):

act(() => {
  /* fire events that update state */
});
/* assert on the output */

This ensures that you're testing the behavior the user would see in the browser. Learn more at https://reactjs.org/link/wrap-tests-with-act
    at MachineLoader (/home/pablo/cyberops-v2/src/components/MachineLoader.tsx:4:26)
Warning: An update to MachineLoader inside a test was not wrapped in act(...).

When testing, code that causes React state updates should be wrapped into act(...):

act(() => {
  /* fire events that update state */
});
/* assert on the output */

This ensures that you're testing the behavior the user would see in the browser. Learn more at https://reactjs.org/link/wrap-tests-with-act
    at MachineLoader (/home/pablo/cyberops-v2/src/components/MachineLoader.tsx:4:26)
Warning: An update to MachineLoader inside a test was not wrapped in act(...).

When testing, code that causes React state updates should be wrapped into act(...):

act(() => {
  /* fire events that update state */
});
/* assert on the output */

This ensures that you're testing the behavior the user would see in the browser. Learn more at https://reactjs.org/link/wrap-tests-with-act
    at MachineLoader (/home/pablo/cyberops-v2/src/components/MachineLoader.tsx:4:26)
Warning: An update to MachineLoader inside a test was not wrapped in act(...).

When testing, code that causes React state updates should be wrapped into act(...):

act(() => {
  /* fire events that update state */
});
/* assert on the output */

This ensures that you're testing the behavior the user would see in the browser. Learn more at https://reactjs.org/link/wrap-tests-with-act
    at MachineLoader (/home/pablo/cyberops-v2/src/components/MachineLoader.tsx:4:26)
Warning: An update to MachineLoader inside a test was not wrapped in act(...).

When testing, code that causes React state updates should be wrapped into act(...):

act(() => {
  /* fire events that update state */
});
/* assert on the output */

This ensures that you're testing the behavior the user would see in the browser. Learn more at https://reactjs.org/link/wrap-tests-with-act
    at MachineLoader (/home/pablo/cyberops-v2/src/components/MachineLoader.tsx:4:26)
Warning: An update to MachineLoader inside a test was not wrapped in act(...).

When testing, code that causes React state updates should be wrapped into act(...):

act(() => {
  /* fire events that update state */
});
/* assert on the output */

This ensures that you're testing the behavior the user would see in the browser. Learn more at https://reactjs.org/link/wrap-tests-with-act
    at MachineLoader (/home/pablo/cyberops-v2/src/components/MachineLoader.tsx:4:26)
Warning: An update to MachineLoader inside a test was not wrapped in act(...).

When testing, code that causes React state updates should be wrapped into act(...):

act(() => {
  /* fire events that update state */
});
/* assert on the output */

This ensures that you're testing the behavior the user would see in the browser. Learn more at https://reactjs.org/link/wrap-tests-with-act
    at MachineLoader (/home/pablo/cyberops-v2/src/components/MachineLoader.tsx:4:26)
Warning: An update to MachineLoader inside a test was not wrapped in act(...).

When testing, code that causes React state updates should be wrapped into act(...):

act(() => {
  /* fire events that update state */
});
/* assert on the output */

This ensures that you're testing the behavior the user would see in the browser. Learn more at https://reactjs.org/link/wrap-tests-with-act
    at MachineLoader (/home/pablo/cyberops-v2/src/components/MachineLoader.tsx:4:26)
Warning: An update to MachineLoader inside a test was not wrapped in act(...).

When testing, code that causes React state updates should be wrapped into act(...):

act(() => {
  /* fire events that update state */
});
/* assert on the output */

This ensures that you're testing the behavior the user would see in the browser. Learn more at https://reactjs.org/link/wrap-tests-with-act
    at MachineLoader (/home/pablo/cyberops-v2/src/components/MachineLoader.tsx:4:26)
Warning: An update to MachineLoader inside a test was not wrapped in act(...).

When testing, code that causes React state updates should be wrapped into act(...):

act(() => {
  /* fire events that update state */
});
/* assert on the output */

This ensures that you're testing the behavior the user would see in the browser. Learn more at https://reactjs.org/link/wrap-tests-with-act
    at MachineLoader (/home/pablo/cyberops-v2/src/components/MachineLoader.tsx:4:26)
Warning: An update to MachineLoader inside a test was not wrapped in act(...).

When testing, code that causes React state updates should be wrapped into act(...):

act(() => {
  /* fire events that update state */
});
/* assert on the output */

This ensures that you're testing the behavior the user would see in the browser. Learn more at https://reactjs.org/link/wrap-tests-with-act
    at MachineLoader (/home/pablo/cyberops-v2/src/components/MachineLoader.tsx:4:26)
Warning: An update to MachineLoader inside a test was not wrapped in act(...).

When testing, code that causes React state updates should be wrapped into act(...):

act(() => {
  /* fire events that update state */
});
/* assert on the output */

This ensures that you're testing the behavior the user would see in the browser. Learn more at https://reactjs.org/link/wrap-tests-with-act
    at MachineLoader (/home/pablo/cyberops-v2/src/components/MachineLoader.tsx:4:26)
Warning: An update to MachineLoader inside a test was not wrapped in act(...).

When testing, code that causes React state updates should be wrapped into act(...):

act(() => {
  /* fire events that update state */
});
/* assert on the output */

This ensures that you're testing the behavior the user would see in the browser. Learn more at https://reactjs.org/link/wrap-tests-with-act
    at MachineLoader (/home/pablo/cyberops-v2/src/components/MachineLoader.tsx:4:26)
Warning: An update to MachineLoader inside a test was not wrapped in act(...).

When testing, code that causes React state updates should be wrapped into act(...):

act(() => {
  /* fire events that update state */
});
/* assert on the output */

This ensures that you're testing the behavior the user would see in the browser. Learn more at https://reactjs.org/link/wrap-tests-with-act
    at MachineLoader (/home/pablo/cyberops-v2/src/components/MachineLoader.tsx:4:26)
Warning: An update to MachineLoader inside a test was not wrapped in act(...).

When testing, code that causes React state updates should be wrapped into act(...):

act(() => {
  /* fire events that update state */
});
/* assert on the output */

This ensures that you're testing the behavior the user would see in the browser. Learn more at https://reactjs.org/link/wrap-tests-with-act
    at MachineLoader (/home/pablo/cyberops-v2/src/components/MachineLoader.tsx:4:26)
Warning: An update to MachineLoader inside a test was not wrapped in act(...).

When testing, code that causes React state updates should be wrapped into act(...):

act(() => {
  /* fire events that update state */
});
/* assert on the output */

This ensures that you're testing the behavior the user would see in the browser. Learn more at https://reactjs.org/link/wrap-tests-with-act
    at MachineLoader (/home/pablo/cyberops-v2/src/components/MachineLoader.tsx:4:26)
Warning: An update to MachineLoader inside a test was not wrapped in act(...).

When testing, code that causes React state updates should be wrapped into act(...):

act(() => {
  /* fire events that update state */
});
/* assert on the output */

This ensures that you're testing the behavior the user would see in the browser. Learn more at https://reactjs.org/link/wrap-tests-with-act
    at MachineLoader (/home/pablo/cyberops-v2/src/components/MachineLoader.tsx:4:26)
Warning: An update to MachineLoader inside a test was not wrapped in act(...).

When testing, code that causes React state updates should be wrapped into act(...):

act(() => {
  /* fire events that update state */
});
/* assert on the output */

This ensures that you're testing the behavior the user would see in the browser. Learn more at https://reactjs.org/link/wrap-tests-with-act
    at MachineLoader (/home/pablo/cyberops-v2/src/components/MachineLoader.tsx:4:26)
Warning: An update to MachineLoader inside a test was not wrapped in act(...).

When testing, code that causes React state updates should be wrapped into act(...):

act(() => {
  /* fire events that update state */
});
/* assert on the output */

This ensures that you're testing the behavior the user would see in the browser. Learn more at https://reactjs.org/link/wrap-tests-with-act
    at MachineLoader (/home/pablo/cyberops-v2/src/components/MachineLoader.tsx:4:26)
Warning: An update to MachineLoader inside a test was not wrapped in act(...).

When testing, code that causes React state updates should be wrapped into act(...):

act(() => {
  /* fire events that update state */
});
/* assert on the output */

This ensures that you're testing the behavior the user would see in the browser. Learn more at https://reactjs.org/link/wrap-tests-with-act
    at MachineLoader (/home/pablo/cyberops-v2/src/components/MachineLoader.tsx:4:26)
Warning: An update to MachineLoader inside a test was not wrapped in act(...).

When testing, code that causes React state updates should be wrapped into act(...):

act(() => {
  /* fire events that update state */
});
/* assert on the output */

This ensures that you're testing the behavior the user would see in the browser. Learn more at https://reactjs.org/link/wrap-tests-with-act
    at MachineLoader (/home/pablo/cyberops-v2/src/components/MachineLoader.tsx:4:26)
Warning: An update to MachineLoader inside a test was not wrapped in act(...).

When testing, code that causes React state updates should be wrapped into act(...):

act(() => {
  /* fire events that update state */
});
/* assert on the output */

This ensures that you're testing the behavior the user would see in the browser. Learn more at https://reactjs.org/link/wrap-tests-with-act
    at MachineLoader (/home/pablo/cyberops-v2/src/components/MachineLoader.tsx:4:26)
Warning: An update to MachineLoader inside a test was not wrapped in act(...).

When testing, code that causes React state updates should be wrapped into act(...):

act(() => {
  /* fire events that update state */
});
/* assert on the output */

This ensures that you're testing the behavior the user would see in the browser. Learn more at https://reactjs.org/link/wrap-tests-with-act
    at MachineLoader (/home/pablo/cyberops-v2/src/components/MachineLoader.tsx:4:26)
Warning: An update to MachineLoader inside a test was not wrapped in act(...).

When testing, code that causes React state updates should be wrapped into act(...):

act(() => {
  /* fire events that update state */
});
/* assert on the output */

This ensures that you're testing the behavior the user would see in the browser. Learn more at https://reactjs.org/link/wrap-tests-with-act
    at MachineLoader (/home/pablo/cyberops-v2/src/components/MachineLoader.tsx:4:26)
Warning: An update to MachineLoader inside a test was not wrapped in act(...).

When testing, code that causes React state updates should be wrapped into act(...):

act(() => {
  /* fire events that update state */
});
/* assert on the output */

This ensures that you're testing the behavior the user would see in the browser. Learn more at https://reactjs.org/link/wrap-tests-with-act
    at MachineLoader (/home/pablo/cyberops-v2/src/components/MachineLoader.tsx:4:26)
Warning: An update to MachineLoader inside a test was not wrapped in act(...).

When testing, code that causes React state updates should be wrapped into act(...):

act(() => {
  /* fire events that update state */
});
/* assert on the output */

This ensures that you're testing the behavior the user would see in the browser. Learn more at https://reactjs.org/link/wrap-tests-with-act
    at MachineLoader (/home/pablo/cyberops-v2/src/components/MachineLoader.tsx:4:26)
Warning: An update to MachineLoader inside a test was not wrapped in act(...).

When testing, code that causes React state updates should be wrapped into act(...):

act(() => {
  /* fire events that update state */
});
/* assert on the output */

This ensures that you're testing the behavior the user would see in the browser. Learn more at https://reactjs.org/link/wrap-tests-with-act
    at MachineLoader (/home/pablo/cyberops-v2/src/components/MachineLoader.tsx:4:26)
Warning: An update to MachineLoader inside a test was not wrapped in act(...).

When testing, code that causes React state updates should be wrapped into act(...):

act(() => {
  /* fire events that update state */
});
/* assert on the output */

This ensures that you're testing the behavior the user would see in the browser. Learn more at https://reactjs.org/link/wrap-tests-with-act
    at MachineLoader (/home/pablo/cyberops-v2/src/components/MachineLoader.tsx:4:26)
Warning: An update to MachineLoader inside a test was not wrapped in act(...).

When testing, code that causes React state updates should be wrapped into act(...):

act(() => {
  /* fire events that update state */
});
/* assert on the output */

This ensures that you're testing the behavior the user would see in the browser. Learn more at https://reactjs.org/link/wrap-tests-with-act
    at MachineLoader (/home/pablo/cyberops-v2/src/components/MachineLoader.tsx:4:26)
Warning: An update to MachineLoader inside a test was not wrapped in act(...).

When testing, code that causes React state updates should be wrapped into act(...):

act(() => {
  /* fire events that update state */
});
/* assert on the output */

This ensures that you're testing the behavior the user would see in the browser. Learn more at https://reactjs.org/link/wrap-tests-with-act
    at MachineLoader (/home/pablo/cyberops-v2/src/components/MachineLoader.tsx:4:26)
Warning: An update to MachineLoader inside a test was not wrapped in act(...).

When testing, code that causes React state updates should be wrapped into act(...):

act(() => {
  /* fire events that update state */
});
/* assert on the output */

This ensures that you're testing the behavior the user would see in the browser. Learn more at https://reactjs.org/link/wrap-tests-with-act
    at MachineLoader (/home/pablo/cyberops-v2/src/components/MachineLoader.tsx:4:26)
Warning: An update to MachineLoader inside a test was not wrapped in act(...).

When testing, code that causes React state updates should be wrapped into act(...):

act(() => {
  /* fire events that update state */
});
/* assert on the output */

This ensures that you're testing the behavior the user would see in the browser. Learn more at https://reactjs.org/link/wrap-tests-with-act
    at MachineLoader (/home/pablo/cyberops-v2/src/components/MachineLoader.tsx:4:26)
Warning: An update to MachineLoader inside a test was not wrapped in act(...).

When testing, code that causes React state updates should be wrapped into act(...):

act(() => {
  /* fire events that update state */
});
/* assert on the output */

This ensures that you're testing the behavior the user would see in the browser. Learn more at https://reactjs.org/link/wrap-tests-with-act
    at MachineLoader (/home/pablo/cyberops-v2/src/components/MachineLoader.tsx:4:26)
Warning: An update to MachineLoader inside a test was not wrapped in act(...).

When testing, code that causes React state updates should be wrapped into act(...):

act(() => {
  /* fire events that update state */
});
/* assert on the output */

This ensures that you're testing the behavior the user would see in the browser. Learn more at https://reactjs.org/link/wrap-tests-with-act
    at MachineLoader (/home/pablo/cyberops-v2/src/components/MachineLoader.tsx:4:26)
Warning: An update to MachineLoader inside a test was not wrapped in act(...).

When testing, code that causes React state updates should be wrapped into act(...):

act(() => {
  /* fire events that update state */
});
/* assert on the output */

This ensures that you're testing the behavior the user would see in the browser. Learn more at https://reactjs.org/link/wrap-tests-with-act
    at MachineLoader (/home/pablo/cyberops-v2/src/components/MachineLoader.tsx:4:26)
Warning: An update to MachineLoader inside a test was not wrapped in act(...).

When testing, code that causes React state updates should be wrapped into act(...):

act(() => {
  /* fire events that update state */
});
/* assert on the output */

This ensures that you're testing the behavior the user would see in the browser. Learn more at https://reactjs.org/link/wrap-tests-with-act
    at MachineLoader (/home/pablo/cyberops-v2/src/components/MachineLoader.tsx:4:26)
Warning: An update to MachineLoader inside a test was not wrapped in act(...).

When testing, code that causes React state updates should be wrapped into act(...):

act(() => {
  /* fire events that update state */
});
/* assert on the output */

This ensures that you're testing the behavior the user would see in the browser. Learn more at https://reactjs.org/link/wrap-tests-with-act
    at MachineLoader (/home/pablo/cyberops-v2/src/components/MachineLoader.tsx:4:26)
Warning: An update to MachineLoader inside a test was not wrapped in act(...).

When testing, code that causes React state updates should be wrapped into act(...):

act(() => {
  /* fire events that update state */
});
/* assert on the output */

This ensures that you're testing the behavior the user would see in the browser. Learn more at https://reactjs.org/link/wrap-tests-with-act
    at MachineLoader (/home/pablo/cyberops-v2/src/components/MachineLoader.tsx:4:26)
Warning: An update to MachineLoader inside a test was not wrapped in act(...).

When testing, code that causes React state updates should be wrapped into act(...):

act(() => {
  /* fire events that update state */
});
/* assert on the output */

This ensures that you're testing the behavior the user would see in the browser. Learn more at https://reactjs.org/link/wrap-tests-with-act
    at MachineLoader (/home/pablo/cyberops-v2/src/components/MachineLoader.tsx:4:26)
Warning: An update to MachineLoader inside a test was not wrapped in act(...).

When testing, code that causes React state updates should be wrapped into act(...):

act(() => {
  /* fire events that update state */
});
/* assert on the output */

This ensures that you're testing the behavior the user would see in the browser. Learn more at https://reactjs.org/link/wrap-tests-with-act
    at MachineLoader (/home/pablo/cyberops-v2/src/components/MachineLoader.tsx:4:26)
Warning: An update to MachineLoader inside a test was not wrapped in act(...).

When testing, code that causes React state updates should be wrapped into act(...):

act(() => {
  /* fire events that update state */
});
/* assert on the output */

This ensures that you're testing the behavior the user would see in the browser. Learn more at https://reactjs.org/link/wrap-tests-with-act
    at MachineLoader (/home/pablo/cyberops-v2/src/components/MachineLoader.tsx:4:26)
Warning: An update to MachineLoader inside a test was not wrapped in act(...).

When testing, code that causes React state updates should be wrapped into act(...):

act(() => {
  /* fire events that update state */
});
/* assert on the output */

This ensures that you're testing the behavior the user would see in the browser. Learn more at https://reactjs.org/link/wrap-tests-with-act
    at MachineLoader (/home/pablo/cyberops-v2/src/components/MachineLoader.tsx:4:26)
Warning: An update to MachineLoader inside a test was not wrapped in act(...).

When testing, code that causes React state updates should be wrapped into act(...):

act(() => {
  /* fire events that update state */
});
/* assert on the output */

This ensures that you're testing the behavior the user would see in the browser. Learn more at https://reactjs.org/link/wrap-tests-with-act
    at MachineLoader (/home/pablo/cyberops-v2/src/components/MachineLoader.tsx:4:26)
Warning: An update to MachineLoader inside a test was not wrapped in act(...).

When testing, code that causes React state updates should be wrapped into act(...):

act(() => {
  /* fire events that update state */
});
/* assert on the output */

This ensures that you're testing the behavior the user would see in the browser. Learn more at https://reactjs.org/link/wrap-tests-with-act
    at MachineLoader (/home/pablo/cyberops-v2/src/components/MachineLoader.tsx:4:26)
Warning: An update to MachineLoader inside a test was not wrapped in act(...).

When testing, code that causes React state updates should be wrapped into act(...):

act(() => {
  /* fire events that update state */
});
/* assert on the output */

This ensures that you're testing the behavior the user would see in the browser. Learn more at https://reactjs.org/link/wrap-tests-with-act
    at MachineLoader (/home/pablo/cyberops-v2/src/components/MachineLoader.tsx:4:26)
Warning: An update to MachineLoader inside a test was not wrapped in act(...).

When testing, code that causes React state updates should be wrapped into act(...):

act(() => {
  /* fire events that update state */
});
/* assert on the output */

This ensures that you're testing the behavior the user would see in the browser. Learn more at https://reactjs.org/link/wrap-tests-with-act
    at MachineLoader (/home/pablo/cyberops-v2/src/components/MachineLoader.tsx:4:26)
Warning: An update to MachineLoader inside a test was not wrapped in act(...).

When testing, code that causes React state updates should be wrapped into act(...):

act(() => {
  /* fire events that update state */
});
/* assert on the output */

This ensures that you're testing the behavior the user would see in the browser. Learn more at https://reactjs.org/link/wrap-tests-with-act
    at MachineLoader (/home/pablo/cyberops-v2/src/components/MachineLoader.tsx:4:26)
Warning: An update to MachineLoader inside a test was not wrapped in act(...).

When testing, code that causes React state updates should be wrapped into act(...):

act(() => {
  /* fire events that update state */
});
/* assert on the output */

This ensures that you're testing the behavior the user would see in the browser. Learn more at https://reactjs.org/link/wrap-tests-with-act
    at MachineLoader (/home/pablo/cyberops-v2/src/components/MachineLoader.tsx:4:26)
Warning: An update to MachineLoader inside a test was not wrapped in act(...).

When testing, code that causes React state updates should be wrapped into act(...):

act(() => {
  /* fire events that update state */
});
/* assert on the output */

This ensures that you're testing the behavior the user would see in the browser. Learn more at https://reactjs.org/link/wrap-tests-with-act
    at MachineLoader (/home/pablo/cyberops-v2/src/components/MachineLoader.tsx:4:26)
Warning: An update to MachineLoader inside a test was not wrapped in act(...).

When testing, code that causes React state updates should be wrapped into act(...):

act(() => {
  /* fire events that update state */
});
/* assert on the output */

This ensures that you're testing the behavior the user would see in the browser. Learn more at https://reactjs.org/link/wrap-tests-with-act
    at MachineLoader (/home/pablo/cyberops-v2/src/components/MachineLoader.tsx:4:26)
Warning: An update to MachineLoader inside a test was not wrapped in act(...).

When testing, code that causes React state updates should be wrapped into act(...):

act(() => {
  /* fire events that update state */
});
/* assert on the output */

This ensures that you're testing the behavior the user would see in the browser. Learn more at https://reactjs.org/link/wrap-tests-with-act
    at MachineLoader (/home/pablo/cyberops-v2/src/components/MachineLoader.tsx:4:26)
Warning: An update to MachineLoader inside a test was not wrapped in act(...).

When testing, code that causes React state updates should be wrapped into act(...):

act(() => {
  /* fire events that update state */
});
/* assert on the output */

This ensures that you're testing the behavior the user would see in the browser. Learn more at https://reactjs.org/link/wrap-tests-with-act
    at MachineLoader (/home/pablo/cyberops-v2/src/components/MachineLoader.tsx:4:26)
Warning: An update to MachineLoader inside a test was not wrapped in act(...).

When testing, code that causes React state updates should be wrapped into act(...):

act(() => {
  /* fire events that update state */
});
/* assert on the output */

This ensures that you're testing the behavior the user would see in the browser. Learn more at https://reactjs.org/link/wrap-tests-with-act
    at MachineLoader (/home/pablo/cyberops-v2/src/components/MachineLoader.tsx:4:26)
Warning: An update to MachineLoader inside a test was not wrapped in act(...).

When testing, code that causes React state updates should be wrapped into act(...):

act(() => {
  /* fire events that update state */
});
/* assert on the output */

This ensures that you're testing the behavior the user would see in the browser. Learn more at https://reactjs.org/link/wrap-tests-with-act
    at MachineLoader (/home/pablo/cyberops-v2/src/components/MachineLoader.tsx:4:26)
Warning: An update to MachineLoader inside a test was not wrapped in act(...).

When testing, code that causes React state updates should be wrapped into act(...):

act(() => {
  /* fire events that update state */
});
/* assert on the output */

This ensures that you're testing the behavior the user would see in the browser. Learn more at https://reactjs.org/link/wrap-tests-with-act
    at MachineLoader (/home/pablo/cyberops-v2/src/components/MachineLoader.tsx:4:26)
Warning: An update to MachineLoader inside a test was not wrapped in act(...).

When testing, code that causes React state updates should be wrapped into act(...):

act(() => {
  /* fire events that update state */
});
/* assert on the output */

This ensures that you're testing the behavior the user would see in the browser. Learn more at https://reactjs.org/link/wrap-tests-with-act
    at MachineLoader (/home/pablo/cyberops-v2/src/components/MachineLoader.tsx:4:26)
Warning: An update to MachineLoader inside a test was not wrapped in act(...).

When testing, code that causes React state updates should be wrapped into act(...):

act(() => {
  /* fire events that update state */
});
/* assert on the output */

This ensures that you're testing the behavior the user would see in the browser. Learn more at https://reactjs.org/link/wrap-tests-with-act
    at MachineLoader (/home/pablo/cyberops-v2/src/components/MachineLoader.tsx:4:26)
Warning: An update to MachineLoader inside a test was not wrapped in act(...).

When testing, code that causes React state updates should be wrapped into act(...):

act(() => {
  /* fire events that update state */
});
/* assert on the output */

This ensures that you're testing the behavior the user would see in the browser. Learn more at https://reactjs.org/link/wrap-tests-with-act
    at MachineLoader (/home/pablo/cyberops-v2/src/components/MachineLoader.tsx:4:26)
Warning: An update to MachineLoader inside a test was not wrapped in act(...).

When testing, code that causes React state updates should be wrapped into act(...):

act(() => {
  /* fire events that update state */
});
/* assert on the output */

This ensures that you're testing the behavior the user would see in the browser. Learn more at https://reactjs.org/link/wrap-tests-with-act
    at MachineLoader (/home/pablo/cyberops-v2/src/components/MachineLoader.tsx:4:26)
Warning: An update to MachineLoader inside a test was not wrapped in act(...).

When testing, code that causes React state updates should be wrapped into act(...):

act(() => {
  /* fire events that update state */
});
/* assert on the output */

This ensures that you're testing the behavior the user would see in the browser. Learn more at https://reactjs.org/link/wrap-tests-with-act
    at MachineLoader (/home/pablo/cyberops-v2/src/components/MachineLoader.tsx:4:26)
Warning: An update to MachineLoader inside a test was not wrapped in act(...).

When testing, code that causes React state updates should be wrapped into act(...):

act(() => {
  /* fire events that update state */
});
/* assert on the output */

This ensures that you're testing the behavior the user would see in the browser. Learn more at https://reactjs.org/link/wrap-tests-with-act
    at MachineLoader (/home/pablo/cyberops-v2/src/components/MachineLoader.tsx:4:26)
Warning: An update to MachineLoader inside a test was not wrapped in act(...).

When testing, code that causes React state updates should be wrapped into act(...):

act(() => {
  /* fire events that update state */
});
/* assert on the output */

This ensures that you're testing the behavior the user would see in the browser. Learn more at https://reactjs.org/link/wrap-tests-with-act
    at MachineLoader (/home/pablo/cyberops-v2/src/components/MachineLoader.tsx:4:26)
Warning: An update to MachineLoader inside a test was not wrapped in act(...).

When testing, code that causes React state updates should be wrapped into act(...):

act(() => {
  /* fire events that update state */
});
/* assert on the output */

This ensures that you're testing the behavior the user would see in the browser. Learn more at https://reactjs.org/link/wrap-tests-with-act
    at MachineLoader (/home/pablo/cyberops-v2/src/components/MachineLoader.tsx:4:26)
Warning: An update to MachineLoader inside a test was not wrapped in act(...).

When testing, code that causes React state updates should be wrapped into act(...):

act(() => {
  /* fire events that update state */
});
/* assert on the output */

This ensures that you're testing the behavior the user would see in the browser. Learn more at https://reactjs.org/link/wrap-tests-with-act
    at MachineLoader (/home/pablo/cyberops-v2/src/components/MachineLoader.tsx:4:26)
Warning: An update to MachineLoader inside a test was not wrapped in act(...).

When testing, code that causes React state updates should be wrapped into act(...):

act(() => {
  /* fire events that update state */
});
/* assert on the output */

This ensures that you're testing the behavior the user would see in the browser. Learn more at https://reactjs.org/link/wrap-tests-with-act
    at MachineLoader (/home/pablo/cyberops-v2/src/components/MachineLoader.tsx:4:26)
Warning: An update to MachineLoader inside a test was not wrapped in act(...).

When testing, code that causes React state updates should be wrapped into act(...):

act(() => {
  /* fire events that update state */
});
/* assert on the output */

This ensures that you're testing the behavior the user would see in the browser. Learn more at https://reactjs.org/link/wrap-tests-with-act
    at MachineLoader (/home/pablo/cyberops-v2/src/components/MachineLoader.tsx:4:26)
Warning: An update to MachineLoader inside a test was not wrapped in act(...).

When testing, code that causes React state updates should be wrapped into act(...):

act(() => {
  /* fire events that update state */
});
/* assert on the output */

This ensures that you're testing the behavior the user would see in the browser. Learn more at https://reactjs.org/link/wrap-tests-with-act
    at MachineLoader (/home/pablo/cyberops-v2/src/components/MachineLoader.tsx:4:26)
Warning: An update to MachineLoader inside a test was not wrapped in act(...).

When testing, code that causes React state updates should be wrapped into act(...):

act(() => {
  /* fire events that update state */
});
/* assert on the output */

This ensures that you're testing the behavior the user would see in the browser. Learn more at https://reactjs.org/link/wrap-tests-with-act
    at MachineLoader (/home/pablo/cyberops-v2/src/components/MachineLoader.tsx:4:26)
Warning: An update to MachineLoader inside a test was not wrapped in act(...).

When testing, code that causes React state updates should be wrapped into act(...):

act(() => {
  /* fire events that update state */
});
/* assert on the output */

This ensures that you're testing the behavior the user would see in the browser. Learn more at https://reactjs.org/link/wrap-tests-with-act
    at MachineLoader (/home/pablo/cyberops-v2/src/components/MachineLoader.tsx:4:26)
Warning: An update to MachineLoader inside a test was not wrapped in act(...).

When testing, code that causes React state updates should be wrapped into act(...):

act(() => {
  /* fire events that update state */
});
/* assert on the output */

This ensures that you're testing the behavior the user would see in the browser. Learn more at https://reactjs.org/link/wrap-tests-with-act
    at MachineLoader (/home/pablo/cyberops-v2/src/components/MachineLoader.tsx:4:26)
Warning: An update to MachineLoader inside a test was not wrapped in act(...).

When testing, code that causes React state updates should be wrapped into act(...):

act(() => {
  /* fire events that update state */
});
/* assert on the output */

This ensures that you're testing the behavior the user would see in the browser. Learn more at https://reactjs.org/link/wrap-tests-with-act
    at MachineLoader (/home/pablo/cyberops-v2/src/components/MachineLoader.tsx:4:26)
Warning: An update to MachineLoader inside a test was not wrapped in act(...).

When testing, code that causes React state updates should be wrapped into act(...):

act(() => {
  /* fire events that update state */
});
/* assert on the output */

This ensures that you're testing the behavior the user would see in the browser. Learn more at https://reactjs.org/link/wrap-tests-with-act
    at MachineLoader (/home/pablo/cyberops-v2/src/components/MachineLoader.tsx:4:26)
Warning: An update to MachineLoader inside a test was not wrapped in act(...).

When testing, code that causes React state updates should be wrapped into act(...):

act(() => {
  /* fire events that update state */
});
/* assert on the output */

This ensures that you're testing the behavior the user would see in the browser. Learn more at https://reactjs.org/link/wrap-tests-with-act
    at MachineLoader (/home/pablo/cyberops-v2/src/components/MachineLoader.tsx:4:26)
Warning: An update to MachineLoader inside a test was not wrapped in act(...).

When testing, code that causes React state updates should be wrapped into act(...):

act(() => {
  /* fire events that update state */
});
/* assert on the output */

This ensures that you're testing the behavior the user would see in the browser. Learn more at https://reactjs.org/link/wrap-tests-with-act
    at MachineLoader (/home/pablo/cyberops-v2/src/components/MachineLoader.tsx:4:26)
Warning: An update to MachineLoader inside a test was not wrapped in act(...).

When testing, code that causes React state updates should be wrapped into act(...):

act(() => {
  /* fire events that update state */
});
/* assert on the output */

This ensures that you're testing the behavior the user would see in the browser. Learn more at https://reactjs.org/link/wrap-tests-with-act
    at MachineLoader (/home/pablo/cyberops-v2/src/components/MachineLoader.tsx:4:26)
Warning: An update to MachineLoader inside a test was not wrapped in act(...).

When testing, code that causes React state updates should be wrapped into act(...):

act(() => {
  /* fire events that update state */
});
/* assert on the output */

This ensures that you're testing the behavior the user would see in the browser. Learn more at https://reactjs.org/link/wrap-tests-with-act
    at MachineLoader (/home/pablo/cyberops-v2/src/components/MachineLoader.tsx:4:26)
Warning: An update to MachineLoader inside a test was not wrapped in act(...).

When testing, code that causes React state updates should be wrapped into act(...):

act(() => {
  /* fire events that update state */
});
/* assert on the output */

This ensures that you're testing the behavior the user would see in the browser. Learn more at https://reactjs.org/link/wrap-tests-with-act
    at MachineLoader (/home/pablo/cyberops-v2/src/components/MachineLoader.tsx:4:26)

[90mstderr[2m | src/components/__tests__/MachineLoader.test.tsx[2m > [22m[2mMachineLoader[2m > [22m[2mdebe mostrar el mensaje final cuando está completo
[22m[39mWarning: An update to MachineLoader inside a test was not wrapped in act(...).

When testing, code that causes React state updates should be wrapped into act(...):

act(() => {
  /* fire events that update state */
});
/* assert on the output */

This ensures that you're testing the behavior the user would see in the browser. Learn more at https://reactjs.org/link/wrap-tests-with-act
    at MachineLoader (/home/pablo/cyberops-v2/src/components/MachineLoader.tsx:4:26)
Warning: An update to MachineLoader inside a test was not wrapped in act(...).

When testing, code that causes React state updates should be wrapped into act(...):

act(() => {
  /* fire events that update state */
});
/* assert on the output */

This ensures that you're testing the behavior the user would see in the browser. Learn more at https://reactjs.org/link/wrap-tests-with-act
    at MachineLoader (/home/pablo/cyberops-v2/src/components/MachineLoader.tsx:4:26)
Warning: An update to MachineLoader inside a test was not wrapped in act(...).

When testing, code that causes React state updates should be wrapped into act(...):

act(() => {
  /* fire events that update state */
});
/* assert on the output */

This ensures that you're testing the behavior the user would see in the browser. Learn more at https://reactjs.org/link/wrap-tests-with-act
    at MachineLoader (/home/pablo/cyberops-v2/src/components/MachineLoader.tsx:4:26)
Warning: An update to MachineLoader inside a test was not wrapped in act(...).

When testing, code that causes React state updates should be wrapped into act(...):

act(() => {
  /* fire events that update state */
});
/* assert on the output */

This ensures that you're testing the behavior the user would see in the browser. Learn more at https://reactjs.org/link/wrap-tests-with-act
    at MachineLoader (/home/pablo/cyberops-v2/src/components/MachineLoader.tsx:4:26)
Warning: An update to MachineLoader inside a test was not wrapped in act(...).

When testing, code that causes React state updates should be wrapped into act(...):

act(() => {
  /* fire events that update state */
});
/* assert on the output */

This ensures that you're testing the behavior the user would see in the browser. Learn more at https://reactjs.org/link/wrap-tests-with-act
    at MachineLoader (/home/pablo/cyberops-v2/src/components/MachineLoader.tsx:4:26)
Warning: An update to MachineLoader inside a test was not wrapped in act(...).

When testing, code that causes React state updates should be wrapped into act(...):

act(() => {
  /* fire events that update state */
});
/* assert on the output */

This ensures that you're testing the behavior the user would see in the browser. Learn more at https://reactjs.org/link/wrap-tests-with-act
    at MachineLoader (/home/pablo/cyberops-v2/src/components/MachineLoader.tsx:4:26)
Warning: An update to MachineLoader inside a test was not wrapped in act(...).

When testing, code that causes React state updates should be wrapped into act(...):

act(() => {
  /* fire events that update state */
});
/* assert on the output */

This ensures that you're testing the behavior the user would see in the browser. Learn more at https://reactjs.org/link/wrap-tests-with-act
    at MachineLoader (/home/pablo/cyberops-v2/src/components/MachineLoader.tsx:4:26)
Warning: An update to MachineLoader inside a test was not wrapped in act(...).

When testing, code that causes React state updates should be wrapped into act(...):

act(() => {
  /* fire events that update state */
});
/* assert on the output */

This ensures that you're testing the behavior the user would see in the browser. Learn more at https://reactjs.org/link/wrap-tests-with-act
    at MachineLoader (/home/pablo/cyberops-v2/src/components/MachineLoader.tsx:4:26)
Warning: An update to MachineLoader inside a test was not wrapped in act(...).

When testing, code that causes React state updates should be wrapped into act(...):

act(() => {
  /* fire events that update state */
});
/* assert on the output */

This ensures that you're testing the behavior the user would see in the browser. Learn more at https://reactjs.org/link/wrap-tests-with-act
    at MachineLoader (/home/pablo/cyberops-v2/src/components/MachineLoader.tsx:4:26)
Warning: An update to MachineLoader inside a test was not wrapped in act(...).

When testing, code that causes React state updates should be wrapped into act(...):

act(() => {
  /* fire events that update state */
});
/* assert on the output */

This ensures that you're testing the behavior the user would see in the browser. Learn more at https://reactjs.org/link/wrap-tests-with-act
    at MachineLoader (/home/pablo/cyberops-v2/src/components/MachineLoader.tsx:4:26)
Warning: An update to MachineLoader inside a test was not wrapped in act(...).

When testing, code that causes React state updates should be wrapped into act(...):

act(() => {
  /* fire events that update state */
});
/* assert on the output */

This ensures that you're testing the behavior the user would see in the browser. Learn more at https://reactjs.org/link/wrap-tests-with-act
    at MachineLoader (/home/pablo/cyberops-v2/src/components/MachineLoader.tsx:4:26)
Warning: An update to MachineLoader inside a test was not wrapped in act(...).

When testing, code that causes React state updates should be wrapped into act(...):

act(() => {
  /* fire events that update state */
});
/* assert on the output */

This ensures that you're testing the behavior the user would see in the browser. Learn more at https://reactjs.org/link/wrap-tests-with-act
    at MachineLoader (/home/pablo/cyberops-v2/src/components/MachineLoader.tsx:4:26)
Warning: An update to MachineLoader inside a test was not wrapped in act(...).

When testing, code that causes React state updates should be wrapped into act(...):

act(() => {
  /* fire events that update state */
});
/* assert on the output */

This ensures that you're testing the behavior the user would see in the browser. Learn more at https://reactjs.org/link/wrap-tests-with-act
    at MachineLoader (/home/pablo/cyberops-v2/src/components/MachineLoader.tsx:4:26)
Warning: An update to MachineLoader inside a test was not wrapped in act(...).

When testing, code that causes React state updates should be wrapped into act(...):

act(() => {
  /* fire events that update state */
});
/* assert on the output */

This ensures that you're testing the behavior the user would see in the browser. Learn more at https://reactjs.org/link/wrap-tests-with-act
    at MachineLoader (/home/pablo/cyberops-v2/src/components/MachineLoader.tsx:4:26)
Warning: An update to MachineLoader inside a test was not wrapped in act(...).

When testing, code that causes React state updates should be wrapped into act(...):

act(() => {
  /* fire events that update state */
});
/* assert on the output */

This ensures that you're testing the behavior the user would see in the browser. Learn more at https://reactjs.org/link/wrap-tests-with-act
    at MachineLoader (/home/pablo/cyberops-v2/src/components/MachineLoader.tsx:4:26)
Warning: An update to MachineLoader inside a test was not wrapped in act(...).

When testing, code that causes React state updates should be wrapped into act(...):

act(() => {
  /* fire events that update state */
});
/* assert on the output */

This ensures that you're testing the behavior the user would see in the browser. Learn more at https://reactjs.org/link/wrap-tests-with-act
    at MachineLoader (/home/pablo/cyberops-v2/src/components/MachineLoader.tsx:4:26)
Warning: An update to MachineLoader inside a test was not wrapped in act(...).

When testing, code that causes React state updates should be wrapped into act(...):

act(() => {
  /* fire events that update state */
});
/* assert on the output */

This ensures that you're testing the behavior the user would see in the browser. Learn more at https://reactjs.org/link/wrap-tests-with-act
    at MachineLoader (/home/pablo/cyberops-v2/src/components/MachineLoader.tsx:4:26)
Warning: An update to MachineLoader inside a test was not wrapped in act(...).

When testing, code that causes React state updates should be wrapped into act(...):

act(() => {
  /* fire events that update state */
});
/* assert on the output */

This ensures that you're testing the behavior the user would see in the browser. Learn more at https://reactjs.org/link/wrap-tests-with-act
    at MachineLoader (/home/pablo/cyberops-v2/src/components/MachineLoader.tsx:4:26)
Warning: An update to MachineLoader inside a test was not wrapped in act(...).

When testing, code that causes React state updates should be wrapped into act(...):

act(() => {
  /* fire events that update state */
});
/* assert on the output */

This ensures that you're testing the behavior the user would see in the browser. Learn more at https://reactjs.org/link/wrap-tests-with-act
    at MachineLoader (/home/pablo/cyberops-v2/src/components/MachineLoader.tsx:4:26)
Warning: An update to MachineLoader inside a test was not wrapped in act(...).

When testing, code that causes React state updates should be wrapped into act(...):

act(() => {
  /* fire events that update state */
});
/* assert on the output */

This ensures that you're testing the behavior the user would see in the browser. Learn more at https://reactjs.org/link/wrap-tests-with-act
    at MachineLoader (/home/pablo/cyberops-v2/src/components/MachineLoader.tsx:4:26)
Warning: An update to MachineLoader inside a test was not wrapped in act(...).

When testing, code that causes React state updates should be wrapped into act(...):

act(() => {
  /* fire events that update state */
});
/* assert on the output */

This ensures that you're testing the behavior the user would see in the browser. Learn more at https://reactjs.org/link/wrap-tests-with-act
    at MachineLoader (/home/pablo/cyberops-v2/src/components/MachineLoader.tsx:4:26)
Warning: An update to MachineLoader inside a test was not wrapped in act(...).

When testing, code that causes React state updates should be wrapped into act(...):

act(() => {
  /* fire events that update state */
});
/* assert on the output */

This ensures that you're testing the behavior the user would see in the browser. Learn more at https://reactjs.org/link/wrap-tests-with-act
    at MachineLoader (/home/pablo/cyberops-v2/src/components/MachineLoader.tsx:4:26)
Warning: An update to MachineLoader inside a test was not wrapped in act(...).

When testing, code that causes React state updates should be wrapped into act(...):

act(() => {
  /* fire events that update state */
});
/* assert on the output */

This ensures that you're testing the behavior the user would see in the browser. Learn more at https://reactjs.org/link/wrap-tests-with-act
    at MachineLoader (/home/pablo/cyberops-v2/src/components/MachineLoader.tsx:4:26)
Warning: An update to MachineLoader inside a test was not wrapped in act(...).

When testing, code that causes React state updates should be wrapped into act(...):

act(() => {
  /* fire events that update state */
});
/* assert on the output */

This ensures that you're testing the behavior the user would see in the browser. Learn more at https://reactjs.org/link/wrap-tests-with-act
    at MachineLoader (/home/pablo/cyberops-v2/src/components/MachineLoader.tsx:4:26)
Warning: An update to MachineLoader inside a test was not wrapped in act(...).

When testing, code that causes React state updates should be wrapped into act(...):

act(() => {
  /* fire events that update state */
});
/* assert on the output */

This ensures that you're testing the behavior the user would see in the browser. Learn more at https://reactjs.org/link/wrap-tests-with-act
    at MachineLoader (/home/pablo/cyberops-v2/src/components/MachineLoader.tsx:4:26)
Warning: An update to MachineLoader inside a test was not wrapped in act(...).

When testing, code that causes React state updates should be wrapped into act(...):

act(() => {
  /* fire events that update state */
});
/* assert on the output */

This ensures that you're testing the behavior the user would see in the browser. Learn more at https://reactjs.org/link/wrap-tests-with-act
    at MachineLoader (/home/pablo/cyberops-v2/src/components/MachineLoader.tsx:4:26)
Warning: An update to MachineLoader inside a test was not wrapped in act(...).

When testing, code that causes React state updates should be wrapped into act(...):

act(() => {
  /* fire events that update state */
});
/* assert on the output */

This ensures that you're testing the behavior the user would see in the browser. Learn more at https://reactjs.org/link/wrap-tests-with-act
    at MachineLoader (/home/pablo/cyberops-v2/src/components/MachineLoader.tsx:4:26)
Warning: An update to MachineLoader inside a test was not wrapped in act(...).

When testing, code that causes React state updates should be wrapped into act(...):

act(() => {
  /* fire events that update state */
});
/* assert on the output */

This ensures that you're testing the behavior the user would see in the browser. Learn more at https://reactjs.org/link/wrap-tests-with-act
    at MachineLoader (/home/pablo/cyberops-v2/src/components/MachineLoader.tsx:4:26)
Warning: An update to MachineLoader inside a test was not wrapped in act(...).

When testing, code that causes React state updates should be wrapped into act(...):

act(() => {
  /* fire events that update state */
});
/* assert on the output */

This ensures that you're testing the behavior the user would see in the browser. Learn more at https://reactjs.org/link/wrap-tests-with-act
    at MachineLoader (/home/pablo/cyberops-v2/src/components/MachineLoader.tsx:4:26)
Warning: An update to MachineLoader inside a test was not wrapped in act(...).

When testing, code that causes React state updates should be wrapped into act(...):

act(() => {
  /* fire events that update state */
});
/* assert on the output */

This ensures that you're testing the behavior the user would see in the browser. Learn more at https://reactjs.org/link/wrap-tests-with-act
    at MachineLoader (/home/pablo/cyberops-v2/src/components/MachineLoader.tsx:4:26)
Warning: An update to MachineLoader inside a test was not wrapped in act(...).

When testing, code that causes React state updates should be wrapped into act(...):

act(() => {
  /* fire events that update state */
});
/* assert on the output */

This ensures that you're testing the behavior the user would see in the browser. Learn more at https://reactjs.org/link/wrap-tests-with-act
    at MachineLoader (/home/pablo/cyberops-v2/src/components/MachineLoader.tsx:4:26)
Warning: An update to MachineLoader inside a test was not wrapped in act(...).

When testing, code that causes React state updates should be wrapped into act(...):

act(() => {
  /* fire events that update state */
});
/* assert on the output */

This ensures that you're testing the behavior the user would see in the browser. Learn more at https://reactjs.org/link/wrap-tests-with-act
    at MachineLoader (/home/pablo/cyberops-v2/src/components/MachineLoader.tsx:4:26)
Warning: An update to MachineLoader inside a test was not wrapped in act(...).

When testing, code that causes React state updates should be wrapped into act(...):

act(() => {
  /* fire events that update state */
});
/* assert on the output */

This ensures that you're testing the behavior the user would see in the browser. Learn more at https://reactjs.org/link/wrap-tests-with-act
    at MachineLoader (/home/pablo/cyberops-v2/src/components/MachineLoader.tsx:4:26)
Warning: An update to MachineLoader inside a test was not wrapped in act(...).

When testing, code that causes React state updates should be wrapped into act(...):

act(() => {
  /* fire events that update state */
});
/* assert on the output */

This ensures that you're testing the behavior the user would see in the browser. Learn more at https://reactjs.org/link/wrap-tests-with-act
    at MachineLoader (/home/pablo/cyberops-v2/src/components/MachineLoader.tsx:4:26)
Warning: An update to MachineLoader inside a test was not wrapped in act(...).

When testing, code that causes React state updates should be wrapped into act(...):

act(() => {
  /* fire events that update state */
});
/* assert on the output */

This ensures that you're testing the behavior the user would see in the browser. Learn more at https://reactjs.org/link/wrap-tests-with-act
    at MachineLoader (/home/pablo/cyberops-v2/src/components/MachineLoader.tsx:4:26)
Warning: An update to MachineLoader inside a test was not wrapped in act(...).

When testing, code that causes React state updates should be wrapped into act(...):

act(() => {
  /* fire events that update state */
});
/* assert on the output */

This ensures that you're testing the behavior the user would see in the browser. Learn more at https://reactjs.org/link/wrap-tests-with-act
    at MachineLoader (/home/pablo/cyberops-v2/src/components/MachineLoader.tsx:4:26)
Warning: An update to MachineLoader inside a test was not wrapped in act(...).

When testing, code that causes React state updates should be wrapped into act(...):

act(() => {
  /* fire events that update state */
});
/* assert on the output */

This ensures that you're testing the behavior the user would see in the browser. Learn more at https://reactjs.org/link/wrap-tests-with-act
    at MachineLoader (/home/pablo/cyberops-v2/src/components/MachineLoader.tsx:4:26)
Warning: An update to MachineLoader inside a test was not wrapped in act(...).

When testing, code that causes React state updates should be wrapped into act(...):

act(() => {
  /* fire events that update state */
});
/* assert on the output */

This ensures that you're testing the behavior the user would see in the browser. Learn more at https://reactjs.org/link/wrap-tests-with-act
    at MachineLoader (/home/pablo/cyberops-v2/src/components/MachineLoader.tsx:4:26)
Warning: An update to MachineLoader inside a test was not wrapped in act(...).

When testing, code that causes React state updates should be wrapped into act(...):

act(() => {
  /* fire events that update state */
});
/* assert on the output */

This ensures that you're testing the behavior the user would see in the browser. Learn more at https://reactjs.org/link/wrap-tests-with-act
    at MachineLoader (/home/pablo/cyberops-v2/src/components/MachineLoader.tsx:4:26)
Warning: An update to MachineLoader inside a test was not wrapped in act(...).

When testing, code that causes React state updates should be wrapped into act(...):

act(() => {
  /* fire events that update state */
});
/* assert on the output */

This ensures that you're testing the behavior the user would see in the browser. Learn more at https://reactjs.org/link/wrap-tests-with-act
    at MachineLoader (/home/pablo/cyberops-v2/src/components/MachineLoader.tsx:4:26)
Warning: An update to MachineLoader inside a test was not wrapped in act(...).

When testing, code that causes React state updates should be wrapped into act(...):

act(() => {
  /* fire events that update state */
});
/* assert on the output */

This ensures that you're testing the behavior the user would see in the browser. Learn more at https://reactjs.org/link/wrap-tests-with-act
    at MachineLoader (/home/pablo/cyberops-v2/src/components/MachineLoader.tsx:4:26)
Warning: An update to MachineLoader inside a test was not wrapped in act(...).

When testing, code that causes React state updates should be wrapped into act(...):

act(() => {
  /* fire events that update state */
});
/* assert on the output */

This ensures that you're testing the behavior the user would see in the browser. Learn more at https://reactjs.org/link/wrap-tests-with-act
    at MachineLoader (/home/pablo/cyberops-v2/src/components/MachineLoader.tsx:4:26)
Warning: An update to MachineLoader inside a test was not wrapped in act(...).

When testing, code that causes React state updates should be wrapped into act(...):

act(() => {
  /* fire events that update state */
});
/* assert on the output */

This ensures that you're testing the behavior the user would see in the browser. Learn more at https://reactjs.org/link/wrap-tests-with-act
    at MachineLoader (/home/pablo/cyberops-v2/src/components/MachineLoader.tsx:4:26)
Warning: An update to MachineLoader inside a test was not wrapped in act(...).

When testing, code that causes React state updates should be wrapped into act(...):

act(() => {
  /* fire events that update state */
});
/* assert on the output */

This ensures that you're testing the behavior the user would see in the browser. Learn more at https://reactjs.org/link/wrap-tests-with-act
    at MachineLoader (/home/pablo/cyberops-v2/src/components/MachineLoader.tsx:4:26)
Warning: An update to MachineLoader inside a test was not wrapped in act(...).

When testing, code that causes React state updates should be wrapped into act(...):

act(() => {
  /* fire events that update state */
});
/* assert on the output */

This ensures that you're testing the behavior the user would see in the browser. Learn more at https://reactjs.org/link/wrap-tests-with-act
    at MachineLoader (/home/pablo/cyberops-v2/src/components/MachineLoader.tsx:4:26)
Warning: An update to MachineLoader inside a test was not wrapped in act(...).

When testing, code that causes React state updates should be wrapped into act(...):

act(() => {
  /* fire events that update state */
});
/* assert on the output */

This ensures that you're testing the behavior the user would see in the browser. Learn more at https://reactjs.org/link/wrap-tests-with-act
    at MachineLoader (/home/pablo/cyberops-v2/src/components/MachineLoader.tsx:4:26)
Warning: An update to MachineLoader inside a test was not wrapped in act(...).

When testing, code that causes React state updates should be wrapped into act(...):

act(() => {
  /* fire events that update state */
});
/* assert on the output */

This ensures that you're testing the behavior the user would see in the browser. Learn more at https://reactjs.org/link/wrap-tests-with-act
    at MachineLoader (/home/pablo/cyberops-v2/src/components/MachineLoader.tsx:4:26)
Warning: An update to MachineLoader inside a test was not wrapped in act(...).

When testing, code that causes React state updates should be wrapped into act(...):

act(() => {
  /* fire events that update state */
});
/* assert on the output */

This ensures that you're testing the behavior the user would see in the browser. Learn more at https://reactjs.org/link/wrap-tests-with-act
    at MachineLoader (/home/pablo/cyberops-v2/src/components/MachineLoader.tsx:4:26)
Warning: An update to MachineLoader inside a test was not wrapped in act(...).

When testing, code that causes React state updates should be wrapped into act(...):

act(() => {
  /* fire events that update state */
});
/* assert on the output */

This ensures that you're testing the behavior the user would see in the browser. Learn more at https://reactjs.org/link/wrap-tests-with-act
    at MachineLoader (/home/pablo/cyberops-v2/src/components/MachineLoader.tsx:4:26)
Warning: An update to MachineLoader inside a test was not wrapped in act(...).

When testing, code that causes React state updates should be wrapped into act(...):

act(() => {
  /* fire events that update state */
});
/* assert on the output */

This ensures that you're testing the behavior the user would see in the browser. Learn more at https://reactjs.org/link/wrap-tests-with-act
    at MachineLoader (/home/pablo/cyberops-v2/src/components/MachineLoader.tsx:4:26)
Warning: An update to MachineLoader inside a test was not wrapped in act(...).

When testing, code that causes React state updates should be wrapped into act(...):

act(() => {
  /* fire events that update state */
});
/* assert on the output */

This ensures that you're testing the behavior the user would see in the browser. Learn more at https://reactjs.org/link/wrap-tests-with-act
    at MachineLoader (/home/pablo/cyberops-v2/src/components/MachineLoader.tsx:4:26)
Warning: An update to MachineLoader inside a test was not wrapped in act(...).

When testing, code that causes React state updates should be wrapped into act(...):

act(() => {
  /* fire events that update state */
});
/* assert on the output */

This ensures that you're testing the behavior the user would see in the browser. Learn more at https://reactjs.org/link/wrap-tests-with-act
    at MachineLoader (/home/pablo/cyberops-v2/src/components/MachineLoader.tsx:4:26)
Warning: An update to MachineLoader inside a test was not wrapped in act(...).

When testing, code that causes React state updates should be wrapped into act(...):

act(() => {
  /* fire events that update state */
});
/* assert on the output */

This ensures that you're testing the behavior the user would see in the browser. Learn more at https://reactjs.org/link/wrap-tests-with-act
    at MachineLoader (/home/pablo/cyberops-v2/src/components/MachineLoader.tsx:4:26)
Warning: An update to MachineLoader inside a test was not wrapped in act(...).

When testing, code that causes React state updates should be wrapped into act(...):

act(() => {
  /* fire events that update state */
});
/* assert on the output */

This ensures that you're testing the behavior the user would see in the browser. Learn more at https://reactjs.org/link/wrap-tests-with-act
    at MachineLoader (/home/pablo/cyberops-v2/src/components/MachineLoader.tsx:4:26)
Warning: An update to MachineLoader inside a test was not wrapped in act(...).

When testing, code that causes React state updates should be wrapped into act(...):

act(() => {
  /* fire events that update state */
});
/* assert on the output */

This ensures that you're testing the behavior the user would see in the browser. Learn more at https://reactjs.org/link/wrap-tests-with-act
    at MachineLoader (/home/pablo/cyberops-v2/src/components/MachineLoader.tsx:4:26)
Warning: An update to MachineLoader inside a test was not wrapped in act(...).

When testing, code that causes React state updates should be wrapped into act(...):

act(() => {
  /* fire events that update state */
});
/* assert on the output */

This ensures that you're testing the behavior the user would see in the browser. Learn more at https://reactjs.org/link/wrap-tests-with-act
    at MachineLoader (/home/pablo/cyberops-v2/src/components/MachineLoader.tsx:4:26)
Warning: An update to MachineLoader inside a test was not wrapped in act(...).

When testing, code that causes React state updates should be wrapped into act(...):

act(() => {
  /* fire events that update state */
});
/* assert on the output */

This ensures that you're testing the behavior the user would see in the browser. Learn more at https://reactjs.org/link/wrap-tests-with-act
    at MachineLoader (/home/pablo/cyberops-v2/src/components/MachineLoader.tsx:4:26)
Warning: An update to MachineLoader inside a test was not wrapped in act(...).

When testing, code that causes React state updates should be wrapped into act(...):

act(() => {
  /* fire events that update state */
});
/* assert on the output */

This ensures that you're testing the behavior the user would see in the browser. Learn more at https://reactjs.org/link/wrap-tests-with-act
    at MachineLoader (/home/pablo/cyberops-v2/src/components/MachineLoader.tsx:4:26)
Warning: An update to MachineLoader inside a test was not wrapped in act(...).

When testing, code that causes React state updates should be wrapped into act(...):

act(() => {
  /* fire events that update state */
});
/* assert on the output */

This ensures that you're testing the behavior the user would see in the browser. Learn more at https://reactjs.org/link/wrap-tests-with-act
    at MachineLoader (/home/pablo/cyberops-v2/src/components/MachineLoader.tsx:4:26)
Warning: An update to MachineLoader inside a test was not wrapped in act(...).

When testing, code that causes React state updates should be wrapped into act(...):

act(() => {
  /* fire events that update state */
});
/* assert on the output */

This ensures that you're testing the behavior the user would see in the browser. Learn more at https://reactjs.org/link/wrap-tests-with-act
    at MachineLoader (/home/pablo/cyberops-v2/src/components/MachineLoader.tsx:4:26)
Warning: An update to MachineLoader inside a test was not wrapped in act(...).

When testing, code that causes React state updates should be wrapped into act(...):

act(() => {
  /* fire events that update state */
});
/* assert on the output */

This ensures that you're testing the behavior the user would see in the browser. Learn more at https://reactjs.org/link/wrap-tests-with-act
    at MachineLoader (/home/pablo/cyberops-v2/src/components/MachineLoader.tsx:4:26)
Warning: An update to MachineLoader inside a test was not wrapped in act(...).

When testing, code that causes React state updates should be wrapped into act(...):

act(() => {
  /* fire events that update state */
});
/* assert on the output */

This ensures that you're testing the behavior the user would see in the browser. Learn more at https://reactjs.org/link/wrap-tests-with-act
    at MachineLoader (/home/pablo/cyberops-v2/src/components/MachineLoader.tsx:4:26)
Warning: An update to MachineLoader inside a test was not wrapped in act(...).

When testing, code that causes React state updates should be wrapped into act(...):

act(() => {
  /* fire events that update state */
});
/* assert on the output */

This ensures that you're testing the behavior the user would see in the browser. Learn more at https://reactjs.org/link/wrap-tests-with-act
    at MachineLoader (/home/pablo/cyberops-v2/src/components/MachineLoader.tsx:4:26)
Warning: An update to MachineLoader inside a test was not wrapped in act(...).

When testing, code that causes React state updates should be wrapped into act(...):

act(() => {
  /* fire events that update state */
});
/* assert on the output */

This ensures that you're testing the behavior the user would see in the browser. Learn more at https://reactjs.org/link/wrap-tests-with-act
    at MachineLoader (/home/pablo/cyberops-v2/src/components/MachineLoader.tsx:4:26)
Warning: An update to MachineLoader inside a test was not wrapped in act(...).

When testing, code that causes React state updates should be wrapped into act(...):

act(() => {
  /* fire events that update state */
});
/* assert on the output */

This ensures that you're testing the behavior the user would see in the browser. Learn more at https://reactjs.org/link/wrap-tests-with-act
    at MachineLoader (/home/pablo/cyberops-v2/src/components/MachineLoader.tsx:4:26)
Warning: An update to MachineLoader inside a test was not wrapped in act(...).

When testing, code that causes React state updates should be wrapped into act(...):

act(() => {
  /* fire events that update state */
});
/* assert on the output */

This ensures that you're testing the behavior the user would see in the browser. Learn more at https://reactjs.org/link/wrap-tests-with-act
    at MachineLoader (/home/pablo/cyberops-v2/src/components/MachineLoader.tsx:4:26)
Warning: An update to MachineLoader inside a test was not wrapped in act(...).

When testing, code that causes React state updates should be wrapped into act(...):

act(() => {
  /* fire events that update state */
});
/* assert on the output */

This ensures that you're testing the behavior the user would see in the browser. Learn more at https://reactjs.org/link/wrap-tests-with-act
    at MachineLoader (/home/pablo/cyberops-v2/src/components/MachineLoader.tsx:4:26)
Warning: An update to MachineLoader inside a test was not wrapped in act(...).

When testing, code that causes React state updates should be wrapped into act(...):

act(() => {
  /* fire events that update state */
});
/* assert on the output */

This ensures that you're testing the behavior the user would see in the browser. Learn more at https://reactjs.org/link/wrap-tests-with-act
    at MachineLoader (/home/pablo/cyberops-v2/src/components/MachineLoader.tsx:4:26)
Warning: An update to MachineLoader inside a test was not wrapped in act(...).

When testing, code that causes React state updates should be wrapped into act(...):

act(() => {
  /* fire events that update state */
});
/* assert on the output */

This ensures that you're testing the behavior the user would see in the browser. Learn more at https://reactjs.org/link/wrap-tests-with-act
    at MachineLoader (/home/pablo/cyberops-v2/src/components/MachineLoader.tsx:4:26)
Warning: An update to MachineLoader inside a test was not wrapped in act(...).

When testing, code that causes React state updates should be wrapped into act(...):

act(() => {
  /* fire events that update state */
});
/* assert on the output */

This ensures that you're testing the behavior the user would see in the browser. Learn more at https://reactjs.org/link/wrap-tests-with-act
    at MachineLoader (/home/pablo/cyberops-v2/src/components/MachineLoader.tsx:4:26)
Warning: An update to MachineLoader inside a test was not wrapped in act(...).

When testing, code that causes React state updates should be wrapped into act(...):

act(() => {
  /* fire events that update state */
});
/* assert on the output */

This ensures that you're testing the behavior the user would see in the browser. Learn more at https://reactjs.org/link/wrap-tests-with-act
    at MachineLoader (/home/pablo/cyberops-v2/src/components/MachineLoader.tsx:4:26)
Warning: An update to MachineLoader inside a test was not wrapped in act(...).

When testing, code that causes React state updates should be wrapped into act(...):

act(() => {
  /* fire events that update state */
});
/* assert on the output */

This ensures that you're testing the behavior the user would see in the browser. Learn more at https://reactjs.org/link/wrap-tests-with-act
    at MachineLoader (/home/pablo/cyberops-v2/src/components/MachineLoader.tsx:4:26)
Warning: An update to MachineLoader inside a test was not wrapped in act(...).

When testing, code that causes React state updates should be wrapped into act(...):

act(() => {
  /* fire events that update state */
});
/* assert on the output */

This ensures that you're testing the behavior the user would see in the browser. Learn more at https://reactjs.org/link/wrap-tests-with-act
    at MachineLoader (/home/pablo/cyberops-v2/src/components/MachineLoader.tsx:4:26)
Warning: An update to MachineLoader inside a test was not wrapped in act(...).

When testing, code that causes React state updates should be wrapped into act(...):

act(() => {
  /* fire events that update state */
});
/* assert on the output */

This ensures that you're testing the behavior the user would see in the browser. Learn more at https://reactjs.org/link/wrap-tests-with-act
    at MachineLoader (/home/pablo/cyberops-v2/src/components/MachineLoader.tsx:4:26)
Warning: An update to MachineLoader inside a test was not wrapped in act(...).

When testing, code that causes React state updates should be wrapped into act(...):

act(() => {
  /* fire events that update state */
});
/* assert on the output */

This ensures that you're testing the behavior the user would see in the browser. Learn more at https://reactjs.org/link/wrap-tests-with-act
    at MachineLoader (/home/pablo/cyberops-v2/src/components/MachineLoader.tsx:4:26)
Warning: An update to MachineLoader inside a test was not wrapped in act(...).

When testing, code that causes React state updates should be wrapped into act(...):

act(() => {
  /* fire events that update state */
});
/* assert on the output */

This ensures that you're testing the behavior the user would see in the browser. Learn more at https://reactjs.org/link/wrap-tests-with-act
    at MachineLoader (/home/pablo/cyberops-v2/src/components/MachineLoader.tsx:4:26)
Warning: An update to MachineLoader inside a test was not wrapped in act(...).

When testing, code that causes React state updates should be wrapped into act(...):

act(() => {
  /* fire events that update state */
});
/* assert on the output */

This ensures that you're testing the behavior the user would see in the browser. Learn more at https://reactjs.org/link/wrap-tests-with-act
    at MachineLoader (/home/pablo/cyberops-v2/src/components/MachineLoader.tsx:4:26)
Warning: An update to MachineLoader inside a test was not wrapped in act(...).

When testing, code that causes React state updates should be wrapped into act(...):

act(() => {
  /* fire events that update state */
});
/* assert on the output */

This ensures that you're testing the behavior the user would see in the browser. Learn more at https://reactjs.org/link/wrap-tests-with-act
    at MachineLoader (/home/pablo/cyberops-v2/src/components/MachineLoader.tsx:4:26)
Warning: An update to MachineLoader inside a test was not wrapped in act(...).

When testing, code that causes React state updates should be wrapped into act(...):

act(() => {
  /* fire events that update state */
});
/* assert on the output */

This ensures that you're testing the behavior the user would see in the browser. Learn more at https://reactjs.org/link/wrap-tests-with-act
    at MachineLoader (/home/pablo/cyberops-v2/src/components/MachineLoader.tsx:4:26)
Warning: An update to MachineLoader inside a test was not wrapped in act(...).

When testing, code that causes React state updates should be wrapped into act(...):

act(() => {
  /* fire events that update state */
});
/* assert on the output */

This ensures that you're testing the behavior the user would see in the browser. Learn more at https://reactjs.org/link/wrap-tests-with-act
    at MachineLoader (/home/pablo/cyberops-v2/src/components/MachineLoader.tsx:4:26)
Warning: An update to MachineLoader inside a test was not wrapped in act(...).

When testing, code that causes React state updates should be wrapped into act(...):

act(() => {
  /* fire events that update state */
});
/* assert on the output */

This ensures that you're testing the behavior the user would see in the browser. Learn more at https://reactjs.org/link/wrap-tests-with-act
    at MachineLoader (/home/pablo/cyberops-v2/src/components/MachineLoader.tsx:4:26)
Warning: An update to MachineLoader inside a test was not wrapped in act(...).

When testing, code that causes React state updates should be wrapped into act(...):

act(() => {
  /* fire events that update state */
});
/* assert on the output */

This ensures that you're testing the behavior the user would see in the browser. Learn more at https://reactjs.org/link/wrap-tests-with-act
    at MachineLoader (/home/pablo/cyberops-v2/src/components/MachineLoader.tsx:4:26)
Warning: An update to MachineLoader inside a test was not wrapped in act(...).

When testing, code that causes React state updates should be wrapped into act(...):

act(() => {
  /* fire events that update state */
});
/* assert on the output */

This ensures that you're testing the behavior the user would see in the browser. Learn more at https://reactjs.org/link/wrap-tests-with-act
    at MachineLoader (/home/pablo/cyberops-v2/src/components/MachineLoader.tsx:4:26)
Warning: An update to MachineLoader inside a test was not wrapped in act(...).

When testing, code that causes React state updates should be wrapped into act(...):

act(() => {
  /* fire events that update state */
});
/* assert on the output */

This ensures that you're testing the behavior the user would see in the browser. Learn more at https://reactjs.org/link/wrap-tests-with-act
    at MachineLoader (/home/pablo/cyberops-v2/src/components/MachineLoader.tsx:4:26)
Warning: An update to MachineLoader inside a test was not wrapped in act(...).

When testing, code that causes React state updates should be wrapped into act(...):

act(() => {
  /* fire events that update state */
});
/* assert on the output */

This ensures that you're testing the behavior the user would see in the browser. Learn more at https://reactjs.org/link/wrap-tests-with-act
    at MachineLoader (/home/pablo/cyberops-v2/src/components/MachineLoader.tsx:4:26)
Warning: An update to MachineLoader inside a test was not wrapped in act(...).

When testing, code that causes React state updates should be wrapped into act(...):

act(() => {
  /* fire events that update state */
});
/* assert on the output */

This ensures that you're testing the behavior the user would see in the browser. Learn more at https://reactjs.org/link/wrap-tests-with-act
    at MachineLoader (/home/pablo/cyberops-v2/src/components/MachineLoader.tsx:4:26)
Warning: An update to MachineLoader inside a test was not wrapped in act(...).

When testing, code that causes React state updates should be wrapped into act(...):

act(() => {
  /* fire events that update state */
});
/* assert on the output */

This ensures that you're testing the behavior the user would see in the browser. Learn more at https://reactjs.org/link/wrap-tests-with-act
    at MachineLoader (/home/pablo/cyberops-v2/src/components/MachineLoader.tsx:4:26)
Warning: An update to MachineLoader inside a test was not wrapped in act(...).

When testing, code that causes React state updates should be wrapped into act(...):

act(() => {
  /* fire events that update state */
});
/* assert on the output */

This ensures that you're testing the behavior the user would see in the browser. Learn more at https://reactjs.org/link/wrap-tests-with-act
    at MachineLoader (/home/pablo/cyberops-v2/src/components/MachineLoader.tsx:4:26)
Warning: An update to MachineLoader inside a test was not wrapped in act(...).

When testing, code that causes React state updates should be wrapped into act(...):

act(() => {
  /* fire events that update state */
});
/* assert on the output */

This ensures that you're testing the behavior the user would see in the browser. Learn more at https://reactjs.org/link/wrap-tests-with-act
    at MachineLoader (/home/pablo/cyberops-v2/src/components/MachineLoader.tsx:4:26)
Warning: An update to MachineLoader inside a test was not wrapped in act(...).

When testing, code that causes React state updates should be wrapped into act(...):

act(() => {
  /* fire events that update state */
});
/* assert on the output */

This ensures that you're testing the behavior the user would see in the browser. Learn more at https://reactjs.org/link/wrap-tests-with-act
    at MachineLoader (/home/pablo/cyberops-v2/src/components/MachineLoader.tsx:4:26)
Warning: An update to MachineLoader inside a test was not wrapped in act(...).

When testing, code that causes React state updates should be wrapped into act(...):

act(() => {
  /* fire events that update state */
});
/* assert on the output */

This ensures that you're testing the behavior the user would see in the browser. Learn more at https://reactjs.org/link/wrap-tests-with-act
    at MachineLoader (/home/pablo/cyberops-v2/src/components/MachineLoader.tsx:4:26)
Warning: An update to MachineLoader inside a test was not wrapped in act(...).

When testing, code that causes React state updates should be wrapped into act(...):

act(() => {
  /* fire events that update state */
});
/* assert on the output */

This ensures that you're testing the behavior the user would see in the browser. Learn more at https://reactjs.org/link/wrap-tests-with-act
    at MachineLoader (/home/pablo/cyberops-v2/src/components/MachineLoader.tsx:4:26)
Warning: An update to MachineLoader inside a test was not wrapped in act(...).

When testing, code that causes React state updates should be wrapped into act(...):

act(() => {
  /* fire events that update state */
});
/* assert on the output */

This ensures that you're testing the behavior the user would see in the browser. Learn more at https://reactjs.org/link/wrap-tests-with-act
    at MachineLoader (/home/pablo/cyberops-v2/src/components/MachineLoader.tsx:4:26)
Warning: An update to MachineLoader inside a test was not wrapped in act(...).

When testing, code that causes React state updates should be wrapped into act(...):

act(() => {
  /* fire events that update state */
});
/* assert on the output */

This ensures that you're testing the behavior the user would see in the browser. Learn more at https://reactjs.org/link/wrap-tests-with-act
    at MachineLoader (/home/pablo/cyberops-v2/src/components/MachineLoader.tsx:4:26)
Warning: An update to MachineLoader inside a test was not wrapped in act(...).

When testing, code that causes React state updates should be wrapped into act(...):

act(() => {
  /* fire events that update state */
});
/* assert on the output */

This ensures that you're testing the behavior the user would see in the browser. Learn more at https://reactjs.org/link/wrap-tests-with-act
    at MachineLoader (/home/pablo/cyberops-v2/src/components/MachineLoader.tsx:4:26)
Warning: An update to MachineLoader inside a test was not wrapped in act(...).

When testing, code that causes React state updates should be wrapped into act(...):

act(() => {
  /* fire events that update state */
});
/* assert on the output */

This ensures that you're testing the behavior the user would see in the browser. Learn more at https://reactjs.org/link/wrap-tests-with-act
    at MachineLoader (/home/pablo/cyberops-v2/src/components/MachineLoader.tsx:4:26)
Warning: An update to MachineLoader inside a test was not wrapped in act(...).

When testing, code that causes React state updates should be wrapped into act(...):

act(() => {
  /* fire events that update state */
});
/* assert on the output */

This ensures that you're testing the behavior the user would see in the browser. Learn more at https://reactjs.org/link/wrap-tests-with-act
    at MachineLoader (/home/pablo/cyberops-v2/src/components/MachineLoader.tsx:4:26)
Warning: An update to MachineLoader inside a test was not wrapped in act(...).

When testing, code that causes React state updates should be wrapped into act(...):

act(() => {
  /* fire events that update state */
});
/* assert on the output */

This ensures that you're testing the behavior the user would see in the browser. Learn more at https://reactjs.org/link/wrap-tests-with-act
    at MachineLoader (/home/pablo/cyberops-v2/src/components/MachineLoader.tsx:4:26)
Warning: An update to MachineLoader inside a test was not wrapped in act(...).

When testing, code that causes React state updates should be wrapped into act(...):

act(() => {
  /* fire events that update state */
});
/* assert on the output */

This ensures that you're testing the behavior the user would see in the browser. Learn more at https://reactjs.org/link/wrap-tests-with-act
    at MachineLoader (/home/pablo/cyberops-v2/src/components/MachineLoader.tsx:4:26)
Warning: An update to MachineLoader inside a test was not wrapped in act(...).

When testing, code that causes React state updates should be wrapped into act(...):

act(() => {
  /* fire events that update state */
});
/* assert on the output */

This ensures that you're testing the behavior the user would see in the browser. Learn more at https://reactjs.org/link/wrap-tests-with-act
    at MachineLoader (/home/pablo/cyberops-v2/src/components/MachineLoader.tsx:4:26)
Warning: An update to MachineLoader inside a test was not wrapped in act(...).

When testing, code that causes React state updates should be wrapped into act(...):

act(() => {
  /* fire events that update state */
});
/* assert on the output */

This ensures that you're testing the behavior the user would see in the browser. Learn more at https://reactjs.org/link/wrap-tests-with-act
    at MachineLoader (/home/pablo/cyberops-v2/src/components/MachineLoader.tsx:4:26)
Warning: An update to MachineLoader inside a test was not wrapped in act(...).

When testing, code that causes React state updates should be wrapped into act(...):

act(() => {
  /* fire events that update state */
});
/* assert on the output */

This ensures that you're testing the behavior the user would see in the browser. Learn more at https://reactjs.org/link/wrap-tests-with-act
    at MachineLoader (/home/pablo/cyberops-v2/src/components/MachineLoader.tsx:4:26)
Warning: An update to MachineLoader inside a test was not wrapped in act(...).

When testing, code that causes React state updates should be wrapped into act(...):

act(() => {
  /* fire events that update state */
});
/* assert on the output */

This ensures that you're testing the behavior the user would see in the browser. Learn more at https://reactjs.org/link/wrap-tests-with-act
    at MachineLoader (/home/pablo/cyberops-v2/src/components/MachineLoader.tsx:4:26)
Warning: An update to MachineLoader inside a test was not wrapped in act(...).

When testing, code that causes React state updates should be wrapped into act(...):

act(() => {
  /* fire events that update state */
});
/* assert on the output */

This ensures that you're testing the behavior the user would see in the browser. Learn more at https://reactjs.org/link/wrap-tests-with-act
    at MachineLoader (/home/pablo/cyberops-v2/src/components/MachineLoader.tsx:4:26)
Warning: An update to MachineLoader inside a test was not wrapped in act(...).

When testing, code that causes React state updates should be wrapped into act(...):

act(() => {
  /* fire events that update state */
});
/* assert on the output */

This ensures that you're testing the behavior the user would see in the browser. Learn more at https://reactjs.org/link/wrap-tests-with-act
    at MachineLoader (/home/pablo/cyberops-v2/src/components/MachineLoader.tsx:4:26)
Warning: An update to MachineLoader inside a test was not wrapped in act(...).

When testing, code that causes React state updates should be wrapped into act(...):

act(() => {
  /* fire events that update state */
});
/* assert on the output */

This ensures that you're testing the behavior the user would see in the browser. Learn more at https://reactjs.org/link/wrap-tests-with-act
    at MachineLoader (/home/pablo/cyberops-v2/src/components/MachineLoader.tsx:4:26)
Warning: An update to MachineLoader inside a test was not wrapped in act(...).

When testing, code that causes React state updates should be wrapped into act(...):

act(() => {
  /* fire events that update state */
});
/* assert on the output */

This ensures that you're testing the behavior the user would see in the browser. Learn more at https://reactjs.org/link/wrap-tests-with-act
    at MachineLoader (/home/pablo/cyberops-v2/src/components/MachineLoader.tsx:4:26)
Warning: An update to MachineLoader inside a test was not wrapped in act(...).

When testing, code that causes React state updates should be wrapped into act(...):

act(() => {
  /* fire events that update state */
});
/* assert on the output */

This ensures that you're testing the behavior the user would see in the browser. Learn more at https://reactjs.org/link/wrap-tests-with-act
    at MachineLoader (/home/pablo/cyberops-v2/src/components/MachineLoader.tsx:4:26)
Warning: An update to MachineLoader inside a test was not wrapped in act(...).

When testing, code that causes React state updates should be wrapped into act(...):

act(() => {
  /* fire events that update state */
});
/* assert on the output */

This ensures that you're testing the behavior the user would see in the browser. Learn more at https://reactjs.org/link/wrap-tests-with-act
    at MachineLoader (/home/pablo/cyberops-v2/src/components/MachineLoader.tsx:4:26)
Warning: An update to MachineLoader inside a test was not wrapped in act(...).

When testing, code that causes React state updates should be wrapped into act(...):

act(() => {
  /* fire events that update state */
});
/* assert on the output */

This ensures that you're testing the behavior the user would see in the browser. Learn more at https://reactjs.org/link/wrap-tests-with-act
    at MachineLoader (/home/pablo/cyberops-v2/src/components/MachineLoader.tsx:4:26)
Warning: An update to MachineLoader inside a test was not wrapped in act(...).

When testing, code that causes React state updates should be wrapped into act(...):

act(() => {
  /* fire events that update state */
});
/* assert on the output */

This ensures that you're testing the behavior the user would see in the browser. Learn more at https://reactjs.org/link/wrap-tests-with-act
    at MachineLoader (/home/pablo/cyberops-v2/src/components/MachineLoader.tsx:4:26)
Warning: An update to MachineLoader inside a test was not wrapped in act(...).

When testing, code that causes React state updates should be wrapped into act(...):

act(() => {
  /* fire events that update state */
});
/* assert on the output */

This ensures that you're testing the behavior the user would see in the browser. Learn more at https://reactjs.org/link/wrap-tests-with-act
    at MachineLoader (/home/pablo/cyberops-v2/src/components/MachineLoader.tsx:4:26)
Warning: An update to MachineLoader inside a test was not wrapped in act(...).

When testing, code that causes React state updates should be wrapped into act(...):

act(() => {
  /* fire events that update state */
});
/* assert on the output */

This ensures that you're testing the behavior the user would see in the browser. Learn more at https://reactjs.org/link/wrap-tests-with-act
    at MachineLoader (/home/pablo/cyberops-v2/src/components/MachineLoader.tsx:4:26)
Warning: An update to MachineLoader inside a test was not wrapped in act(...).

When testing, code that causes React state updates should be wrapped into act(...):

act(() => {
  /* fire events that update state */
});
/* assert on the output */

This ensures that you're testing the behavior the user would see in the browser. Learn more at https://reactjs.org/link/wrap-tests-with-act
    at MachineLoader (/home/pablo/cyberops-v2/src/components/MachineLoader.tsx:4:26)
Warning: An update to MachineLoader inside a test was not wrapped in act(...).

When testing, code that causes React state updates should be wrapped into act(...):

act(() => {
  /* fire events that update state */
});
/* assert on the output */

This ensures that you're testing the behavior the user would see in the browser. Learn more at https://reactjs.org/link/wrap-tests-with-act
    at MachineLoader (/home/pablo/cyberops-v2/src/components/MachineLoader.tsx:4:26)
Warning: An update to MachineLoader inside a test was not wrapped in act(...).

When testing, code that causes React state updates should be wrapped into act(...):

act(() => {
  /* fire events that update state */
});
/* assert on the output */

This ensures that you're testing the behavior the user would see in the browser. Learn more at https://reactjs.org/link/wrap-tests-with-act
    at MachineLoader (/home/pablo/cyberops-v2/src/components/MachineLoader.tsx:4:26)
Warning: An update to MachineLoader inside a test was not wrapped in act(...).

When testing, code that causes React state updates should be wrapped into act(...):

act(() => {
  /* fire events that update state */
});
/* assert on the output */

This ensures that you're testing the behavior the user would see in the browser. Learn more at https://reactjs.org/link/wrap-tests-with-act
    at MachineLoader (/home/pablo/cyberops-v2/src/components/MachineLoader.tsx:4:26)
Warning: An update to MachineLoader inside a test was not wrapped in act(...).

When testing, code that causes React state updates should be wrapped into act(...):

act(() => {
  /* fire events that update state */
});
/* assert on the output */

This ensures that you're testing the behavior the user would see in the browser. Learn more at https://reactjs.org/link/wrap-tests-with-act
    at MachineLoader (/home/pablo/cyberops-v2/src/components/MachineLoader.tsx:4:26)
Warning: An update to MachineLoader inside a test was not wrapped in act(...).

When testing, code that causes React state updates should be wrapped into act(...):

act(() => {
  /* fire events that update state */
});
/* assert on the output */

This ensures that you're testing the behavior the user would see in the browser. Learn more at https://reactjs.org/link/wrap-tests-with-act
    at MachineLoader (/home/pablo/cyberops-v2/src/components/MachineLoader.tsx:4:26)
Warning: An update to MachineLoader inside a test was not wrapped in act(...).

When testing, code that causes React state updates should be wrapped into act(...):

act(() => {
  /* fire events that update state */
});
/* assert on the output */

This ensures that you're testing the behavior the user would see in the browser. Learn more at https://reactjs.org/link/wrap-tests-with-act
    at MachineLoader (/home/pablo/cyberops-v2/src/components/MachineLoader.tsx:4:26)
Warning: An update to MachineLoader inside a test was not wrapped in act(...).

When testing, code that causes React state updates should be wrapped into act(...):

act(() => {
  /* fire events that update state */
});
/* assert on the output */

This ensures that you're testing the behavior the user would see in the browser. Learn more at https://reactjs.org/link/wrap-tests-with-act
    at MachineLoader (/home/pablo/cyberops-v2/src/components/MachineLoader.tsx:4:26)
Warning: An update to MachineLoader inside a test was not wrapped in act(...).

When testing, code that causes React state updates should be wrapped into act(...):

act(() => {
  /* fire events that update state */
});
/* assert on the output */

This ensures that you're testing the behavior the user would see in the browser. Learn more at https://reactjs.org/link/wrap-tests-with-act
    at MachineLoader (/home/pablo/cyberops-v2/src/components/MachineLoader.tsx:4:26)
Warning: An update to MachineLoader inside a test was not wrapped in act(...).

When testing, code that causes React state updates should be wrapped into act(...):

act(() => {
  /* fire events that update state */
});
/* assert on the output */

This ensures that you're testing the behavior the user would see in the browser. Learn more at https://reactjs.org/link/wrap-tests-with-act
    at MachineLoader (/home/pablo/cyberops-v2/src/components/MachineLoader.tsx:4:26)
Warning: An update to MachineLoader inside a test was not wrapped in act(...).

When testing, code that causes React state updates should be wrapped into act(...):

act(() => {
  /* fire events that update state */
});
/* assert on the output */

This ensures that you're testing the behavior the user would see in the browser. Learn more at https://reactjs.org/link/wrap-tests-with-act
    at MachineLoader (/home/pablo/cyberops-v2/src/components/MachineLoader.tsx:4:26)
Warning: An update to MachineLoader inside a test was not wrapped in act(...).

When testing, code that causes React state updates should be wrapped into act(...):

act(() => {
  /* fire events that update state */
});
/* assert on the output */

This ensures that you're testing the behavior the user would see in the browser. Learn more at https://reactjs.org/link/wrap-tests-with-act
    at MachineLoader (/home/pablo/cyberops-v2/src/components/MachineLoader.tsx:4:26)
Warning: An update to MachineLoader inside a test was not wrapped in act(...).

When testing, code that causes React state updates should be wrapped into act(...):

act(() => {
  /* fire events that update state */
});
/* assert on the output */

This ensures that you're testing the behavior the user would see in the browser. Learn more at https://reactjs.org/link/wrap-tests-with-act
    at MachineLoader (/home/pablo/cyberops-v2/src/components/MachineLoader.tsx:4:26)
Warning: An update to MachineLoader inside a test was not wrapped in act(...).

When testing, code that causes React state updates should be wrapped into act(...):

act(() => {
  /* fire events that update state */
});
/* assert on the output */

This ensures that you're testing the behavior the user would see in the browser. Learn more at https://reactjs.org/link/wrap-tests-with-act
    at MachineLoader (/home/pablo/cyberops-v2/src/components/MachineLoader.tsx:4:26)
Warning: An update to MachineLoader inside a test was not wrapped in act(...).

When testing, code that causes React state updates should be wrapped into act(...):

act(() => {
  /* fire events that update state */
});
/* assert on the output */

This ensures that you're testing the behavior the user would see in the browser. Learn more at https://reactjs.org/link/wrap-tests-with-act
    at MachineLoader (/home/pablo/cyberops-v2/src/components/MachineLoader.tsx:4:26)
Warning: An update to MachineLoader inside a test was not wrapped in act(...).

When testing, code that causes React state updates should be wrapped into act(...):

act(() => {
  /* fire events that update state */
});
/* assert on the output */

This ensures that you're testing the behavior the user would see in the browser. Learn more at https://reactjs.org/link/wrap-tests-with-act
    at MachineLoader (/home/pablo/cyberops-v2/src/components/MachineLoader.tsx:4:26)
Warning: An update to MachineLoader inside a test was not wrapped in act(...).

When testing, code that causes React state updates should be wrapped into act(...):

act(() => {
  /* fire events that update state */
});
/* assert on the output */

This ensures that you're testing the behavior the user would see in the browser. Learn more at https://reactjs.org/link/wrap-tests-with-act
    at MachineLoader (/home/pablo/cyberops-v2/src/components/MachineLoader.tsx:4:26)
Warning: An update to MachineLoader inside a test was not wrapped in act(...).

When testing, code that causes React state updates should be wrapped into act(...):

act(() => {
  /* fire events that update state */
});
/* assert on the output */

This ensures that you're testing the behavior the user would see in the browser. Learn more at https://reactjs.org/link/wrap-tests-with-act
    at MachineLoader (/home/pablo/cyberops-v2/src/components/MachineLoader.tsx:4:26)
Warning: An update to MachineLoader inside a test was not wrapped in act(...).

When testing, code that causes React state updates should be wrapped into act(...):

act(() => {
  /* fire events that update state */
});
/* assert on the output */

This ensures that you're testing the behavior the user would see in the browser. Learn more at https://reactjs.org/link/wrap-tests-with-act
    at MachineLoader (/home/pablo/cyberops-v2/src/components/MachineLoader.tsx:4:26)
Warning: An update to MachineLoader inside a test was not wrapped in act(...).

When testing, code that causes React state updates should be wrapped into act(...):

act(() => {
  /* fire events that update state */
});
/* assert on the output */

This ensures that you're testing the behavior the user would see in the browser. Learn more at https://reactjs.org/link/wrap-tests-with-act
    at MachineLoader (/home/pablo/cyberops-v2/src/components/MachineLoader.tsx:4:26)
Warning: An update to MachineLoader inside a test was not wrapped in act(...).

When testing, code that causes React state updates should be wrapped into act(...):

act(() => {
  /* fire events that update state */
});
/* assert on the output */

This ensures that you're testing the behavior the user would see in the browser. Learn more at https://reactjs.org/link/wrap-tests-with-act
    at MachineLoader (/home/pablo/cyberops-v2/src/components/MachineLoader.tsx:4:26)
Warning: An update to MachineLoader inside a test was not wrapped in act(...).

When testing, code that causes React state updates should be wrapped into act(...):

act(() => {
  /* fire events that update state */
});
/* assert on the output */

This ensures that you're testing the behavior the user would see in the browser. Learn more at https://reactjs.org/link/wrap-tests-with-act
    at MachineLoader (/home/pablo/cyberops-v2/src/components/MachineLoader.tsx:4:26)
Warning: An update to MachineLoader inside a test was not wrapped in act(...).

When testing, code that causes React state updates should be wrapped into act(...):

act(() => {
  /* fire events that update state */
});
/* assert on the output */

This ensures that you're testing the behavior the user would see in the browser. Learn more at https://reactjs.org/link/wrap-tests-with-act
    at MachineLoader (/home/pablo/cyberops-v2/src/components/MachineLoader.tsx:4:26)
Warning: An update to MachineLoader inside a test was not wrapped in act(...).

When testing, code that causes React state updates should be wrapped into act(...):

act(() => {
  /* fire events that update state */
});
/* assert on the output */

This ensures that you're testing the behavior the user would see in the browser. Learn more at https://reactjs.org/link/wrap-tests-with-act
    at MachineLoader (/home/pablo/cyberops-v2/src/components/MachineLoader.tsx:4:26)
Warning: An update to MachineLoader inside a test was not wrapped in act(...).

When testing, code that causes React state updates should be wrapped into act(...):

act(() => {
  /* fire events that update state */
});
/* assert on the output */

This ensures that you're testing the behavior the user would see in the browser. Learn more at https://reactjs.org/link/wrap-tests-with-act
    at MachineLoader (/home/pablo/cyberops-v2/src/components/MachineLoader.tsx:4:26)
Warning: An update to MachineLoader inside a test was not wrapped in act(...).

When testing, code that causes React state updates should be wrapped into act(...):

act(() => {
  /* fire events that update state */
});
/* assert on the output */

This ensures that you're testing the behavior the user would see in the browser. Learn more at https://reactjs.org/link/wrap-tests-with-act
    at MachineLoader (/home/pablo/cyberops-v2/src/components/MachineLoader.tsx:4:26)
Warning: An update to MachineLoader inside a test was not wrapped in act(...).

When testing, code that causes React state updates should be wrapped into act(...):

act(() => {
  /* fire events that update state */
});
/* assert on the output */

This ensures that you're testing the behavior the user would see in the browser. Learn more at https://reactjs.org/link/wrap-tests-with-act
    at MachineLoader (/home/pablo/cyberops-v2/src/components/MachineLoader.tsx:4:26)
Warning: An update to MachineLoader inside a test was not wrapped in act(...).

When testing, code that causes React state updates should be wrapped into act(...):

act(() => {
  /* fire events that update state */
});
/* assert on the output */

This ensures that you're testing the behavior the user would see in the browser. Learn more at https://reactjs.org/link/wrap-tests-with-act
    at MachineLoader (/home/pablo/cyberops-v2/src/components/MachineLoader.tsx:4:26)
Warning: An update to MachineLoader inside a test was not wrapped in act(...).

When testing, code that causes React state updates should be wrapped into act(...):

act(() => {
  /* fire events that update state */
});
/* assert on the output */

This ensures that you're testing the behavior the user would see in the browser. Learn more at https://reactjs.org/link/wrap-tests-with-act
    at MachineLoader (/home/pablo/cyberops-v2/src/components/MachineLoader.tsx:4:26)
Warning: An update to MachineLoader inside a test was not wrapped in act(...).

When testing, code that causes React state updates should be wrapped into act(...):

act(() => {
  /* fire events that update state */
});
/* assert on the output */

This ensures that you're testing the behavior the user would see in the browser. Learn more at https://reactjs.org/link/wrap-tests-with-act
    at MachineLoader (/home/pablo/cyberops-v2/src/components/MachineLoader.tsx:4:26)
Warning: An update to MachineLoader inside a test was not wrapped in act(...).

When testing, code that causes React state updates should be wrapped into act(...):

act(() => {
  /* fire events that update state */
});
/* assert on the output */

This ensures that you're testing the behavior the user would see in the browser. Learn more at https://reactjs.org/link/wrap-tests-with-act
    at MachineLoader (/home/pablo/cyberops-v2/src/components/MachineLoader.tsx:4:26)
Warning: An update to MachineLoader inside a test was not wrapped in act(...).

When testing, code that causes React state updates should be wrapped into act(...):

act(() => {
  /* fire events that update state */
});
/* assert on the output */

This ensures that you're testing the behavior the user would see in the browser. Learn more at https://reactjs.org/link/wrap-tests-with-act
    at MachineLoader (/home/pablo/cyberops-v2/src/components/MachineLoader.tsx:4:26)
Warning: An update to MachineLoader inside a test was not wrapped in act(...).

When testing, code that causes React state updates should be wrapped into act(...):

act(() => {
  /* fire events that update state */
});
/* assert on the output */

This ensures that you're testing the behavior the user would see in the browser. Learn more at https://reactjs.org/link/wrap-tests-with-act
    at MachineLoader (/home/pablo/cyberops-v2/src/components/MachineLoader.tsx:4:26)
Warning: An update to MachineLoader inside a test was not wrapped in act(...).

When testing, code that causes React state updates should be wrapped into act(...):

act(() => {
  /* fire events that update state */
});
/* assert on the output */

This ensures that you're testing the behavior the user would see in the browser. Learn more at https://reactjs.org/link/wrap-tests-with-act
    at MachineLoader (/home/pablo/cyberops-v2/src/components/MachineLoader.tsx:4:26)
Warning: An update to MachineLoader inside a test was not wrapped in act(...).

When testing, code that causes React state updates should be wrapped into act(...):

act(() => {
  /* fire events that update state */
});
/* assert on the output */

This ensures that you're testing the behavior the user would see in the browser. Learn more at https://reactjs.org/link/wrap-tests-with-act
    at MachineLoader (/home/pablo/cyberops-v2/src/components/MachineLoader.tsx:4:26)
Warning: An update to MachineLoader inside a test was not wrapped in act(...).

When testing, code that causes React state updates should be wrapped into act(...):

act(() => {
  /* fire events that update state */
});
/* assert on the output */

This ensures that you're testing the behavior the user would see in the browser. Learn more at https://reactjs.org/link/wrap-tests-with-act
    at MachineLoader (/home/pablo/cyberops-v2/src/components/MachineLoader.tsx:4:26)
Warning: An update to MachineLoader inside a test was not wrapped in act(...).

When testing, code that causes React state updates should be wrapped into act(...):

act(() => {
  /* fire events that update state */
});
/* assert on the output */

This ensures that you're testing the behavior the user would see in the browser. Learn more at https://reactjs.org/link/wrap-tests-with-act
    at MachineLoader (/home/pablo/cyberops-v2/src/components/MachineLoader.tsx:4:26)
Warning: An update to MachineLoader inside a test was not wrapped in act(...).

When testing, code that causes React state updates should be wrapped into act(...):

act(() => {
  /* fire events that update state */
});
/* assert on the output */

This ensures that you're testing the behavior the user would see in the browser. Learn more at https://reactjs.org/link/wrap-tests-with-act
    at MachineLoader (/home/pablo/cyberops-v2/src/components/MachineLoader.tsx:4:26)
Warning: An update to MachineLoader inside a test was not wrapped in act(...).

When testing, code that causes React state updates should be wrapped into act(...):

act(() => {
  /* fire events that update state */
});
/* assert on the output */

This ensures that you're testing the behavior the user would see in the browser. Learn more at https://reactjs.org/link/wrap-tests-with-act
    at MachineLoader (/home/pablo/cyberops-v2/src/components/MachineLoader.tsx:4:26)
Warning: An update to MachineLoader inside a test was not wrapped in act(...).

When testing, code that causes React state updates should be wrapped into act(...):

act(() => {
  /* fire events that update state */
});
/* assert on the output */

This ensures that you're testing the behavior the user would see in the browser. Learn more at https://reactjs.org/link/wrap-tests-with-act
    at MachineLoader (/home/pablo/cyberops-v2/src/components/MachineLoader.tsx:4:26)
Warning: An update to MachineLoader inside a test was not wrapped in act(...).

When testing, code that causes React state updates should be wrapped into act(...):

act(() => {
  /* fire events that update state */
});
/* assert on the output */

This ensures that you're testing the behavior the user would see in the browser. Learn more at https://reactjs.org/link/wrap-tests-with-act
    at MachineLoader (/home/pablo/cyberops-v2/src/components/MachineLoader.tsx:4:26)
Warning: An update to MachineLoader inside a test was not wrapped in act(...).

When testing, code that causes React state updates should be wrapped into act(...):

act(() => {
  /* fire events that update state */
});
/* assert on the output */

This ensures that you're testing the behavior the user would see in the browser. Learn more at https://reactjs.org/link/wrap-tests-with-act
    at MachineLoader (/home/pablo/cyberops-v2/src/components/MachineLoader.tsx:4:26)
Warning: An update to MachineLoader inside a test was not wrapped in act(...).

When testing, code that causes React state updates should be wrapped into act(...):

act(() => {
  /* fire events that update state */
});
/* assert on the output */

This ensures that you're testing the behavior the user would see in the browser. Learn more at https://reactjs.org/link/wrap-tests-with-act
    at MachineLoader (/home/pablo/cyberops-v2/src/components/MachineLoader.tsx:4:26)
Warning: An update to MachineLoader inside a test was not wrapped in act(...).

When testing, code that causes React state updates should be wrapped into act(...):

act(() => {
  /* fire events that update state */
});
/* assert on the output */

This ensures that you're testing the behavior the user would see in the browser. Learn more at https://reactjs.org/link/wrap-tests-with-act
    at MachineLoader (/home/pablo/cyberops-v2/src/components/MachineLoader.tsx:4:26)
Warning: An update to MachineLoader inside a test was not wrapped in act(...).

When testing, code that causes React state updates should be wrapped into act(...):

act(() => {
  /* fire events that update state */
});
/* assert on the output */

This ensures that you're testing the behavior the user would see in the browser. Learn more at https://reactjs.org/link/wrap-tests-with-act
    at MachineLoader (/home/pablo/cyberops-v2/src/components/MachineLoader.tsx:4:26)
Warning: An update to MachineLoader inside a test was not wrapped in act(...).

When testing, code that causes React state updates should be wrapped into act(...):

act(() => {
  /* fire events that update state */
});
/* assert on the output */

This ensures that you're testing the behavior the user would see in the browser. Learn more at https://reactjs.org/link/wrap-tests-with-act
    at MachineLoader (/home/pablo/cyberops-v2/src/components/MachineLoader.tsx:4:26)
Warning: An update to MachineLoader inside a test was not wrapped in act(...).

When testing, code that causes React state updates should be wrapped into act(...):

act(() => {
  /* fire events that update state */
});
/* assert on the output */

This ensures that you're testing the behavior the user would see in the browser. Learn more at https://reactjs.org/link/wrap-tests-with-act
    at MachineLoader (/home/pablo/cyberops-v2/src/components/MachineLoader.tsx:4:26)
Warning: An update to MachineLoader inside a test was not wrapped in act(...).

When testing, code that causes React state updates should be wrapped into act(...):

act(() => {
  /* fire events that update state */
});
/* assert on the output */

This ensures that you're testing the behavior the user would see in the browser. Learn more at https://reactjs.org/link/wrap-tests-with-act
    at MachineLoader (/home/pablo/cyberops-v2/src/components/MachineLoader.tsx:4:26)
Warning: An update to MachineLoader inside a test was not wrapped in act(...).

When testing, code that causes React state updates should be wrapped into act(...):

act(() => {
  /* fire events that update state */
});
/* assert on the output */

This ensures that you're testing the behavior the user would see in the browser. Learn more at https://reactjs.org/link/wrap-tests-with-act
    at MachineLoader (/home/pablo/cyberops-v2/src/components/MachineLoader.tsx:4:26)
Warning: An update to MachineLoader inside a test was not wrapped in act(...).

When testing, code that causes React state updates should be wrapped into act(...):

act(() => {
  /* fire events that update state */
});
/* assert on the output */

This ensures that you're testing the behavior the user would see in the browser. Learn more at https://reactjs.org/link/wrap-tests-with-act
    at MachineLoader (/home/pablo/cyberops-v2/src/components/MachineLoader.tsx:4:26)
Warning: An update to MachineLoader inside a test was not wrapped in act(...).

When testing, code that causes React state updates should be wrapped into act(...):

act(() => {
  /* fire events that update state */
});
/* assert on the output */

This ensures that you're testing the behavior the user would see in the browser. Learn more at https://reactjs.org/link/wrap-tests-with-act
    at MachineLoader (/home/pablo/cyberops-v2/src/components/MachineLoader.tsx:4:26)
Warning: An update to MachineLoader inside a test was not wrapped in act(...).

When testing, code that causes React state updates should be wrapped into act(...):

act(() => {
  /* fire events that update state */
});
/* assert on the output */

This ensures that you're testing the behavior the user would see in the browser. Learn more at https://reactjs.org/link/wrap-tests-with-act
    at MachineLoader (/home/pablo/cyberops-v2/src/components/MachineLoader.tsx:4:26)
Warning: An update to MachineLoader inside a test was not wrapped in act(...).

When testing, code that causes React state updates should be wrapped into act(...):

act(() => {
  /* fire events that update state */
});
/* assert on the output */

This ensures that you're testing the behavior the user would see in the browser. Learn more at https://reactjs.org/link/wrap-tests-with-act
    at MachineLoader (/home/pablo/cyberops-v2/src/components/MachineLoader.tsx:4:26)
Warning: An update to MachineLoader inside a test was not wrapped in act(...).

When testing, code that causes React state updates should be wrapped into act(...):

act(() => {
  /* fire events that update state */
});
/* assert on the output */

This ensures that you're testing the behavior the user would see in the browser. Learn more at https://reactjs.org/link/wrap-tests-with-act
    at MachineLoader (/home/pablo/cyberops-v2/src/components/MachineLoader.tsx:4:26)
Warning: An update to MachineLoader inside a test was not wrapped in act(...).

When testing, code that causes React state updates should be wrapped into act(...):

act(() => {
  /* fire events that update state */
});
/* assert on the output */

This ensures that you're testing the behavior the user would see in the browser. Learn more at https://reactjs.org/link/wrap-tests-with-act
    at MachineLoader (/home/pablo/cyberops-v2/src/components/MachineLoader.tsx:4:26)
Warning: An update to MachineLoader inside a test was not wrapped in act(...).

When testing, code that causes React state updates should be wrapped into act(...):

act(() => {
  /* fire events that update state */
});
/* assert on the output */

This ensures that you're testing the behavior the user would see in the browser. Learn more at https://reactjs.org/link/wrap-tests-with-act
    at MachineLoader (/home/pablo/cyberops-v2/src/components/MachineLoader.tsx:4:26)
Warning: An update to MachineLoader inside a test was not wrapped in act(...).

When testing, code that causes React state updates should be wrapped into act(...):

act(() => {
  /* fire events that update state */
});
/* assert on the output */

This ensures that you're testing the behavior the user would see in the browser. Learn more at https://reactjs.org/link/wrap-tests-with-act
    at MachineLoader (/home/pablo/cyberops-v2/src/components/MachineLoader.tsx:4:26)
Warning: An update to MachineLoader inside a test was not wrapped in act(...).

When testing, code that causes React state updates should be wrapped into act(...):

act(() => {
  /* fire events that update state */
});
/* assert on the output */

This ensures that you're testing the behavior the user would see in the browser. Learn more at https://reactjs.org/link/wrap-tests-with-act
    at MachineLoader (/home/pablo/cyberops-v2/src/components/MachineLoader.tsx:4:26)
Warning: An update to MachineLoader inside a test was not wrapped in act(...).

When testing, code that causes React state updates should be wrapped into act(...):

act(() => {
  /* fire events that update state */
});
/* assert on the output */

This ensures that you're testing the behavior the user would see in the browser. Learn more at https://reactjs.org/link/wrap-tests-with-act
    at MachineLoader (/home/pablo/cyberops-v2/src/components/MachineLoader.tsx:4:26)
Warning: An update to MachineLoader inside a test was not wrapped in act(...).

When testing, code that causes React state updates should be wrapped into act(...):

act(() => {
  /* fire events that update state */
});
/* assert on the output */

This ensures that you're testing the behavior the user would see in the browser. Learn more at https://reactjs.org/link/wrap-tests-with-act
    at MachineLoader (/home/pablo/cyberops-v2/src/components/MachineLoader.tsx:4:26)
Warning: An update to MachineLoader inside a test was not wrapped in act(...).

When testing, code that causes React state updates should be wrapped into act(...):

act(() => {
  /* fire events that update state */
});
/* assert on the output */

This ensures that you're testing the behavior the user would see in the browser. Learn more at https://reactjs.org/link/wrap-tests-with-act
    at MachineLoader (/home/pablo/cyberops-v2/src/components/MachineLoader.tsx:4:26)
Warning: An update to MachineLoader inside a test was not wrapped in act(...).

When testing, code that causes React state updates should be wrapped into act(...):

act(() => {
  /* fire events that update state */
});
/* assert on the output */

This ensures that you're testing the behavior the user would see in the browser. Learn more at https://reactjs.org/link/wrap-tests-with-act
    at MachineLoader (/home/pablo/cyberops-v2/src/components/MachineLoader.tsx:4:26)
Warning: An update to MachineLoader inside a test was not wrapped in act(...).

When testing, code that causes React state updates should be wrapped into act(...):

act(() => {
  /* fire events that update state */
});
/* assert on the output */

This ensures that you're testing the behavior the user would see in the browser. Learn more at https://reactjs.org/link/wrap-tests-with-act
    at MachineLoader (/home/pablo/cyberops-v2/src/components/MachineLoader.tsx:4:26)
Warning: An update to MachineLoader inside a test was not wrapped in act(...).

When testing, code that causes React state updates should be wrapped into act(...):

act(() => {
  /* fire events that update state */
});
/* assert on the output */

This ensures that you're testing the behavior the user would see in the browser. Learn more at https://reactjs.org/link/wrap-tests-with-act
    at MachineLoader (/home/pablo/cyberops-v2/src/components/MachineLoader.tsx:4:26)
Warning: An update to MachineLoader inside a test was not wrapped in act(...).

When testing, code that causes React state updates should be wrapped into act(...):

act(() => {
  /* fire events that update state */
});
/* assert on the output */

This ensures that you're testing the behavior the user would see in the browser. Learn more at https://reactjs.org/link/wrap-tests-with-act
    at MachineLoader (/home/pablo/cyberops-v2/src/components/MachineLoader.tsx:4:26)
Warning: An update to MachineLoader inside a test was not wrapped in act(...).

When testing, code that causes React state updates should be wrapped into act(...):

act(() => {
  /* fire events that update state */
});
/* assert on the output */

This ensures that you're testing the behavior the user would see in the browser. Learn more at https://reactjs.org/link/wrap-tests-with-act
    at MachineLoader (/home/pablo/cyberops-v2/src/components/MachineLoader.tsx:4:26)
Warning: An update to MachineLoader inside a test was not wrapped in act(...).

When testing, code that causes React state updates should be wrapped into act(...):

act(() => {
  /* fire events that update state */
});
/* assert on the output */

This ensures that you're testing the behavior the user would see in the browser. Learn more at https://reactjs.org/link/wrap-tests-with-act
    at MachineLoader (/home/pablo/cyberops-v2/src/components/MachineLoader.tsx:4:26)
Warning: An update to MachineLoader inside a test was not wrapped in act(...).

When testing, code that causes React state updates should be wrapped into act(...):

act(() => {
  /* fire events that update state */
});
/* assert on the output */

This ensures that you're testing the behavior the user would see in the browser. Learn more at https://reactjs.org/link/wrap-tests-with-act
    at MachineLoader (/home/pablo/cyberops-v2/src/components/MachineLoader.tsx:4:26)
Warning: An update to MachineLoader inside a test was not wrapped in act(...).

When testing, code that causes React state updates should be wrapped into act(...):

act(() => {
  /* fire events that update state */
});
/* assert on the output */

This ensures that you're testing the behavior the user would see in the browser. Learn more at https://reactjs.org/link/wrap-tests-with-act
    at MachineLoader (/home/pablo/cyberops-v2/src/components/MachineLoader.tsx:4:26)
Warning: An update to MachineLoader inside a test was not wrapped in act(...).

When testing, code that causes React state updates should be wrapped into act(...):

act(() => {
  /* fire events that update state */
});
/* assert on the output */

This ensures that you're testing the behavior the user would see in the browser. Learn more at https://reactjs.org/link/wrap-tests-with-act
    at MachineLoader (/home/pablo/cyberops-v2/src/components/MachineLoader.tsx:4:26)
Warning: An update to MachineLoader inside a test was not wrapped in act(...).

When testing, code that causes React state updates should be wrapped into act(...):

act(() => {
  /* fire events that update state */
});
/* assert on the output */

This ensures that you're testing the behavior the user would see in the browser. Learn more at https://reactjs.org/link/wrap-tests-with-act
    at MachineLoader (/home/pablo/cyberops-v2/src/components/MachineLoader.tsx:4:26)
Warning: An update to MachineLoader inside a test was not wrapped in act(...).

When testing, code that causes React state updates should be wrapped into act(...):

act(() => {
  /* fire events that update state */
});
/* assert on the output */

This ensures that you're testing the behavior the user would see in the browser. Learn more at https://reactjs.org/link/wrap-tests-with-act
    at MachineLoader (/home/pablo/cyberops-v2/src/components/MachineLoader.tsx:4:26)
Warning: An update to MachineLoader inside a test was not wrapped in act(...).

When testing, code that causes React state updates should be wrapped into act(...):

act(() => {
  /* fire events that update state */
});
/* assert on the output */

This ensures that you're testing the behavior the user would see in the browser. Learn more at https://reactjs.org/link/wrap-tests-with-act
    at MachineLoader (/home/pablo/cyberops-v2/src/components/MachineLoader.tsx:4:26)
Warning: An update to MachineLoader inside a test was not wrapped in act(...).

When testing, code that causes React state updates should be wrapped into act(...):

act(() => {
  /* fire events that update state */
});
/* assert on the output */

This ensures that you're testing the behavior the user would see in the browser. Learn more at https://reactjs.org/link/wrap-tests-with-act
    at MachineLoader (/home/pablo/cyberops-v2/src/components/MachineLoader.tsx:4:26)
Warning: An update to MachineLoader inside a test was not wrapped in act(...).

When testing, code that causes React state updates should be wrapped into act(...):

act(() => {
  /* fire events that update state */
});
/* assert on the output */

This ensures that you're testing the behavior the user would see in the browser. Learn more at https://reactjs.org/link/wrap-tests-with-act
    at MachineLoader (/home/pablo/cyberops-v2/src/components/MachineLoader.tsx:4:26)
Warning: An update to MachineLoader inside a test was not wrapped in act(...).

When testing, code that causes React state updates should be wrapped into act(...):

act(() => {
  /* fire events that update state */
});
/* assert on the output */

This ensures that you're testing the behavior the user would see in the browser. Learn more at https://reactjs.org/link/wrap-tests-with-act
    at MachineLoader (/home/pablo/cyberops-v2/src/components/MachineLoader.tsx:4:26)
Warning: An update to MachineLoader inside a test was not wrapped in act(...).

When testing, code that causes React state updates should be wrapped into act(...):

act(() => {
  /* fire events that update state */
});
/* assert on the output */

This ensures that you're testing the behavior the user would see in the browser. Learn more at https://reactjs.org/link/wrap-tests-with-act
    at MachineLoader (/home/pablo/cyberops-v2/src/components/MachineLoader.tsx:4:26)
Warning: An update to MachineLoader inside a test was not wrapped in act(...).

When testing, code that causes React state updates should be wrapped into act(...):

act(() => {
  /* fire events that update state */
});
/* assert on the output */

This ensures that you're testing the behavior the user would see in the browser. Learn more at https://reactjs.org/link/wrap-tests-with-act
    at MachineLoader (/home/pablo/cyberops-v2/src/components/MachineLoader.tsx:4:26)
Warning: An update to MachineLoader inside a test was not wrapped in act(...).

When testing, code that causes React state updates should be wrapped into act(...):

act(() => {
  /* fire events that update state */
});
/* assert on the output */

This ensures that you're testing the behavior the user would see in the browser. Learn more at https://reactjs.org/link/wrap-tests-with-act
    at MachineLoader (/home/pablo/cyberops-v2/src/components/MachineLoader.tsx:4:26)
Warning: An update to MachineLoader inside a test was not wrapped in act(...).

When testing, code that causes React state updates should be wrapped into act(...):

act(() => {
  /* fire events that update state */
});
/* assert on the output */

This ensures that you're testing the behavior the user would see in the browser. Learn more at https://reactjs.org/link/wrap-tests-with-act
    at MachineLoader (/home/pablo/cyberops-v2/src/components/MachineLoader.tsx:4:26)
Warning: An update to MachineLoader inside a test was not wrapped in act(...).

When testing, code that causes React state updates should be wrapped into act(...):

act(() => {
  /* fire events that update state */
});
/* assert on the output */

This ensures that you're testing the behavior the user would see in the browser. Learn more at https://reactjs.org/link/wrap-tests-with-act
    at MachineLoader (/home/pablo/cyberops-v2/src/components/MachineLoader.tsx:4:26)
Warning: An update to MachineLoader inside a test was not wrapped in act(...).

When testing, code that causes React state updates should be wrapped into act(...):

act(() => {
  /* fire events that update state */
});
/* assert on the output */

This ensures that you're testing the behavior the user would see in the browser. Learn more at https://reactjs.org/link/wrap-tests-with-act
    at MachineLoader (/home/pablo/cyberops-v2/src/components/MachineLoader.tsx:4:26)
Warning: An update to MachineLoader inside a test was not wrapped in act(...).

When testing, code that causes React state updates should be wrapped into act(...):

act(() => {
  /* fire events that update state */
});
/* assert on the output */

This ensures that you're testing the behavior the user would see in the browser. Learn more at https://reactjs.org/link/wrap-tests-with-act
    at MachineLoader (/home/pablo/cyberops-v2/src/components/MachineLoader.tsx:4:26)
Warning: An update to MachineLoader inside a test was not wrapped in act(...).

When testing, code that causes React state updates should be wrapped into act(...):

act(() => {
  /* fire events that update state */
});
/* assert on the output */

This ensures that you're testing the behavior the user would see in the browser. Learn more at https://reactjs.org/link/wrap-tests-with-act
    at MachineLoader (/home/pablo/cyberops-v2/src/components/MachineLoader.tsx:4:26)
Warning: An update to MachineLoader inside a test was not wrapped in act(...).

When testing, code that causes React state updates should be wrapped into act(...):

act(() => {
  /* fire events that update state */
});
/* assert on the output */

This ensures that you're testing the behavior the user would see in the browser. Learn more at https://reactjs.org/link/wrap-tests-with-act
    at MachineLoader (/home/pablo/cyberops-v2/src/components/MachineLoader.tsx:4:26)
Warning: An update to MachineLoader inside a test was not wrapped in act(...).

When testing, code that causes React state updates should be wrapped into act(...):

act(() => {
  /* fire events that update state */
});
/* assert on the output */

This ensures that you're testing the behavior the user would see in the browser. Learn more at https://reactjs.org/link/wrap-tests-with-act
    at MachineLoader (/home/pablo/cyberops-v2/src/components/MachineLoader.tsx:4:26)
Warning: An update to MachineLoader inside a test was not wrapped in act(...).

When testing, code that causes React state updates should be wrapped into act(...):

act(() => {
  /* fire events that update state */
});
/* assert on the output */

This ensures that you're testing the behavior the user would see in the browser. Learn more at https://reactjs.org/link/wrap-tests-with-act
    at MachineLoader (/home/pablo/cyberops-v2/src/components/MachineLoader.tsx:4:26)

 [32m✓[39m src/components/__tests__/NetworkMap.test.tsx[2m > [22mNetworkMap[2m > [22mdebe renderizar el nombre del escenario[32m 286[2mms[22m[39m
 [32m✓[39m src/components/__tests__/MachineLoader.test.tsx[2m > [22mMachineLoader[2m > [22mdebe cambiar de fase durante la carga[32m 97[2mms[22m[39m
 [32m✓[39m src/components/__tests__/MachineLoader.test.tsx[2m > [22mMachineLoader[2m > [22mdebe llamar onComplete al finalizar la carga[32m 37[2mms[22m[39m
 [32m✓[39m src/components/__tests__/MachineLoader.test.tsx[2m > [22mMachineLoader[2m > [22mdebe mostrar el mensaje final cuando está completo[32m 95[2mms[22m[39m
 [32m✓[39m src/components/__tests__/MachineLoader.test.tsx[2m > [22mMachineLoader[2m > [22mdebe mostrar el indicador de progreso visual[32m 25[2mms[22m[39m
 [32m✓[39m src/components/__tests__/MachineLoader.test.tsx[2m > [22mMachineLoader[2m > [22mdebe mostrar los indicadores de carga animados[32m 18[2mms[22m[39m
 [32m✓[39m src/components/__tests__/NetworkMap.test.tsx[2m > [22mNetworkMap[2m > [22mdebe mostrar todas las máquinas[32m 105[2mms[22m[39m
 [32m✓[39m src/components/__tests__/FakeBrowser.test.tsx[2m > [22mFakeBrowser - Integración de Navegación y Lógica de Hacking[2m > [22mdebe iniciar en la página de Google[32m 151[2mms[22m[39m
 [32m✓[39m src/components/__tests__/FakeBrowser.test.tsx[2m > [22mFakeBrowser - Integración de Navegación y Lógica de Hacking[2m > [22mdebe mostrar mensaje de bloqueo si el nivel de descubrimiento es insuficiente (Escenario 1)[32m 76[2mms[22m[39m
 [32m✓[39m src/components/__tests__/NetworkMap.test.tsx[2m > [22mNetworkMap[2m > [22mdebe mostrar "Sesión Activa" para la máquina atacante[32m 98[2mms[22m[39m
 [32m✓[39m src/components/__tests__/FakeBrowser.test.tsx[2m > [22mFakeBrowser - Integración de Navegación y Lógica de Hacking[2m > [22mdebe permitir ver el sitio de WordPress si el nivel es 2[32m 113[2mms[22m[39m
 [32m✓[39m src/components/__tests__/FakeBrowser.test.tsx[2m > [22mFakeBrowser - Integración de Navegación y Lógica de Hacking[2m > [22mdebe renderizar correctamente el navegador con CyberBrowser[32m 35[2mms[22m[39m
 [32m✓[39m src/components/__tests__/NetworkMap.test.tsx[2m > [22mNetworkMap[2m > [22mdebe mostrar "Sesión Activa" para la máquina activa[32m 108[2mms[22m[39m
 [32m✓[39m src/components/__tests__/NetworkMap.test.tsx[2m > [22mNetworkMap[2m > [22mdebe mostrar solo una "Sesión Activa" cuando hay una máquina activa[32m 61[2mms[22m[39m
 [31m×[39m src/components/__tests__/FakeBrowser.test.tsx[2m > [22mFakeBrowser - Integración de Navegación y Lógica de Hacking[2m > [22mdebe dar acceso total (RCE) al incluir un archivo de uploads (Escenario 4)[32m 109[2mms[22m[39m
[31m   → Unable to find an element with the text: /Error 404/i. This could be because the text is broken up by multiple elements. In this case, you can provide a function for your text matcher to make your matcher more flexible.

Ignored nodes: comments, script, style
[36m<body>[31m
  [36m<div>[31m
    [36m<div[31m
      [33mclass[31m=[32m"flex flex-col h-full w-full bg-gray-950"[31m
    [36m>[31m
      [36m<div[31m
        [33mclass[31m=[32m"flex items-center gap-2 px-3 py-2 bg-gray-800 border-b border-gray-700 flex-shrink-0"[31m
      [36m>[31m
        [36m<div[31m
          [33mclass[31m=[32m"flex gap-1.5"[31m
        [36m>[31m
          [36m<button[31m
            [33mclass[31m=[32m"w-3 h-3 rounded-full bg-red-500 hover:bg-red-400 transition-colors"[31m
          [36m/>[31m
          [36m<div[31m
            [33mclass[31m=[32m"w-3 h-3 rounded-full bg-yellow-500/50"[31m
          [36m/>[31m
          [36m<div[31m
            [33mclass[31m=[32m"w-3 h-3 rounded-full bg-green-500/50"[31m
          [36m/>[31m
        [36m</div>[31m
        [36m<div[31m
          [33mclass[31m=[32m"flex gap-0.5"[31m
        [36m>[31m
          [36m<button[31m
            [33mclass[31m=[32m"p-1 rounded text-gray-400 disabled:opacity-30 hover:enabled:bg-gray-700 transition-colors"[31m
            [33mdisabled[31m=[32m""[31m
          [36m>[31m
            [36m<svg[31m
              [33mfill[31m=[32m"none"[31m
              [33mheight[31m=[32m"14"[31m
              [33mstroke[31m=[32m"currentColor"[31m
              [33mstroke-width[31m=[32m"2.5"[31m
              [33mviewBox[31m=[32m"0 0 24 24"[31m
              [33mwidth[31m=[32m"14"[31m
            [36m>[31m
              [36m<polyline[31m
                [33mpoints[31m=[32m"15 18 9 12 15 6"[31m
              [36m/>[31m
            [36m</svg>[31m
          [36m</button>[31m
          [36m<button[31m
            [33mclass[31m=[32m"p-1 rounded text-gray-400 disabled:opacity-30 hover:enabled:bg-gray-700 transition-colors"[31m
            [33mdisabled[31m=[32m""[31m
          [36m>[31m
            [36m<svg[31m
              [33mfill[31m=[32m"none"[31m
              [33mheight[31m=[32m"14"[31m
              [33mstroke[31m=[32m"currentColor"[31m
              [33mstroke-width[31m=[32m"2.5"[31m
              [33mviewBox[31m=[32m"0 0 24 24"[31m
              [33mwidth[31m=[32m"14"[31m
            [36m>[31m
              [36m<polyline[31m
                [33mpoints[31m=[32m"9 18 15 12 9 6"[31m
              [36m/>[31m
            [36m</svg>[31m
          [36m</button>[31m
          [36m<button[31m
            [33mclass[31m=[32m"p-1 rounded text-gray-400 hover:bg-gray-700 "[31m
          [36m>[31m
            [36m<svg[31m
              [33mfill[31m=[32m"none"[31m
              [33mheight[31m=[32m"14"[31m
              [33mstroke[31m=[32m"currentColor"[31m
              [33mstroke-width[31m=[32m"2.5"[31m
              [33mviewBox[31m=[32m"0 0 24 24"[31m
              [33mwidth[31m=[32m"14"[31m
            [36m>[31m
              [36m<polyline[31m
                [33mpoints[31m=[32m"23 4 23 10 17 10"[31m
              [36m/>[31m
              [36m<path[31m
                [33md[31m=[32m"M20.49 15a9 9 0 1 1-2.12-9.36L23 10"[31m
              [36m/>[31m
            [36m</svg>[31m
          [36m</button>[31m
        [36m</div>[31m
        [36m<div[31m
          [33mclass[31m=[32m"flex-1 flex items-center gap-2 bg-gray-900 rounded-full px-3 py-1.5 border border-gray-700"[31m
        [36m>[31m
          [36m<svg[31m
            [33mfill[31m=[32m"none"[31m
            [33mheight[31m=[32m"11"[31m
            [33mstroke[31m=[32m"#6b7280"[31m
            [33mstroke-width[31m=[32m"2"[31m
            [33mviewBox[31m=[32m"0 0 24 24"[31m
            [33mwidth[31m=[32m"11"[31m
          [36m>[31m
            [36m<rect[31m
              [33mheight[31m=[32m"11"[31m
              [33mrx[31m=[32m"2"[31m
              [33mwidth[31m=[32m"18"[31m
              [33mx[31m=[32m"3"[31m
              [33my[31m=[32m"11"[31m
            [36m/>[31m
            [36m<path[31m
              [33md[31m=[32m"M7 11V7a5 5 0 0 1 10 0v4"[31m
            [36m/>[31m
          [36m</svg>[31m
          [36m<input[31m
            [33mclass[31m=[32m"flex-1 bg-transparent text-gray-300 text-xs outline-none font-mono"[31m
            [33mspellcheck[31m=[32m"false"[31m
            [33mtype[31m=[32m"text"[31m
            [33mvalue[31m=[32m"http://10.10.20.11/?page=uploads/shell.php"[31m
          [36m/>[31m
        [36m</div>[31m
        [36m<div[31m
          [33mclass[31m=[32m"flex items-center gap-1.5 px-2 py-1 bg-gray-700 rounded text-xs text-gray-400 font-mono"[31m
        [36m>[31m
          [36m<span>[31m
            [0mCyberBrowser[0m
          [36m</span>[31m
        [36m</div>[31m
      [36m</div>[31m
      [36m<div[31m
        [33mclass[31m=[32m"flex-1 overflow-auto bg-white"[31m
      [36m>[31m
        [36m<div[31m
          [33mclass[31m=[32m"min-h-full bg-white font-sans text-gray-800"[31m
        [36m>[31m
          [36m<nav[31m
            [33mclass[31m=[32m"bg-slate-800 text-white px-6 py-3 flex items-center gap-6"[31m
          [36m>[31m
            [36m<span[31m
              [33mclass[31m=[32m"font-bold text-lg border-r border-slate-600 pr-6"[31m
            [36m>[31m
              [0mDevPortal[0m
            [36m</span>[31m
            [36m<button[31m
              [33mclass[31m=[32m"text-sm hover:text-blue-300"[31m
            [36m>[31m
              [0m🏠 Inicio[0m
            [36m</button>[31m
            [36m<button[31m
              [33mclass[31m=[32m"text-sm hover:text-blue-300"[31m
            [36m>[31m
              [0mℹ️ Acerca de[0m
            [36m</button>[31m
            [36m<button[31m
              [33mclass[31m=[32m"text-sm hover:text-blue-300"[31m
            [36m>[31m
              [0m✉️ Contacto[0m
            [36m</button>[31m
            [36m<button[31m
              [33mclass[31m=[32m"text-sm hover:text-blue-300"[31m
            [36m>[31m
              [0m📤 Upload[0m
            [36m</button>[31m
            [36m<button[31m
              [33mclass[31m=[32m"text-sm hover:text-blue-300"[31m
            [36m>[31m
              [0m📁 Archivos[0m
            [36m</button>[31m
          [36m</nav>[31m
          [36m<div[31m
            [33mclass[31m=[32m"p-10 max-w-2xl mx-auto"[31m
          [36m>[31m
            [36m<div[31m
              [33mclass[31m=[32m"bg-red-50 border border-red-200 rounded-lg p-6"[31m
            [36m>[31m
              [36m<h2[31m
                [33mclass[31m=[32m"text-xl font-bold text-red-800 mb-2 font-mono"[31m
              [36m>[31m
                [0m❌ 404 NOT FOUND[0m
              [36m</h2>[31m
              [36m<p[31m
                [33mclass[31m=[32m"text-sm text-red-700 mb-4 font-mono"[31m
              [36m>[31m
                [0mFile: [0m
                [0muploads/shell.php[0m
              [36m</p>[31m
              [36m<div[31m
                [33mclass[31m=[32m"bg-gray-900 text-green-400 font-mono text-xs p-4 rounded shadow-inner"[31m
              [36m>[31m
                [36m<div>[31m
                  [0mPHP Warning: include([0m
                  [0muploads/shell.php[0m
                  [0m): failed to open stream[0m
                [36m</div>[31m
                [36m<div>[31m
                  [0min /var/www/html/index.php on line 5[0m
                [36m</div>[31m
              [36m</div>[31m
            [36m</div>[31m
          [36m</div>[31m
        [36m</div>[31m
      [36m</div>[31m
    [36m</div>[31m
  [36m</div>[31m
[36m</body>[31m[39m
 [32m✓[39m src/components/__tests__/FakeBrowser.test.tsx[2m > [22mFakeBrowser - Integración de Navegación y Lógica de Hacking[2m > [22mdebe navegar a WordPress index cuando se accede a la IP[32m 55[2mms[22m[39m
 [31m×[39m src/components/fakesites/lfi_lab/__tests__/InclusionSite.test.tsx[2m > [22mInclusionSite - LFI Lab[2m > [22mPágina principal[2m > [22mdebe mostrar el contenido de contact.php[32m 69[2mms[22m[39m
[31m   → Unable to find an element with the text: /Envíanos un mensaje/i. This could be because the text is broken up by multiple elements. In this case, you can provide a function for your text matcher to make your matcher more flexible.

Ignored nodes: comments, script, style
[36m<body>[31m
  [36m<div>[31m
    [36m<div[31m
      [33mclass[31m=[32m"min-h-full bg-white font-sans text-gray-800"[31m
    [36m>[31m
      [36m<nav[31m
        [33mclass[31m=[32m"bg-slate-800 text-white px-6 py-3 flex items-center gap-6"[31m
      [36m>[31m
        [36m<span[31m
          [33mclass[31m=[32m"font-bold text-lg border-r border-slate-600 pr-6"[31m
        [36m>[31m
          [0mDevPortal[0m
        [36m</span>[31m
        [36m<button[31m
          [33mclass[31m=[32m"text-sm hover:text-blue-300"[31m
        [36m>[31m
          [0m🏠 Inicio[0m
        [36m</button>[31m
        [36m<button[31m
          [33mclass[31m=[32m"text-sm hover:text-blue-300"[31m
        [36m>[31m
          [0mℹ️ Acerca de[0m
        [36m</button>[31m
        [36m<button[31m
          [33mclass[31m=[32m"text-sm text-blue-300 font-bold"[31m
        [36m>[31m
          [0m✉️ Contacto[0m
        [36m</button>[31m
        [36m<button[31m
          [33mclass[31m=[32m"text-sm hover:text-blue-300"[31m
        [36m>[31m
          [0m📤 Upload[0m
        [36m</button>[31m
        [36m<button[31m
          [33mclass[31m=[32m"text-sm hover:text-blue-300"[31m
        [36m>[31m
          [0m📁 Archivos[0m
        [36m</button>[31m
      [36m</nav>[31m
      [36m<div[31m
        [33mclass[31m=[32m"p-10 max-w-4xl mx-auto"[31m
      [36m>[31m
        [36m<div>[31m
          [36m<h1[31m
            [33mclass[31m=[32m"text-2xl font-bold mb-6"[31m
          [36m>[31m
            [0mContacto Directo[0m
          [36m</h1>[31m
          [36m<div[31m
            [33mclass[31m=[32m"grid grid-cols-1 md:grid-cols-2 gap-8 text-gray-700"[31m
          [36m>[31m
            [36m<div>[31m
              [36m<h3[31m
                [33mclass[31m=[32m"font-bold mb-4"[31m
              [36m>[31m
                [0mEnvíanos un reporte[0m
              [36m</h3>[31m
              [36m<form[31m
                [33mclass[31m=[32m"space-y-4"[31m
              [36m>[31m
                [36m<div>[31m
                  [36m<label[31m
                    [33mclass[31m=[32m"block text-xs font-bold uppercase text-gray-500 mb-1"[31m
                  [36m>[31m
                    [0mNombre[0m
                  [36m</label>[31m
                  [36m<input[31m
                    [33mclass[31m=[32m"w-full px-3 py-2 border border-gray-200 rounded text-sm focus:border-blue-500 outline-none"[31m
                    [33mplaceholder[31m=[32m"Tu nombre"[31m
                    [33mtype[31m=[32m"text"[31m
                  [36m/>[31m
                [36m</div>[31m
                [36m<div>[31m
                  [36m<label[31m
                    [33mclass[31m=[32m"block text-xs font-bold uppercase text-gray-500 mb-1"[31m
                  [36m>[31m
                    [0mEmail[0m
                  [36m</label>[31m
                  [36m<input[31m
                    [33mclass[31m=[32m"w-full px-3 py-2 border border-gray-200 rounded text-sm focus:border-blue-500 outline-none"[31m
                    [33mplaceholder[31m=[32m"tu@email.com"[31m
                    [33mtype[31m=[32m"email"[31m
                  [36m/>[31m
                [36m</div>[31m
                [36m<div>[31m
                  [36m<label[31m
                    [33mclass[31m=[32m"block text-xs font-bold uppercase text-gray-500 mb-1"[31m
                  [36m>[31m
                    [0mMensaje[0m
                  [36m</label>[31m
                  [36m<textarea[31m
                    [33mclass[31m=[32m"w-full px-3 py-2 border border-gray-200 rounded text-sm h-24 focus:border-blue-500 outline-none"[31m
                    [33mplaceholder[31m=[32m"Tu reporte..."[31m
                  [36m/>[31m
                [36m</div>[31m
                [36m<button[31m
                  [33mclass[31m=[32m"px-5 py-2 bg-slate-800 text-white rounded text-sm font-semibold hover:bg-slate-700 transition-colors"[31m
                  [33mtype[31m=[32m"submit"[31m
                [36m>[31m
                  [0mEnviar Reporte[0m
                [36m</button>[31m
              [36m</form>[31m
            [36m</div>[31m
            [36m<div[31m
              [33mclass[31m=[32m"bg-gray-50 p-6 rounded-xl border border-gray-100"[31m
            [36m>[31m
              [36m<h3[31m
                [33mclass[31m=[32m"font-bold mb-4"[31m
              [36m>[31m
                [0mSoporte Técnico[0m
              [36m</h3>[31m
              [36m<div[31m
                [33mclass[31m=[32m"space-y-4 text-sm text-gray-600"[31m
              [36m>[31m
                [36m<div[31m
                  [33mclass[31m=[32m"flex items-start gap-3"[31m
                [36m>[31m
                  [36m<span[31m
                    [33mclass[31m=[32m"text-blue-500"[31m
                  [36m>[31m
                    [0m📍[0m
                  [36m</span>[31m
                  [36m<span>[31m
                    [0mSede Central: Av. Corrientes 1234, CABA[0m
                  [36m</span>[31m
                [36m</div>[31m
                [36m<div[31m
                  [33mclass[31m=[32m"flex items-start gap-3"[31m
                [36m>[31m
                  [36m<span[31m
                    [33mclass[31m=[32m"text-blue-500"[31m
                  [36m>[31m
                    [0m📞[0m
                  [36m</span>[31m
                  [36m<span>[31m
                    [0mInterno: +54 11 1234-5678 (Ext 404)[0m
                  [36m</span>[31m
                [36m</div>[31m
                [36m<div[31m
                  [33mclass[31m=[32m"flex items-start gap-3"[31m
                [36m>[31m
                  [36m<span[31m
                    [33mclass[31m=[32m"text-blue-500"[31m
                  [36m>[31m
                    [0m✉️[0m
                  [36m</span>[31m
                  [36m<span>[31m
                    [0mhelpdesk@devportal.local[0m
                  [36m</span>[31m
                [36m</div>[31m
                [36m<div[31m
                  [33mclass[31m=[32m"mt-6 pt-4 border-t border-gray-200 text-xs italic"[31m
                [36m>[31m
                  [0mHorario de atención: Lunes a Viernes de 09:00 a 18:00 hs.[0m
                [36m</div>[31m
              [36m</div>[31m
            [36m</div>[31m
          [36m</div>[31m
        [36m</div>[31m
      [36m</div>[31m
    [36m</div>[31m
  [36m</div>[31m
[36m</body>[31m[39m
 [31m×[39m src/components/fakesites/lfi_lab/__tests__/InclusionSite.test.tsx[2m > [22mInclusionSite - LFI Lab[2m > [22mPágina de upload[2m > [22mdebe renderizar la página de upload[32m 23[2mms[22m[39m
[31m   → Unable to find an element with the text: /Panel de Carga de Archivos/i. This could be because the text is broken up by multiple elements. In this case, you can provide a function for your text matcher to make your matcher more flexible.

Ignored nodes: comments, script, style
[36m<body>[31m
  [36m<div>[31m
    [36m<div[31m
      [33mclass[31m=[32m"min-h-full bg-white font-sans text-gray-800"[31m
    [36m>[31m
      [36m<nav[31m
        [33mclass[31m=[32m"bg-slate-800 text-white px-6 py-3 flex items-center gap-6"[31m
      [36m>[31m
        [36m<span[31m
          [33mclass[31m=[32m"font-bold text-lg border-r border-slate-600 pr-6"[31m
        [36m>[31m
          [0mDevPortal[0m
        [36m</span>[31m
        [36m<button[31m
          [33mclass[31m=[32m"text-sm hover:text-blue-300"[31m
        [36m>[31m
          [0m🏠 Inicio[0m
        [36m</button>[31m
        [36m<button[31m
          [33mclass[31m=[32m"text-sm hover:text-blue-300"[31m
        [36m>[31m
          [0mℹ️ Acerca de[0m
        [36m</button>[31m
        [36m<button[31m
          [33mclass[31m=[32m"text-sm hover:text-blue-300"[31m
        [36m>[31m
          [0m✉️ Contacto[0m
        [36m</button>[31m
        [36m<button[31m
          [33mclass[31m=[32m"text-sm text-blue-300 font-bold"[31m
        [36m>[31m
          [0m📤 Upload[0m
        [36m</button>[31m
        [36m<button[31m
          [33mclass[31m=[32m"text-sm hover:text-blue-300"[31m
        [36m>[31m
          [0m📁 Archivos[0m
        [36m</button>[31m
      [36m</nav>[31m
      [36m<div[31m
        [33mclass[31m=[32m"p-8 max-w-2xl mx-auto"[31m
      [36m>[31m
        [36m<h1[31m
          [33mclass[31m=[32m"text-2xl font-bold mb-6"[31m
        [36m>[31m
          [0m📤 Carga de Scripts de Mantenimiento[0m
        [36m</h1>[31m
        [36m<div[31m
          [33mclass[31m=[32m"bg-blue-50 border-l-4 border-blue-500 p-4 mb-6 text-sm text-blue-800 rounded"[31m
        [36m>[31m
          [0mSube herramientas desde tu máquina Kali para realizar diagnósticos locales en el servidor.[0m
        [36m</div>[31m
        [36m<div[31m
          [33mclass[31m=[32m"border border-gray-200 rounded-xl p-6 bg-gray-50 shadow-sm"[31m
        [36m>[31m
          [36m<label[31m
            [33mclass[31m=[32m"block text-sm font-semibold mb-2"[31m
          [36m>[31m
            [0mArchivo en Kali Linux (/root/):[0m
          [36m</label>[31m
          [36m<select[31m
            [33mclass[31m=[32m"w-full p-2.5 mb-4 border border-gray-300 rounded bg-white text-sm outline-none focus:border-blue-500"[31m
          [36m>[31m
            [36m<option[31m
              [33mvalue[31m=[32m""[31m
            [36m>[31m
              [0m-- Seleccionar archivo --[0m
            [36m</option>[31m
            [36m<option[31m
              [33mvalue[31m=[32m"/root/payload.php"[31m
            [36m>[31m
              [0mpayload.php[0m
            [36m</option>[31m
          [36m</select>[31m
          [36m<button[31m
            [33mclass[31m=[32m"w-full py-2.5 bg-blue-600 text-white font-bold rounded hover:bg-blue-700 disabled:bg-gray-400 transition-all"[31m
            [33mdisabled[31m=[32m""[31m
          [36m>[31m
            [0mSubir Archivo[0m
          [36m</button>[31m
        [36m</div>[31m
      [36m</div>[31m
    [36m</div>[31m
  [36m</div>[31m
[36m</body>[31m[39m
 [31m×[39m src/components/fakesites/lfi_lab/__tests__/InclusionSite.test.tsx[2m > [22mInclusionSite - LFI Lab[2m > [22mPágina de upload[2m > [22mdebe mostrar el selector de archivos[32m 18[2mms[22m[39m
[31m   → Unable to find an element with the text: /Seleccionar archivo desde Kali/i. This could be because the text is broken up by multiple elements. In this case, you can provide a function for your text matcher to make your matcher more flexible.

Ignored nodes: comments, script, style
[36m<body>[31m
  [36m<div>[31m
    [36m<div[31m
      [33mclass[31m=[32m"min-h-full bg-white font-sans text-gray-800"[31m
    [36m>[31m
      [36m<nav[31m
        [33mclass[31m=[32m"bg-slate-800 text-white px-6 py-3 flex items-center gap-6"[31m
      [36m>[31m
        [36m<span[31m
          [33mclass[31m=[32m"font-bold text-lg border-r border-slate-600 pr-6"[31m
        [36m>[31m
          [0mDevPortal[0m
        [36m</span>[31m
        [36m<button[31m
          [33mclass[31m=[32m"text-sm hover:text-blue-300"[31m
        [36m>[31m
          [0m🏠 Inicio[0m
        [36m</button>[31m
        [36m<button[31m
          [33mclass[31m=[32m"text-sm hover:text-blue-300"[31m
        [36m>[31m
          [0mℹ️ Acerca de[0m
        [36m</button>[31m
        [36m<button[31m
          [33mclass[31m=[32m"text-sm hover:text-blue-300"[31m
        [36m>[31m
          [0m✉️ Contacto[0m
        [36m</button>[31m
        [36m<button[31m
          [33mclass[31m=[32m"text-sm text-blue-300 font-bold"[31m
        [36m>[31m
          [0m📤 Upload[0m
        [36m</button>[31m
        [36m<button[31m
          [33mclass[31m=[32m"text-sm hover:text-blue-300"[31m
        [36m>[31m
          [0m📁 Archivos[0m
        [36m</button>[31m
      [36m</nav>[31m
      [36m<div[31m
        [33mclass[31m=[32m"p-8 max-w-2xl mx-auto"[31m
      [36m>[31m
        [36m<h1[31m
          [33mclass[31m=[32m"text-2xl font-bold mb-6"[31m
        [36m>[31m
          [0m📤 Carga de Scripts de Mantenimiento[0m
        [36m</h1>[31m
        [36m<div[31m
          [33mclass[31m=[32m"bg-blue-50 border-l-4 border-blue-500 p-4 mb-6 text-sm text-blue-800 rounded"[31m
        [36m>[31m
          [0mSube herramientas desde tu máquina Kali para realizar diagnósticos locales en el servidor.[0m
        [36m</div>[31m
        [36m<div[31m
          [33mclass[31m=[32m"border border-gray-200 rounded-xl p-6 bg-gray-50 shadow-sm"[31m
        [36m>[31m
          [36m<label[31m
            [33mclass[31m=[32m"block text-sm font-semibold mb-2"[31m
          [36m>[31m
            [0mArchivo en Kali Linux (/root/):[0m
          [36m</label>[31m
          [36m<select[31m
            [33mclass[31m=[32m"w-full p-2.5 mb-4 border border-gray-300 rounded bg-white text-sm outline-none focus:border-blue-500"[31m
          [36m>[31m
            [36m<option[31m
              [33mvalue[31m=[32m""[31m
            [36m>[31m
              [0m-- Seleccionar archivo --[0m
            [36m</option>[31m
            [36m<option[31m
              [33mvalue[31m=[32m"/root/payload.php"[31m
            [36m>[31m
              [0mpayload.php[0m
            [36m</option>[31m
          [36m</select>[31m
          [36m<button[31m
            [33mclass[31m=[32m"w-full py-2.5 bg-blue-600 text-white font-bold rounded hover:bg-blue-700 disabled:bg-gray-400 transition-all"[31m
            [33mdisabled[31m=[32m""[31m
          [36m>[31m
            [0mSubir Archivo[0m
          [36m</button>[31m
        [36m</div>[31m
      [36m</div>[31m
    [36m</div>[31m
  [36m</div>[31m
[36m</body>[31m[39m
 [32m✓[39m src/components/__tests__/FakeBrowser.test.tsx[2m > [22mFakeBrowser - Integración de Navegación y Lógica de Hacking[2m > [22mdebe mostrar bloqueo en /uploads si el nivel de descubrimiento es menor a 3[32m 47[2mms[22m[39m
 [32m✓[39m src/components/__tests__/FakeBrowser.test.tsx[2m > [22mFakeBrowser - Integración de Navegación y Lógica de Hacking[2m > [22mdebe mostrar uploads cuando el nivel de descubrimiento es 3 o mayor[32m 83[2mms[22m[39m
 [32m✓[39m src/components/__tests__/LandingPage.test.tsx[2m > [22mLandingPage[2m > [22mdebe renderizar el header con el logo[33m 797[2mms[22m[39m
 [31m×[39m src/components/fakesites/lfi_lab/__tests__/InclusionSite.test.tsx[2m > [22mInclusionSite - LFI Lab[2m > [22mPágina de upload[2m > [22mdebe mostrar archivos por defecto si no se proporcionan attackerFiles[33m 619[2mms[22m[39m
[31m   → expected false to be true // Object.is equality[39m
 [32m✓[39m src/components/fakesites/wordpress/wp01/__tests__/Login.test.tsx[2m > [22mWordPress Lab (wp01) - Componentes Vulnerables[2m > [22mWPLogin[2m > [22mdebe mostrar error con credenciales incorrectas[33m 917[2mms[22m[39m
 [32m✓[39m src/components/__tests__/NetworkMap.test.tsx[2m > [22mNetworkMap[2m > [22mdebe mostrar IPs para máquinas descubiertas[32m 74[2mms[22m[39m
 [32m✓[39m src/components/__tests__/NetworkMap.test.tsx[2m > [22mNetworkMap[2m > [22mdebe mostrar ??? para máquinas no descubiertas[32m 43[2mms[22m[39m
 [32m✓[39m src/components/fakesites/wordpress/wp01/__tests__/Login.test.tsx[2m > [22mWordPress Lab (wp01) - Componentes Vulnerables[2m > [22mWPLogin[2m > [22mdebe llamar a onLoginSuccess con las credenciales correctas[32m 260[2mms[22m[39m
 [32m✓[39m src/components/fakesites/wordpress/wp01/__tests__/Login.test.tsx[2m > [22mWordPress Lab (wp01) - Componentes Vulnerables[2m > [22mWPUploads & Information Leakage[2m > [22mWPUploads debe emitir onCredentialsFound al clickear el backup[32m 55[2mms[22m[39m
 [32m✓[39m src/components/fakesites/wordpress/wp01/__tests__/Login.test.tsx[2m > [22mWordPress Lab (wp01) - Componentes Vulnerables[2m > [22mWPUploads & Information Leakage[2m > [22mWPConfigBak debe mostrar solo credenciales WP-Admin[32m 50[2mms[22m[39m
 [32m✓[39m src/components/fakesites/lfi_lab/__tests__/InclusionSite.test.tsx[2m > [22mInclusionSite - LFI Lab[2m > [22mPágina de upload[2m > [22mdebe mostrar archivos personalizados de attackerFiles[32m 205[2mms[22m[39m
 [32m✓[39m src/components/__tests__/NetworkMap.test.tsx[2m > [22mNetworkMap[2m > [22mdebe llamar onClose al hacer clic en el botón cerrar[33m 486[2mms[22m[39m
 [32m✓[39m src/components/__tests__/LandingPage.test.tsx[2m > [22mLandingPage[2m > [22mdebe mostrar la cantidad de labs disponibles[33m 326[2mms[22m[39m
 [32m✓[39m src/components/__tests__/NetworkMap.test.tsx[2m > [22mNetworkMap[2m > [22mdebe mostrar badges de progreso para máquinas descubiertas[32m 125[2mms[22m[39m
 [32m✓[39m src/components/__tests__/NetworkMap.test.tsx[2m > [22mNetworkMap[2m > [22mdebe mostrar la leyenda de niveles[32m 100[2mms[22m[39m
 [32m✓[39m src/components/__tests__/LandingPage.test.tsx[2m > [22mLandingPage[2m > [22mdebe renderizar el título principal[33m 373[2mms[22m[39m
 [31m×[39m src/components/__tests__/NetworkMap.test.tsx[2m > [22mNetworkMap[2m > [22mdebe mostrar credenciales encontradas[32m 119[2mms[22m[39m
[31m   → Unable to find an element with the text: Credenciales Comprometidas. This could be because the text is broken up by multiple elements. In this case, you can provide a function for your text matcher to make your matcher more flexible.

Ignored nodes: comments, script, style
[36m<body>[31m
  [36m<div>[31m
    [36m<div[31m
      [33mclass[31m=[32m"absolute inset-0 z-50 bg-gray-950/95 backdrop-blur-sm flex flex-col"[31m
      [33mstyle[31m=[32m"animation: fadeInMap 0.2s;"[31m
    [36m>[31m
      [36m<div[31m
        [33mclass[31m=[32m"flex items-center justify-between px-7 py-5 border-b border-gray-800"[31m
      [36m>[31m
        [36m<div>[31m
          [36m<h2[31m
            [33mclass[31m=[32m"text-base font-bold text-gray-100 flex items-center gap-2.5"[31m
          [36m>[31m
            [36m<svg[31m
              [33mfill[31m=[32m"none"[31m
              [33mheight[31m=[32m"16"[31m
              [33mstroke[31m=[32m"#10b981"[31m
              [33mstroke-width[31m=[32m"2"[31m
              [33mviewBox[31m=[32m"0 0 24 24"[31m
              [33mwidth[31m=[32m"16"[31m
            [36m>[31m
              [36m<rect[31m
                [33mheight[31m=[32m"6"[31m
                [33mwidth[31m=[32m"6"[31m
                [33mx[31m=[32m"9"[31m
                [33my[31m=[32m"2"[31m
              [36m/>[31m
              [36m<rect[31m
                [33mheight[31m=[32m"6"[31m
                [33mwidth[31m=[32m"6"[31m
                [33mx[31m=[32m"2"[31m
                [33my[31m=[32m"16"[31m
              [36m/>[31m
              [36m<rect[31m
                [33mheight[31m=[32m"6"[31m
                [33mwidth[31m=[32m"6"[31m
                [33mx[31m=[32m"16"[31m
                [33my[31m=[32m"16"[31m
              [36m/>[31m
              [36m<line[31m
                [33mx1[31m=[32m"12"[31m
                [33mx2[31m=[32m"12"[31m
                [33my1[31m=[32m"8"[31m
                [33my2[31m=[32m"14"[31m
              [36m/>[31m
              [36m<line[31m
                [33mx1[31m=[32m"5"[31m
                [33mx2[31m=[32m"12"[31m
                [33my1[31m=[32m"14"[31m
                [33my2[31m=[32m"14"[31m
              [36m/>[31m
              [36m<line[31m
                [33mx1[31m=[32m"19"[31m
                [33mx2[31m=[32m"12"[31m
                [33my1[31m=[32m"14"[31m
                [33my2[31m=[32m"14"[31m
              [36m/>[31m
            [36m</svg>[31m
            [0mWordPress Lab[0m
          [36m</h2>[31m
          [36m<p[31m
            [33mclass[31m=[32m"text-xs text-gray-600 font-mono mt-0.5"[31m
          [36m>[31m
            [0m192.168.1.0/24[0m
          [36m</p>[31m
        [36m</div>[31m
        [36m<button[31m
          [33mclass[31m=[32m"p-2 rounded-full hover:bg-gray-800 text-gray-500 hover:text-gray-200 transition-colors"[31m
        [36m>[31m
          [36m<svg[31m
            [33mfill[31m=[32m"none"[31m
            [33mheight[31m=[32m"18"[31m
            [33mstroke[31m=[32m"currentColor"[31m
            [33mstroke-width[31m=[32m"2"[31m
            [33mviewBox[31m=[32m"0 0 24 24"[31m
            [33mwidth[31m=[32m"18"[31m
          [36m>[31m
            [36m<line[31m
              [33mx1[31m=[32m"18"[31m
              [33mx2[31m=[32m"6"[31m
              [33my1[31m=[32m"6"[31m
              [33my2[31m=[32m"18"[31m
            [36m/>[31m
            [36m<line[31m
              [33mx1[31m=[32m"6"[31m
              [33mx2[31m=[32m"18"[31m
              [33my1[31m=[32m"6"[31m
              [33my2[31m=[32m"18"[31m
            [36m/>[31m
          [36m</svg>[31m
        [36m</button>[31m
      [36m</div>[31m
      [36m<div[31m
        [33mclass[31m=[32m"flex-1 flex items-center justify-center p-8 overflow-auto"[31m
      [36m>[31m
        [36m<div[31m
          [33mclass[31m=[32m"flex flex-wrap gap-6 justify-center items-center"[31m
        [36m>[31m
          [36m<div[31m
            [33mclass[31m=[32m"relative flex flex-col items-center rounded-2xl border-2 overflow-hidden transition-all w-52 cursor-pointer hover:scale-105"[31m
            [33mstyle[31m=[32m"border-color: rgb(16, 185, 129); background: rgb(17, 24, 39); box-shadow: 0 0 28px #10b98140;"[31m
          [36m>[31m
            [36m<div[31m
              [33mclass[31m=[32m"absolute top-0 left-0 right-0 flex justify-center"[31m
            [36m>[31m
              [36m<div[31m
                [33mclass[31m=[32m"px-3 py-0.5 text-xs font-bold uppercase whitespace-nowrap rounded-b-lg"[31m
                [33mstyle[31m=[32m"background: rgb(16, 185, 129); color: rgb(0, 0, 0);"[31m
              [36m>[31m
                [0mSesión Activa[0m
              [36m</div>[31m
            [36m</div>[31m
            [36m<div[31m
              [33mclass[31m=[32m"flex flex-col items-center gap-3 p-6 w-full pt-8"[31m
            [36m>[31m
              [36m<div[31m
                [33mclass[31m=[32m"p-4 rounded-2xl"[31m
                [33mstyle[31m=[32m"background: rgba(16, 185, 129, 0.082); color: rgb(16, 185, 129);"[31m
              [36m>[31m
                [36m<svg[31m
                  [33mfill[31m=[32m"none"[31m
                  [33mheight[31m=[32m"36"[31m
                  [33mstroke[31m=[32m"currentColor"[31m
                  [33mstroke-width[31m=[32m"1.5"[31m
                  [33mviewBox[31m=[32m"0 0 24 24"[31m
                  [33mwidth[31m=[32m"36"[31m
                [36m>[31m
                  [36m<rect[31m
                    [33mheight[31m=[32m"14"[31m
                    [33mrx[31m=[32m"2"[31m
                    [33mwidth[31m=[32m"20"[31m
                    [33mx[31m=[32m"2"[31m
                    [33my[31m=[32m"3"[31m
                  [36m/>[31m
                  [36m<line[31m
                    [33mx1[31m=[32m"8"[31m
                    [33mx2[31m=[32m"16"[31m
                    [33my1[31m=[32m"21"[31m
                    [33my2[31m=[32m"21"[31m
                  [36m/>[31m
                  [36m<line[31m
                    [33mx1[31m=[32m"12"[31m
                    [33mx2[31m=[32m"12"[31m
                    [33my1[31m=[32m"17"[31m
                    [33my2[31m=[32m"21"[31m
                  [36m/>[31m
                [36m</svg>[31m
              [36m</div>[31m
              [36m<div[31m
                [33mclass[31m=[32m"text-center w-full"[31m
              [36m>[31m
                [36m<p[31m
                  [33mclass[31m=[32m"font-bold text-gray-200 truncate text-sm"[31m
                [36m>[31m
                  [0mkali[0m
                [36m</p>[31m
                [36m<p[31m
                  [33mclass[31m=[32m"text-xs font-mono mt-1"[31m
                  [33mstyle[31m=[32m"color: rgb(16, 185, 129);"[31m
                [36m>[31m
                  [0m192.168.1.5[0m
                [36m</p>[31m
                [36m<p[31m
                  [3...[39m
 [31m×[39m src/components/__tests__/NetworkMap.test.tsx[2m > [22mNetworkMap[2m > [22mdebe mostrar credenciales sin verificar[32m 104[2mms[22m[39m
[31m   → Unable to find an element with the text: Pendiente de Validación. This could be because the text is broken up by multiple elements. In this case, you can provide a function for your text matcher to make your matcher more flexible.

Ignored nodes: comments, script, style
[36m<body>[31m
  [36m<div>[31m
    [36m<div[31m
      [33mclass[31m=[32m"absolute inset-0 z-50 bg-gray-950/95 backdrop-blur-sm flex flex-col"[31m
      [33mstyle[31m=[32m"animation: fadeInMap 0.2s;"[31m
    [36m>[31m
      [36m<div[31m
        [33mclass[31m=[32m"flex items-center justify-between px-7 py-5 border-b border-gray-800"[31m
      [36m>[31m
        [36m<div>[31m
          [36m<h2[31m
            [33mclass[31m=[32m"text-base font-bold text-gray-100 flex items-center gap-2.5"[31m
          [36m>[31m
            [36m<svg[31m
              [33mfill[31m=[32m"none"[31m
              [33mheight[31m=[32m"16"[31m
              [33mstroke[31m=[32m"#10b981"[31m
              [33mstroke-width[31m=[32m"2"[31m
              [33mviewBox[31m=[32m"0 0 24 24"[31m
              [33mwidth[31m=[32m"16"[31m
            [36m>[31m
              [36m<rect[31m
                [33mheight[31m=[32m"6"[31m
                [33mwidth[31m=[32m"6"[31m
                [33mx[31m=[32m"9"[31m
                [33my[31m=[32m"2"[31m
              [36m/>[31m
              [36m<rect[31m
                [33mheight[31m=[32m"6"[31m
                [33mwidth[31m=[32m"6"[31m
                [33mx[31m=[32m"2"[31m
                [33my[31m=[32m"16"[31m
              [36m/>[31m
              [36m<rect[31m
                [33mheight[31m=[32m"6"[31m
                [33mwidth[31m=[32m"6"[31m
                [33mx[31m=[32m"16"[31m
                [33my[31m=[32m"16"[31m
              [36m/>[31m
              [36m<line[31m
                [33mx1[31m=[32m"12"[31m
                [33mx2[31m=[32m"12"[31m
                [33my1[31m=[32m"8"[31m
                [33my2[31m=[32m"14"[31m
              [36m/>[31m
              [36m<line[31m
                [33mx1[31m=[32m"5"[31m
                [33mx2[31m=[32m"12"[31m
                [33my1[31m=[32m"14"[31m
                [33my2[31m=[32m"14"[31m
              [36m/>[31m
              [36m<line[31m
                [33mx1[31m=[32m"19"[31m
                [33mx2[31m=[32m"12"[31m
                [33my1[31m=[32m"14"[31m
                [33my2[31m=[32m"14"[31m
              [36m/>[31m
            [36m</svg>[31m
            [0mWordPress Lab[0m
          [36m</h2>[31m
          [36m<p[31m
            [33mclass[31m=[32m"text-xs text-gray-600 font-mono mt-0.5"[31m
          [36m>[31m
            [0m192.168.1.0/24[0m
          [36m</p>[31m
        [36m</div>[31m
        [36m<button[31m
          [33mclass[31m=[32m"p-2 rounded-full hover:bg-gray-800 text-gray-500 hover:text-gray-200 transition-colors"[31m
        [36m>[31m
          [36m<svg[31m
            [33mfill[31m=[32m"none"[31m
            [33mheight[31m=[32m"18"[31m
            [33mstroke[31m=[32m"currentColor"[31m
            [33mstroke-width[31m=[32m"2"[31m
            [33mviewBox[31m=[32m"0 0 24 24"[31m
            [33mwidth[31m=[32m"18"[31m
          [36m>[31m
            [36m<line[31m
              [33mx1[31m=[32m"18"[31m
              [33mx2[31m=[32m"6"[31m
              [33my1[31m=[32m"6"[31m
              [33my2[31m=[32m"18"[31m
            [36m/>[31m
            [36m<line[31m
              [33mx1[31m=[32m"6"[31m
              [33mx2[31m=[32m"18"[31m
              [33my1[31m=[32m"6"[31m
              [33my2[31m=[32m"18"[31m
            [36m/>[31m
          [36m</svg>[31m
        [36m</button>[31m
      [36m</div>[31m
      [36m<div[31m
        [33mclass[31m=[32m"flex-1 flex items-center justify-center p-8 overflow-auto"[31m
      [36m>[31m
        [36m<div[31m
          [33mclass[31m=[32m"flex flex-wrap gap-6 justify-center items-center"[31m
        [36m>[31m
          [36m<div[31m
            [33mclass[31m=[32m"relative flex flex-col items-center rounded-2xl border-2 overflow-hidden transition-all w-52 cursor-pointer hover:scale-105"[31m
            [33mstyle[31m=[32m"border-color: rgb(16, 185, 129); background: rgb(17, 24, 39); box-shadow: 0 0 28px #10b98140;"[31m
          [36m>[31m
            [36m<div[31m
              [33mclass[31m=[32m"absolute top-0 left-0 right-0 flex justify-center"[31m
            [36m>[31m
              [36m<div[31m
                [33mclass[31m=[32m"px-3 py-0.5 text-xs font-bold uppercase whitespace-nowrap rounded-b-lg"[31m
                [33mstyle[31m=[32m"background: rgb(16, 185, 129); color: rgb(0, 0, 0);"[31m
              [36m>[31m
                [0mSesión Activa[0m
              [36m</div>[31m
            [36m</div>[31m
            [36m<div[31m
              [33mclass[31m=[32m"flex flex-col items-center gap-3 p-6 w-full pt-8"[31m
            [36m>[31m
              [36m<div[31m
                [33mclass[31m=[32m"p-4 rounded-2xl"[31m
                [33mstyle[31m=[32m"background: rgba(16, 185, 129, 0.082); color: rgb(16, 185, 129);"[31m
              [36m>[31m
                [36m<svg[31m
                  [33mfill[31m=[32m"none"[31m
                  [33mheight[31m=[32m"36"[31m
                  [33mstroke[31m=[32m"currentColor"[31m
                  [33mstroke-width[31m=[32m"1.5"[31m
                  [33mviewBox[31m=[32m"0 0 24 24"[31m
                  [33mwidth[31m=[32m"36"[31m
                [36m>[31m
                  [36m<rect[31m
                    [33mheight[31m=[32m"14"[31m
                    [33mrx[31m=[32m"2"[31m
                    [33mwidth[31m=[32m"20"[31m
                    [33mx[31m=[32m"2"[31m
                    [33my[31m=[32m"3"[31m
                  [36m/>[31m
                  [36m<line[31m
                    [33mx1[31m=[32m"8"[31m
                    [33mx2[31m=[32m"16"[31m
                    [33my1[31m=[32m"21"[31m
                    [33my2[31m=[32m"21"[31m
                  [36m/>[31m
                  [36m<line[31m
                    [33mx1[31m=[32m"12"[31m
                    [33mx2[31m=[32m"12"[31m
                    [33my1[31m=[32m"17"[31m
                    [33my2[31m=[32m"21"[31m
                  [36m/>[31m
                [36m</svg>[31m
              [36m</div>[31m
              [36m<div[31m
                [33mclass[31m=[32m"text-center w-full"[31m
              [36m>[31m
                [36m<p[31m
                  [33mclass[31m=[32m"font-bold text-gray-200 truncate text-sm"[31m
                [36m>[31m
                  [0mkali[0m
                [36m</p>[31m
                [36m<p[31m
                  [33mclass[31m=[32m"text-xs font-mono mt-1"[31m
                  [33mstyle[31m=[32m"color: rgb(16, 185, 129);"[31m
                [36m>[31m
                  [0m192.168.1.5[0m
                [36m</p>[31m
                [36m<p[31m
                  [3...[39m
 [32m✓[39m src/components/__tests__/NetworkMap.test.tsx[2m > [22mNetworkMap[2m > [22mdebe cambiar la sesión activa al cambiar de máquina[32m 49[2mms[22m[39m
 [32m✓[39m src/components/__tests__/Terminal.test.tsx[2m > [22mTerminal[2m > [22mdebe renderizar el mensaje de bienvenida[32m 236[2mms[22m[39m
 [32m✓[39m src/components/__tests__/Terminal.test.tsx[2m > [22mTerminal[2m > [22mdebe mostrar el prompt correcto para la máquina atacante[32m 34[2mms[22m[39m
 [32m✓[39m src/components/__tests__/Terminal.test.tsx[2m > [22mTerminal[2m > [22mdebe mostrar el prompt correcto para máquina target[32m 35[2mms[22m[39m
 [32m✓[39m src/components/__tests__/LandingPage.test.tsx[2m > [22mLandingPage[2m > [22mdebe mostrar todas las tarjetas de escenarios[32m 242[2mms[22m[39m
 [32m✓[39m src/components/__tests__/Terminal.test.tsx[2m > [22mTerminal[2m > [22mdebe aceptar entrada de texto[33m 718[2mms[22m[39m
 [32m✓[39m src/components/__tests__/LandingPage.test.tsx[2m > [22mLandingPage[2m > [22mdebe mostrar la dificultad de cada escenario[32m 210[2mms[22m[39m
 [32m✓[39m src/components/__tests__/FakeBrowser.test.tsx[2m > [22mFakeBrowser - Integración de Navegación y Lógica de Hacking[2m > [22mdebe mostrar config.bak cuando se accede a /uploads/config.bak[32m 70[2mms[22m[39m
 [32m✓[39m src/components/__tests__/FakeBrowser.test.tsx[2m > [22mFakeBrowser - Integración de Navegación y Lógica de Hacking[2m > [22mdebe mostrar página 404 para URLs desconocidas[32m 67[2mms[22m[39m
 [32m✓[39m src/components/__tests__/LandingPage.test.tsx[2m > [22mLandingPage[2m > [22mdebe mostrar la categoría de cada escenario[32m 258[2mms[22m[39m
 [32m✓[39m src/components/__tests__/FakeBrowser.test.tsx[2m > [22mFakeBrowser - Integración de Navegación y Lógica de Hacking[2m > [22mdebe llamar onClose al hacer clic en el botón rojo[33m 1210[2mms[22m[39m
 [32m✓[39m src/components/__tests__/FakeBrowser.test.tsx[2m > [22mFakeBrowser - Integración de Navegación y Lógica de Hacking[2m > [22mdebe mostrar sugerencias de búsqueda en Google[32m 57[2mms[22m[39m
 [32m✓[39m src/components/__tests__/FakeBrowser.test.tsx[2m > [22mFakeBrowser - Integración de Navegación y Lógica de Hacking[2m > [22mdebe navegar a Google Search al presionar Enter con una búsqueda[32m 51[2mms[22m[39m
 [32m✓[39m src/components/__tests__/FakeBrowser.test.tsx[2m > [22mFakeBrowser - Integración de Navegación y Lógica de Hacking[2m > [22mdebe permitir ver el sitio de consultoría (Escenario 2)[32m 108[2mms[22m[39m
 [32m✓[39m src/components/__tests__/LandingPage.test.tsx[2m > [22mLandingPage[2m > [22mdebe mostrar el rango de red de cada escenario[32m 111[2mms[22m[39m
 [32m✓[39m src/components/__tests__/Terminal.test.tsx[2m > [22mTerminal[2m > [22mdebe limpiar el input al ejecutar un comando[32m 298[2mms[22m[39m
 [32m✓[39m src/components/__tests__/Terminal.test.tsx[2m > [22mTerminal[2m > [22mdebe navegar por el historial de comandos con flechas[33m 323[2mms[22m[39m
 [32m✓[39m src/components/__tests__/Terminal.test.tsx[2m > [22mTerminal[2m > [22mdebe aplicar el color de terminal personalizado[32m 79[2mms[22m[39m
 [31m×[39m src/components/fakesites/lfi_lab/__tests__/InclusionSite.test.tsx[2m > [22mInclusionSite - LFI Lab[2m > [22mPágina de upload[2m > [22mdebe subir archivo correctamente[33m 1255[2mms[22m[39m
[31m   → Unable to find an element with the text: /subido exitosamente/i. This could be because the text is broken up by multiple elements. In this case, you can provide a function for your text matcher to make your matcher more flexible.

Ignored nodes: comments, script, style
[36m<body>[31m
  [36m<div>[31m
    [36m<div[31m
      [33mclass[31m=[32m"min-h-full bg-white font-sans text-gray-800"[31m
    [36m>[31m
      [36m<nav[31m
        [33mclass[31m=[32m"bg-slate-800 text-white px-6 py-3 flex items-center gap-6"[31m
      [36m>[31m
        [36m<span[31m
          [33mclass[31m=[32m"font-bold text-lg border-r border-slate-600 pr-6"[31m
        [36m>[31m
          [0mDevPortal[0m
        [36m</span>[31m
        [36m<button[31m
          [33mclass[31m=[32m"text-sm hover:text-blue-300"[31m
        [36m>[31m
          [0m🏠 Inicio[0m
        [36m</button>[31m
        [36m<button[31m
          [33mclass[31m=[32m"text-sm hover:text-blue-300"[31m
        [36m>[31m
          [0mℹ️ Acerca de[0m
        [36m</button>[31m
        [36m<button[31m
          [33mclass[31m=[32m"text-sm hover:text-blue-300"[31m
        [36m>[31m
          [0m✉️ Contacto[0m
        [36m</button>[31m
        [36m<button[31m
          [33mclass[31m=[32m"text-sm text-blue-300 font-bold"[31m
        [36m>[31m
          [0m📤 Upload[0m
        [36m</button>[31m
        [36m<button[31m
          [33mclass[31m=[32m"text-sm hover:text-blue-300"[31m
        [36m>[31m
          [0m📁 Archivos[0m
        [36m</button>[31m
      [36m</nav>[31m
      [36m<div[31m
        [33mclass[31m=[32m"p-8 max-w-2xl mx-auto"[31m
      [36m>[31m
        [36m<h1[31m
          [33mclass[31m=[32m"text-2xl font-bold mb-6"[31m
        [36m>[31m
          [0m📤 Carga de Scripts de Mantenimiento[0m
        [36m</h1>[31m
        [36m<div[31m
          [33mclass[31m=[32m"bg-blue-50 border-l-4 border-blue-500 p-4 mb-6 text-sm text-blue-800 rounded"[31m
        [36m>[31m
          [0mSube herramientas desde tu máquina Kali para realizar diagnósticos locales en el servidor.[0m
        [36m</div>[31m
        [36m<div[31m
          [33mclass[31m=[32m"border border-gray-200 rounded-xl p-6 bg-gray-50 shadow-sm"[31m
        [36m>[31m
          [36m<label[31m
            [33mclass[31m=[32m"block text-sm font-semibold mb-2"[31m
          [36m>[31m
            [0mArchivo en Kali Linux (/root/):[0m
          [36m</label>[31m
          [36m<select[31m
            [33mclass[31m=[32m"w-full p-2.5 mb-4 border border-gray-300 rounded bg-white text-sm outline-none focus:border-blue-500"[31m
          [36m>[31m
            [36m<option[31m
              [33mvalue[31m=[32m""[31m
            [36m>[31m
              [0m-- Seleccionar archivo --[0m
            [36m</option>[31m
            [36m<option[31m
              [33mvalue[31m=[32m"/root/payload.php"[31m
            [36m>[31m
              [0mpayload.php[0m
            [36m</option>[31m
          [36m</select>[31m
          [36m<button[31m
            [33mclass[31m=[32m"w-full py-2.5 bg-blue-600 text-white font-bold rounded hover:bg-blue-700 disabled:bg-gray-400 transition-all"[31m
          [36m>[31m
            [0mSubir Archivo[0m
          [36m</button>[31m
          [36m<div[31m
            [33mclass[31m=[32m"mt-4 p-3 rounded text-xs font-mono border bg-green-50 text-green-700 border-green-200"[31m
          [36m>[31m
            [0m✅ Archivo payload.php subido a /uploads/[0m
          [36m</div>[31m
        [36m</div>[31m
      [36m</div>[31m
    [36m</div>[31m
  [36m</div>[31m
[36m</body>[31m

Ignored nodes: comments, script, style
[36m<html>[31m
  [36m<head />[31m
  [36m<body>[31m
    [36m<div>[31m
      [36m<div[31m
        [33mclass[31m=[32m"min-h-full bg-white font-sans text-gray-800"[31m
      [36m>[31m
        [36m<nav[31m
          [33mclass[31m=[32m"bg-slate-800 text-white px-6 py-3 flex items-center gap-6"[31m
        [36m>[31m
          [36m<span[31m
            [33mclass[31m=[32m"font-bold text-lg border-r border-slate-600 pr-6"[31m
          [36m>[31m
            [0mDevPortal[0m
          [36m</span>[31m
          [36m<button[31m
            [33mclass[31m=[32m"text-sm hover:text-blue-300"[31m
          [36m>[31m
            [0m🏠 Inicio[0m
          [36m</button>[31m
          [36m<button[31m
            [33mclass[31m=[32m"text-sm hover:text-blue-300"[31m
          [36m>[31m
            [0mℹ️ Acerca de[0m
          [36m</button>[31m
          [36m<button[31m
            [33mclass[31m=[32m"text-sm hover:text-blue-300"[31m
          [36m>[31m
            [0m✉️ Contacto[0m
          [36m</button>[31m
          [36m<button[31m
            [33mclass[31m=[32m"text-sm text-blue-300 font-bold"[31m
          [36m>[31m
            [0m📤 Upload[0m
          [36m</button>[31m
          [36m<button[31m
            [33mclass[31m=[32m"text-sm hover:text-blue-300"[31m
          [36m>[31m
            [0m📁 Archivos[0m
          [36m</button>[31m
        [36m</nav>[31m
        [36m<div[31m
          [33mclass[31m=[32m"p-8 max-w-2xl mx-auto"[31m
        [36m>[31m
          [36m<h1[31m
            [33mclass[31m=[32m"text-2xl font-bold mb-6"[31m
          [36m>[31m
            [0m📤 Carga de Scripts de Mantenimiento[0m
          [36m</h1>[31m
          [36m<div[31m
            [33mclass[31m=[32m"bg-blue-50 border-l-4 border-blue-500 p-4 mb-6 text-sm text-blue-800 rounded"[31m
          [36m>[31m
            [0mSube herramientas desde tu máquina Kali para realizar diagnósticos locales en el servidor.[0m
          [36m</div>[31m
          [36m<div[31m
            [33mclass[31m=[32m"border border-gray-200 rounded-xl p-6 bg-gray-50 shadow-sm"[31m
          [36m>[31m
            [36m<label[31m
              [33mclass[31m=[32m"block text-sm font-semibold mb-2"[31m
            [36m>[31m
              [0mArchivo en Kali Linux (/root/):[0m
            [36m</label>[31m
            [36m<select[31m
              [33mclass[31m=[32m"w-full p-2.5 mb-4 border border-gray-300 rounded bg-white text-sm outline-none focus:border-blue-500"[31m
            [36m>[31m
              [36m<option[31m
                [33mvalue[31m=[32m""[31m
              [36m>[31m
                [0m-- Seleccionar archivo --[0m
              [36m</option>[31m
              [36m<option[31m
                [33mvalue[31m=[32m"/root/payload.php"[31m
              [36m>[31m
                [0mpayload.php[0m
              [36m</option>[31m
            [36m</select>[31m
            [36m<button[31m
              [33mclass[31m=[32m"w-full py-2.5 bg-blue-600 text-white font-bold rounded hover:bg-blue-700 disabled:bg-gray-400 transition-all"[31m
            [36m>[31m
              [0mSubir Archivo[0m
            [36m</button>[31m
            [36m<div[31m
              [33mclass[31m=[32m"mt-4 p-3 rounded text-xs font-mono border bg-green-50 text-green-700 border-green-200"[31m
            [36m>[31m
              [0m✅ Archivo payload.php subido a /uploads/[0m
            [36m</div>[31m
          [36m</div>[31m
        [36m</div>[31m
      [36m</div>[31m
    [36m</div>[31m
  [36m</body>[31m
[36m</html>[31m[39m
 [32m✓[39m src/components/__tests__/LandingPage.test.tsx[2m > [22mLandingPage[2m > [22mdebe mostrar la cantidad de misiones por escenario[32m 202[2mms[22m[39m
 [32m✓[39m src/components/__tests__/LandingPage.test.tsx[2m > [22mLandingPage[2m > [22mdebe llamar onSelect al hacer clic en una tarjeta[33m 327[2mms[22m[39m
 [32m✓[39m src/components/__tests__/Terminal.test.tsx[2m > [22mTerminal[2m > [22mdebe resetear el historial cuando cambia el scenarioId[33m 413[2mms[22m[39m
 [32m✓[39m src/components/__tests__/Terminal.test.tsx[2m > [22mTerminal[2m > [22mdebe mostrar el estado ready cuando no hay comandos ejecutándose[32m 96[2mms[22m[39m
 [32m✓[39m src/components/__tests__/LandingPage.test.tsx[2m > [22mLandingPage[2m > [22mdebe mostrar los badges hexadecimales[32m 145[2mms[22m[39m
 [32m✓[39m src/components/__tests__/LandingPage.test.tsx[2m > [22mLandingPage[2m > [22mdebe mostrar las herramientas de cada escenario[32m 130[2mms[22m[39m
 [32m✓[39m src/components/__tests__/Terminal.test.tsx[2m > [22mTerminal[2m > [22mdebe mostrar el header con los botones de control[32m 45[2mms[22m[39m
 [32m✓[39m src/components/__tests__/LandingPage.test.tsx[2m > [22mLandingPage[2m > [22mdebe mostrar el botón INICIAR en cada tarjeta[32m 161[2mms[22m[39m
 [32m✓[39m src/components/__tests__/Terminal.test.tsx[2m > [22mTerminal[2m > [22mdebe mostrar sugerencias de autocompletado al presionar Tab[32m 201[2mms[22m[39m
 [32m✓[39m src/components/__tests__/LandingPage.test.tsx[2m > [22mLandingPage[2m > [22mdebe renderizar el footer[32m 180[2mms[22m[39m
 [32m✓[39m src/components/__tests__/LandingPage.test.tsx[2m > [22mLandingPage[2m > [22mdebe mostrar el subtítulo correcto[32m 87[2mms[22m[39m
 [32m✓[39m src/components/__tests__/Terminal.test.tsx[2m > [22mTerminal[2m > [22mdebe cerrar sugerencias al presionar Escape[32m 182[2mms[22m[39m
 [31m×[39m src/components/fakesites/lfi_lab/__tests__/InclusionSite.test.tsx[2m > [22mInclusionSite - LFI Lab[2m > [22mPágina de upload[2m > [22mdebe mostrar archivos subidos como links[33m 1236[2mms[22m[39m
[31m   → Unable to find an element with the text: /Archivos subidos/i. This could be because the text is broken up by multiple elements. In this case, you can provide a function for your text matcher to make your matcher more flexible.

Ignored nodes: comments, script, style
[36m<body>[31m
  [36m<div>[31m
    [36m<div[31m
      [33mclass[31m=[32m"min-h-full bg-white font-sans text-gray-800"[31m
    [36m>[31m
      [36m<nav[31m
        [33mclass[31m=[32m"bg-slate-800 text-white px-6 py-3 flex items-center gap-6"[31m
      [36m>[31m
        [36m<span[31m
          [33mclass[31m=[32m"font-bold text-lg border-r border-slate-600 pr-6"[31m
        [36m>[31m
          [0mDevPortal[0m
        [36m</span>[31m
        [36m<button[31m
          [33mclass[31m=[32m"text-sm hover:text-blue-300"[31m
        [36m>[31m
          [0m🏠 Inicio[0m
        [36m</button>[31m
        [36m<button[31m
          [33mclass[31m=[32m"text-sm hover:text-blue-300"[31m
        [36m>[31m
          [0mℹ️ Acerca de[0m
        [36m</button>[31m
        [36m<button[31m
          [33mclass[31m=[32m"text-sm hover:text-blue-300"[31m
        [36m>[31m
          [0m✉️ Contacto[0m
        [36m</button>[31m
        [36m<button[31m
          [33mclass[31m=[32m"text-sm text-blue-300 font-bold"[31m
        [36m>[31m
          [0m📤 Upload[0m
        [36m</button>[31m
        [36m<button[31m
          [33mclass[31m=[32m"text-sm hover:text-blue-300"[31m
        [36m>[31m
          [0m📁 Archivos[0m
        [36m</button>[31m
      [36m</nav>[31m
      [36m<div[31m
        [33mclass[31m=[32m"p-8 max-w-2xl mx-auto"[31m
      [36m>[31m
        [36m<h1[31m
          [33mclass[31m=[32m"text-2xl font-bold mb-6"[31m
        [36m>[31m
          [0m📤 Carga de Scripts de Mantenimiento[0m
        [36m</h1>[31m
        [36m<div[31m
          [33mclass[31m=[32m"bg-blue-50 border-l-4 border-blue-500 p-4 mb-6 text-sm text-blue-800 rounded"[31m
        [36m>[31m
          [0mSube herramientas desde tu máquina Kali para realizar diagnósticos locales en el servidor.[0m
        [36m</div>[31m
        [36m<div[31m
          [33mclass[31m=[32m"border border-gray-200 rounded-xl p-6 bg-gray-50 shadow-sm"[31m
        [36m>[31m
          [36m<label[31m
            [33mclass[31m=[32m"block text-sm font-semibold mb-2"[31m
          [36m>[31m
            [0mArchivo en Kali Linux (/root/):[0m
          [36m</label>[31m
          [36m<select[31m
            [33mclass[31m=[32m"w-full p-2.5 mb-4 border border-gray-300 rounded bg-white text-sm outline-none focus:border-blue-500"[31m
          [36m>[31m
            [36m<option[31m
              [33mvalue[31m=[32m""[31m
            [36m>[31m
              [0m-- Seleccionar archivo --[0m
            [36m</option>[31m
            [36m<option[31m
              [33mvalue[31m=[32m"/root/payload.php"[31m
            [36m>[31m
              [0mpayload.php[0m
            [36m</option>[31m
          [36m</select>[31m
          [36m<button[31m
            [33mclass[31m=[32m"w-full py-2.5 bg-blue-600 text-white font-bold rounded hover:bg-blue-700 disabled:bg-gray-400 transition-all"[31m
          [36m>[31m
            [0mSubir Archivo[0m
          [36m</button>[31m
          [36m<div[31m
            [33mclass[31m=[32m"mt-4 p-3 rounded text-xs font-mono border bg-green-50 text-green-700 border-green-200"[31m
          [36m>[31m
            [0m✅ Archivo payload.php subido a /uploads/[0m
          [36m</div>[31m
        [36m</div>[31m
      [36m</div>[31m
    [36m</div>[31m
  [36m</div>[31m
[36m</body>[31m

Ignored nodes: comments, script, style
[36m<html>[31m
  [36m<head />[31m
  [36m<body>[31m
    [36m<div>[31m
      [36m<div[31m
        [33mclass[31m=[32m"min-h-full bg-white font-sans text-gray-800"[31m
      [36m>[31m
        [36m<nav[31m
          [33mclass[31m=[32m"bg-slate-800 text-white px-6 py-3 flex items-center gap-6"[31m
        [36m>[31m
          [36m<span[31m
            [33mclass[31m=[32m"font-bold text-lg border-r border-slate-600 pr-6"[31m
          [36m>[31m
            [0mDevPortal[0m
          [36m</span>[31m
          [36m<button[31m
            [33mclass[31m=[32m"text-sm hover:text-blue-300"[31m
          [36m>[31m
            [0m🏠 Inicio[0m
          [36m</button>[31m
          [36m<button[31m
            [33mclass[31m=[32m"text-sm hover:text-blue-300"[31m
          [36m>[31m
            [0mℹ️ Acerca de[0m
          [36m</button>[31m
          [36m<button[31m
            [33mclass[31m=[32m"text-sm hover:text-blue-300"[31m
          [36m>[31m
            [0m✉️ Contacto[0m
          [36m</button>[31m
          [36m<button[31m
            [33mclass[31m=[32m"text-sm text-blue-300 font-bold"[31m
          [36m>[31m
            [0m📤 Upload[0m
          [36m</button>[31m
          [36m<button[31m
            [33mclass[31m=[32m"text-sm hover:text-blue-300"[31m
          [36m>[31m
            [0m📁 Archivos[0m
          [36m</button>[31m
        [36m</nav>[31m
        [36m<div[31m
          [33mclass[31m=[32m"p-8 max-w-2xl mx-auto"[31m
        [36m>[31m
          [36m<h1[31m
            [33mclass[31m=[32m"text-2xl font-bold mb-6"[31m
          [36m>[31m
            [0m📤 Carga de Scripts de Mantenimiento[0m
          [36m</h1>[31m
          [36m<div[31m
            [33mclass[31m=[32m"bg-blue-50 border-l-4 border-blue-500 p-4 mb-6 text-sm text-blue-800 rounded"[31m
          [36m>[31m
            [0mSube herramientas desde tu máquina Kali para realizar diagnósticos locales en el servidor.[0m
          [36m</div>[31m
          [36m<div[31m
            [33mclass[31m=[32m"border border-gray-200 rounded-xl p-6 bg-gray-50 shadow-sm"[31m
          [36m>[31m
            [36m<label[31m
              [33mclass[31m=[32m"block text-sm font-semibold mb-2"[31m
            [36m>[31m
              [0mArchivo en Kali Linux (/root/):[0m
            [36m</label>[31m
            [36m<select[31m
              [33mclass[31m=[32m"w-full p-2.5 mb-4 border border-gray-300 rounded bg-white text-sm outline-none focus:border-blue-500"[31m
            [36m>[31m
              [36m<option[31m
                [33mvalue[31m=[32m""[31m
              [36m>[31m
                [0m-- Seleccionar archivo --[0m
              [36m</option>[31m
              [36m<option[31m
                [33mvalue[31m=[32m"/root/payload.php"[31m
              [36m>[31m
                [0mpayload.php[0m
              [36m</option>[31m
            [36m</select>[31m
            [36m<button[31m
              [33mclass[31m=[32m"w-full py-2.5 bg-blue-600 text-white font-bold rounded hover:bg-blue-700 disabled:bg-gray-400 transition-all"[31m
            [36m>[31m
              [0mSubir Archivo[0m
            [36m</button>[31m
            [36m<div[31m
              [33mclass[31m=[32m"mt-4 p-3 rounded text-xs font-mono border bg-green-50 text-green-700 border-green-200"[31m
            [36m>[31m
              [0m✅ Archivo payload.php subido a /uploads/[0m
            [36m</div>[31m
          [36m</div>[31m
        [36m</div>[31m
      [36m</div>[31m
    [36m</div>[31m
  [36m</body>[31m
[36m</html>[31m[39m
 [31m×[39m src/components/fakesites/lfi_lab/__tests__/InclusionSite.test.tsx[2m > [22mInclusionSite - LFI Lab[2m > [22mLFI - Lectura de archivos[2m > [22mdebe mostrar etc/passwd cuando se accede via LFI[32m 11[2mms[22m[39m
[31m   → Unable to find an element with the text: /LFI DETECTADO/i. This could be because the text is broken up by multiple elements. In this case, you can provide a function for your text matcher to make your matcher more flexible.

Ignored nodes: comments, script, style
[36m<body>[31m
  [36m<div>[31m
    [36m<div[31m
      [33mclass[31m=[32m"min-h-screen bg-gray-950 text-emerald-400 font-mono p-6 overflow-auto"[31m
    [36m>[31m
      [36m<div[31m
        [33mclass[31m=[32m"mb-4 text-xs border-b border-emerald-900/50 pb-2 flex justify-between items-center"[31m
      [36m>[31m
        [36m<span[31m
          [33mclass[31m=[32m"bg-emerald-950 px-2 py-1 rounded"[31m
        [36m>[31m
          [0mLFI OUTPUT: /[0m
          [0metc/passwd[0m
        [36m</span>[31m
        [36m<button[31m
          [33mclass[31m=[32m"bg-emerald-900/30 px-3 py-1 rounded hover:bg-emerald-900/50 transition-colors"[31m
        [36m>[31m
          [0m[ CERRAR ][0m
        [36m</button>[31m
      [36m</div>[31m
      [36m<pre[31m
        [33mclass[31m=[32m"text-sm leading-relaxed whitespace-pre-wrap"[31m
      [36m>[31m
        [0mroot:x:0:0:root:/root:/bin/bash
daemon:x:1:1:daemon:/usr/sbin:/usr/sbin/nologin
bin:x:2:2:bin:/bin:/usr/sbin/nologin
sys:x:3:3:sys:/dev:/usr/sbin/nologin
www-data:x:33:33:www-data:/var/www:/usr/sbin/nologin
admin:x:1000:1000:admin,,,:/home/admin:/bin/bash[0m
      [36m</pre>[31m
    [36m</div>[31m
  [36m</div>[31m
[36m</body>[31m[39m
 [31m×[39m src/components/fakesites/lfi_lab/__tests__/InclusionSite.test.tsx[2m > [22mInclusionSite - LFI Lab[2m > [22mLFI - Lectura de archivos[2m > [22mdebe mostrar etc/shadow cuando se accede via LFI[32m 6[2mms[22m[39m
[31m   → Unable to find an element with the text: /LFI DETECTADO/i. This could be because the text is broken up by multiple elements. In this case, you can provide a function for your text matcher to make your matcher more flexible.

Ignored nodes: comments, script, style
[36m<body>[31m
  [36m<div>[31m
    [36m<div[31m
      [33mclass[31m=[32m"min-h-screen bg-gray-950 text-emerald-400 font-mono p-6 overflow-auto"[31m
    [36m>[31m
      [36m<div[31m
        [33mclass[31m=[32m"mb-4 text-xs border-b border-emerald-900/50 pb-2 flex justify-between items-center"[31m
      [36m>[31m
        [36m<span[31m
          [33mclass[31m=[32m"bg-emerald-950 px-2 py-1 rounded"[31m
        [36m>[31m
          [0mLFI OUTPUT: /[0m
          [0metc/shadow[0m
        [36m</span>[31m
        [36m<button[31m
          [33mclass[31m=[32m"bg-emerald-900/30 px-3 py-1 rounded hover:bg-emerald-900/50 transition-colors"[31m
        [36m>[31m
          [0m[ CERRAR ][0m
        [36m</button>[31m
      [36m</div>[31m
      [36m<pre[31m
        [33mclass[31m=[32m"text-sm leading-relaxed whitespace-pre-wrap"[31m
      [36m>[31m
        [0mroot:$6$rounds=656000$abcdefghijklmnop$1234567890abcdefghijklmnop/1234567890123456:18000:0:99999:7:::
daemon:*:18000:0:99999:7:::
www-data:*:18000:0:99999:7:::[0m
      [36m</pre>[31m
    [36m</div>[31m
  [36m</div>[31m
[36m</body>[31m[39m
 [31m×[39m src/components/fakesites/lfi_lab/__tests__/InclusionSite.test.tsx[2m > [22mInclusionSite - LFI Lab[2m > [22mLFI - Lectura de archivos[2m > [22mdebe mostrar etc/hosts cuando se accede via LFI[32m 6[2mms[22m[39m
[31m   → Unable to find an element with the text: /LFI DETECTADO/i. This could be because the text is broken up by multiple elements. In this case, you can provide a function for your text matcher to make your matcher more flexible.

Ignored nodes: comments, script, style
[36m<body>[31m
  [36m<div>[31m
    [36m<div[31m
      [33mclass[31m=[32m"min-h-screen bg-gray-950 text-emerald-400 font-mono p-6 overflow-auto"[31m
    [36m>[31m
      [36m<div[31m
        [33mclass[31m=[32m"mb-4 text-xs border-b border-emerald-900/50 pb-2 flex justify-between items-center"[31m
      [36m>[31m
        [36m<span[31m
          [33mclass[31m=[32m"bg-emerald-950 px-2 py-1 rounded"[31m
        [36m>[31m
          [0mLFI OUTPUT: /[0m
          [0metc/hosts[0m
        [36m</span>[31m
        [36m<button[31m
          [33mclass[31m=[32m"bg-emerald-900/30 px-3 py-1 rounded hover:bg-emerald-900/50 transition-colors"[31m
        [36m>[31m
          [0m[ CERRAR ][0m
        [36m</button>[31m
      [36m</div>[31m
      [36m<pre[31m
        [33mclass[31m=[32m"text-sm leading-relaxed whitespace-pre-wrap"[31m
      [36m>[31m
        [0m127.0.0.1 localhost
127.0.1.1 dev-portal-backup
::1 localhost ip6-localhost ip6-loopback[0m
      [36m</pre>[31m
    [36m</div>[31m
  [36m</div>[31m
[36m</body>[31m[39m
 [31m×[39m src/components/fakesites/lfi_lab/__tests__/InclusionSite.test.tsx[2m > [22mInclusionSite - LFI Lab[2m > [22mLFI - Lectura de archivos[2m > [22mdebe mostrar proc/self/environ cuando se accede via LFI[32m 5[2mms[22m[39m
[31m   → Unable to find an element with the text: /LFI DETECTADO/i. This could be because the text is broken up by multiple elements. In this case, you can provide a function for your text matcher to make your matcher more flexible.

Ignored nodes: comments, script, style
[36m<body>[31m
  [36m<div>[31m
    [36m<div[31m
      [33mclass[31m=[32m"min-h-screen bg-gray-950 text-emerald-400 font-mono p-6 overflow-auto"[31m
    [36m>[31m
      [36m<div[31m
        [33mclass[31m=[32m"mb-4 text-xs border-b border-emerald-900/50 pb-2 flex justify-between items-center"[31m
      [36m>[31m
        [36m<span[31m
          [33mclass[31m=[32m"bg-emerald-950 px-2 py-1 rounded"[31m
        [36m>[31m
          [0mLFI OUTPUT: /[0m
          [0mproc/self/environ[0m
        [36m</span>[31m
        [36m<button[31m
          [33mclass[31m=[32m"bg-emerald-900/30 px-3 py-1 rounded hover:bg-emerald-900/50 transition-colors"[31m
        [36m>[31m
          [0m[ CERRAR ][0m
        [36m</button>[31m
      [36m</div>[31m
      [36m<pre[31m
        [33mclass[31m=[32m"text-sm leading-relaxed whitespace-pre-wrap"[31m
      [36m>[31m
        [0mAPACHE_RUN_DIR=/var/run/apache2
APACHE_RUN_USER=www-data
APACHE_RUN_GROUP=www-data
APACHE_LOG_DIR=/var/log/apache2
PATH=/usr/local/sbin:/usr/local/bin:/usr/sbin:/usr/bin:/sbin:/bin
HOME=/var/www
SERVER_SOFTWARE=Apache/2.4.52 (Debian)
SERVER_NAME=dev-portal-backup
SERVER_ADDR=192.168.20.11
SERVER_PORT=80
REMOTE_ADDR=192.168.20.10
DOCUMENT_ROOT=/var/www/html
QUERY_STRING=page=../../../../etc/passwd[0m
      [36m</pre>[31m
    [36m</div>[31m
  [36m</div>[31m
[36m</body>[31m[39m
 [31m×[39m src/components/fakesites/lfi_lab/__tests__/InclusionSite.test.tsx[2m > [22mInclusionSite - LFI Lab[2m > [22mLFI - Lectura de archivos[2m > [22mdebe mostrar config.php cuando se accede via LFI[32m 6[2mms[22m[39m
[31m   → Unable to find an element with the text: /LFI DETECTADO/i. This could be because the text is broken up by multiple elements. In this case, you can provide a function for your text matcher to make your matcher more flexible.

Ignored nodes: comments, script, style
[36m<body>[31m
  [36m<div>[31m
    [36m<div[31m
      [33mclass[31m=[32m"min-h-screen bg-gray-950 text-emerald-400 font-mono p-6 overflow-auto"[31m
    [36m>[31m
      [36m<div[31m
        [33mclass[31m=[32m"mb-4 text-xs border-b border-emerald-900/50 pb-2 flex justify-between items-center"[31m
      [36m>[31m
        [36m<span[31m
          [33mclass[31m=[32m"bg-emerald-950 px-2 py-1 rounded"[31m
        [36m>[31m
          [0mLFI OUTPUT: /[0m
          [0mvar/www/html/config.php[0m
        [36m</span>[31m
        [36m<button[31m
          [33mclass[31m=[32m"bg-emerald-900/30 px-3 py-1 rounded hover:bg-emerald-900/50 transition-colors"[31m
        [36m>[31m
          [0m[ CERRAR ][0m
        [36m</button>[31m
      [36m</div>[31m
      [36m<pre[31m
        [33mclass[31m=[32m"text-sm leading-relaxed whitespace-pre-wrap"[31m
      [36m>[31m
        [0m&lt;?php
define("DB_HOST", "localhost");
define("DB_USER", "devportal");
define("DB_PASS", "D3vP0rt@l2024!");
define("DB_NAME", "devportal_db");
define("ADMIN_USER", "admin");
define("ADMIN_PASS", "admin123");
?&gt;[0m
      [36m</pre>[31m
    [36m</div>[31m
  [36m</div>[31m
[36m</body>[31m[39m
 [31m×[39m src/components/fakesites/lfi_lab/__tests__/InclusionSite.test.tsx[2m > [22mInclusionSite - LFI Lab[2m > [22mLFI - Lectura de archivos[2m > [22mdebe mostrar apache2.conf cuando se accede via LFI[32m 6[2mms[22m[39m
[31m   → Unable to find an element with the text: /LFI DETECTADO/i. This could be because the text is broken up by multiple elements. In this case, you can provide a function for your text matcher to make your matcher more flexible.

Ignored nodes: comments, script, style
[36m<body>[31m
  [36m<div>[31m
    [36m<div[31m
      [33mclass[31m=[32m"min-h-screen bg-gray-950 text-emerald-400 font-mono p-6 overflow-auto"[31m
    [36m>[31m
      [36m<div[31m
        [33mclass[31m=[32m"mb-4 text-xs border-b border-emerald-900/50 pb-2 flex justify-between items-center"[31m
      [36m>[31m
        [36m<span[31m
          [33mclass[31m=[32m"bg-emerald-950 px-2 py-1 rounded"[31m
        [36m>[31m
          [0mLFI OUTPUT: /[0m
          [0metc/apache2/apache2.conf[0m
        [36m</span>[31m
        [36m<button[31m
          [33mclass[31m=[32m"bg-emerald-900/30 px-3 py-1 rounded hover:bg-emerald-900/50 transition-colors"[31m
        [36m>[31m
          [0m[ CERRAR ][0m
        [36m</button>[31m
      [36m</div>[31m
      [36m<pre[31m
        [33mclass[31m=[32m"text-sm leading-relaxed whitespace-pre-wrap"[31m
      [36m>[31m
        [0m# Apache2 Configuration File
ServerRoot "/etc/apache2"
User ${APACHE_RUN_USER}
Group ${APACHE_RUN_GROUP}
ErrorLog ${APACHE_LOG_DIR}/error.log
&lt;Directory /var/www/&gt;
  Options Indexes FollowSymLinks
  AllowOverride All
  Require all granted
&lt;/Directory&gt;[0m
      [36m</pre>[31m
    [36m</div>[31m
  [36m</div>[31m
[36m</body>[31m[39m
 [31m×[39m src/components/fakesites/lfi_lab/__tests__/InclusionSite.test.tsx[2m > [22mInclusionSite - LFI Lab[2m > [22mLFI - Lectura de archivos[2m > [22mdebe mostrar access.log cuando se accede via LFI[32m 6[2mms[22m[39m
[31m   → Unable to find an element with the text: /LFI DETECTADO/i. This could be because the text is broken up by multiple elements. In this case, you can provide a function for your text matcher to make your matcher more flexible.

Ignored nodes: comments, script, style
[36m<body>[31m
  [36m<div>[31m
    [36m<div[31m
      [33mclass[31m=[32m"min-h-screen bg-gray-950 text-emerald-400 font-mono p-6 overflow-auto"[31m
    [36m>[31m
      [36m<div[31m
        [33mclass[31m=[32m"mb-4 text-xs border-b border-emerald-900/50 pb-2 flex justify-between items-center"[31m
      [36m>[31m
        [36m<span[31m
          [33mclass[31m=[32m"bg-emerald-950 px-2 py-1 rounded"[31m
        [36m>[31m
          [0mLFI OUTPUT: /[0m
          [0mvar/log/apache2/access.log[0m
        [36m</span>[31m
        [36m<button[31m
          [33mclass[31m=[32m"bg-emerald-900/30 px-3 py-1 rounded hover:bg-emerald-900/50 transition-colors"[31m
        [36m>[31m
          [0m[ CERRAR ][0m
        [36m</button>[31m
      [36m</div>[31m
      [36m<pre[31m
        [33mclass[31m=[32m"text-sm leading-relaxed whitespace-pre-wrap"[31m
      [36m>[31m
        [0m192.168.20.10 - - [20/Mar/2026:10:15:23 -0300] "GET / HTTP/1.1" 200 1234 "-" "Mozilla/5.0"
192.168.20.10 - - [20/Mar/2026:10:15:25 -0300] "GET /?page=home.php HTTP/1.1" 200 1234
192.168.20.10 - - [20/Mar/2026:10:15:30 -0300] "GET /upload.php HTTP/1.1" 200 2345
192.168.20.10 - - [20/Mar/2026:10:15:45 -0300] "GET /?page=../../../../etc/passwd HTTP/1.1" 200 1567[0m
      [36m</pre>[31m
    [36m</div>[31m
  [36m</div>[31m
[36m</body>[31m[39m
 [31m×[39m src/components/fakesites/lfi_lab/__tests__/InclusionSite.test.tsx[2m > [22mInclusionSite - LFI Lab[2m > [22mLFI - Lectura de archivos[2m > [22mdebe mostrar error 404 para archivo inexistente[32m 9[2mms[22m[39m
[31m   → Unable to find an element with the text: /Error 404/i. This could be because the text is broken up by multiple elements. In this case, you can provide a function for your text matcher to make your matcher more flexible.

Ignored nodes: comments, script, style
[36m<body>[31m
  [36m<div>[31m
    [36m<div[31m
      [33mclass[31m=[32m"min-h-full bg-white font-sans text-gray-800"[31m
    [36m>[31m
      [36m<nav[31m
        [33mclass[31m=[32m"bg-slate-800 text-white px-6 py-3 flex items-center gap-6"[31m
      [36m>[31m
        [36m<span[31m
          [33mclass[31m=[32m"font-bold text-lg border-r border-slate-600 pr-6"[31m
        [36m>[31m
          [0mDevPortal[0m
        [36m</span>[31m
        [36m<button[31m
          [33mclass[31m=[32m"text-sm hover:text-blue-300"[31m
        [36m>[31m
          [0m🏠 Inicio[0m
        [36m</button>[31m
        [36m<button[31m
          [33mclass[31m=[32m"text-sm hover:text-blue-300"[31m
        [36m>[31m
          [0mℹ️ Acerca de[0m
        [36m</button>[31m
        [36m<button[31m
          [33mclass[31m=[32m"text-sm hover:text-blue-300"[31m
        [36m>[31m
          [0m✉️ Contacto[0m
        [36m</button>[31m
        [36m<button[31m
          [33mclass[31m=[32m"text-sm hover:text-blue-300"[31m
        [36m>[31m
          [0m📤 Upload[0m
        [36m</button>[31m
        [36m<button[31m
          [33mclass[31m=[32m"text-sm hover:text-blue-300"[31m
        [36m>[31m
          [0m📁 Archivos[0m
        [36m</button>[31m
      [36m</nav>[31m
      [36m<div[31m
        [33mclass[31m=[32m"p-10 max-w-2xl mx-auto"[31m
      [36m>[31m
        [36m<div[31m
          [33mclass[31m=[32m"bg-red-50 border border-red-200 rounded-lg p-6"[31m
        [36m>[31m
          [36m<h2[31m
            [33mclass[31m=[32m"text-xl font-bold text-red-800 mb-2 font-mono"[31m
          [36m>[31m
            [0m❌ 404 NOT FOUND[0m
          [36m</h2>[31m
          [36m<p[31m
            [33mclass[31m=[32m"text-sm text-red-700 mb-4 font-mono"[31m
          [36m>[31m
            [0mFile: [0m
            [0metc/nonexistent[0m
          [36m</p>[31m
          [36m<div[31m
            [33mclass[31m=[32m"bg-gray-900 text-green-400 font-mono text-xs p-4 rounded shadow-inner"[31m
          [36m>[31m
            [36m<div>[31m
              [0mPHP Warning: include([0m
              [0metc/nonexistent[0m
              [0m): failed to open stream[0m
            [36m</div>[31m
            [36m<div>[31m
              [0min /var/www/html/index.php on line 5[0m
            [36m</div>[31m
          [36m</div>[31m
        [36m</div>[31m
      [36m</div>[31m
    [36m</div>[31m
  [36m</div>[31m
[36m</body>[31m[39m
 [31m×[39m src/components/fakesites/lfi_lab/__tests__/InclusionSite.test.tsx[2m > [22mInclusionSite - LFI Lab[2m > [22mLFI - Lectura de archivos[2m > [22mdebe mostrar sugerencias en página de error 404[32m 9[2mms[22m[39m
[31m   → Unable to find an element with the text: /Sugerencias/i. This could be because the text is broken up by multiple elements. In this case, you can provide a function for your text matcher to make your matcher more flexible.

Ignored nodes: comments, script, style
[36m<body>[31m
  [36m<div>[31m
    [36m<div[31m
      [33mclass[31m=[32m"min-h-full bg-white font-sans text-gray-800"[31m
    [36m>[31m
      [36m<nav[31m
        [33mclass[31m=[32m"bg-slate-800 text-white px-6 py-3 flex items-center gap-6"[31m
      [36m>[31m
        [36m<span[31m
          [33mclass[31m=[32m"font-bold text-lg border-r border-slate-600 pr-6"[31m
        [36m>[31m
          [0mDevPortal[0m
        [36m</span>[31m
        [36m<button[31m
          [33mclass[31m=[32m"text-sm hover:text-blue-300"[31m
        [36m>[31m
          [0m🏠 Inicio[0m
        [36m</button>[31m
        [36m<button[31m
          [33mclass[31m=[32m"text-sm hover:text-blue-300"[31m
        [36m>[31m
          [0mℹ️ Acerca de[0m
        [36m</button>[31m
        [36m<button[31m
          [33mclass[31m=[32m"text-sm hover:text-blue-300"[31m
        [36m>[31m
          [0m✉️ Contacto[0m
        [36m</button>[31m
        [36m<button[31m
          [33mclass[31m=[32m"text-sm hover:text-blue-300"[31m
        [36m>[31m
          [0m📤 Upload[0m
        [36m</button>[31m
        [36m<button[31m
          [33mclass[31m=[32m"text-sm hover:text-blue-300"[31m
        [36m>[31m
          [0m📁 Archivos[0m
        [36m</button>[31m
      [36m</nav>[31m
      [36m<div[31m
        [33mclass[31m=[32m"p-10 max-w-2xl mx-auto"[31m
      [36m>[31m
        [36m<div[31m
          [33mclass[31m=[32m"bg-red-50 border border-red-200 rounded-lg p-6"[31m
        [36m>[31m
          [36m<h2[31m
            [33mclass[31m=[32m"text-xl font-bold text-red-800 mb-2 font-mono"[31m
          [36m>[31m
            [0m❌ 404 NOT FOUND[0m
          [36m</h2>[31m
          [36m<p[31m
            [33mclass[31m=[32m"text-sm text-red-700 mb-4 font-mono"[31m
          [36m>[31m
            [0mFile: [0m
            [0metc/nonexistent[0m
          [36m</p>[31m
          [36m<div[31m
            [33mclass[31m=[32m"bg-gray-900 text-green-400 font-mono text-xs p-4 rounded shadow-inner"[31m
          [36m>[31m
            [36m<div>[31m
              [0mPHP Warning: include([0m
              [0metc/nonexistent[0m
              [0m): failed to open stream[0m
            [36m</div>[31m
            [36m<div>[31m
              [0min /var/www/html/index.php on line 5[0m
            [36m</div>[31m
          [36m</div>[31m
        [36m</div>[31m
      [36m</div>[31m
    [36m</div>[31m
  [36m</div>[31m
[36m</body>[31m[39m
 [32m✓[39m src/components/fakesites/lfi_lab/__tests__/InclusionSite.test.tsx[2m > [22mInclusionSite - LFI Lab[2m > [22mNavegación[2m > [22mdebe llamar onNavigate al hacer clic en Inicio[32m 11[2mms[22m[39m
 [32m✓[39m src/components/fakesites/lfi_lab/__tests__/InclusionSite.test.tsx[2m > [22mInclusionSite - LFI Lab[2m > [22mNavegación[2m > [22mdebe llamar onNavigate al hacer clic en Acerca de[32m 10[2mms[22m[39m
 [32m✓[39m src/components/fakesites/lfi_lab/__tests__/InclusionSite.test.tsx[2m > [22mInclusionSite - LFI Lab[2m > [22mNavegación[2m > [22mdebe llamar onNavigate al hacer clic en Contacto[32m 14[2mms[22m[39m
 [32m✓[39m src/components/fakesites/lfi_lab/__tests__/InclusionSite.test.tsx[2m > [22mInclusionSite - LFI Lab[2m > [22mNavegación[2m > [22mdebe llamar onNavigate al hacer clic en Upload[32m 18[2mms[22m[39m
 [31m×[39m src/components/fakesites/lfi_lab/__tests__/InclusionSite.test.tsx[2m > [22mInclusionSite - LFI Lab[2m > [22mNavegación[2m > [22mdebe llamar onNavigate al hacer clic en Volver al portal desde LFI[32m 40[2mms[22m[39m
[31m   → Unable to find an element with the text: /Volver al portal/i. This could be because the text is broken up by multiple elements. In this case, you can provide a function for your text matcher to make your matcher more flexible.

Ignored nodes: comments, script, style
[36m<body>[31m
  [36m<div>[31m
    [36m<div[31m
      [33mclass[31m=[32m"min-h-screen bg-gray-950 text-emerald-400 font-mono p-6 overflow-auto"[31m
    [36m>[31m
      [36m<div[31m
        [33mclass[31m=[32m"mb-4 text-xs border-b border-emerald-900/50 pb-2 flex justify-between items-center"[31m
      [36m>[31m
        [36m<span[31m
          [33mclass[31m=[32m"bg-emerald-950 px-2 py-1 rounded"[31m
        [36m>[31m
          [0mLFI OUTPUT: /[0m
          [0metc/passwd[0m
        [36m</span>[31m
        [36m<button[31m
          [33mclass[31m=[32m"bg-emerald-900/30 px-3 py-1 rounded hover:bg-emerald-900/50 transition-colors"[31m
        [36m>[31m
          [0m[ CERRAR ][0m
        [36m</button>[31m
      [36m</div>[31m
      [36m<pre[31m
        [33mclass[31m=[32m"text-sm leading-relaxed whitespace-pre-wrap"[31m
      [36m>[31m
        [0mroot:x:0:0:root:/root:/bin/bash
daemon:x:1:1:daemon:/usr/sbin:/usr/sbin/nologin
bin:x:2:2:bin:/bin:/usr/sbin/nologin
sys:x:3:3:sys:/dev:/usr/sbin/nologin
www-data:x:33:33:www-data:/var/www:/usr/sbin/nologin
admin:x:1000:1000:admin,,,:/home/admin:/bin/bash[0m
      [36m</pre>[31m
    [36m</div>[31m
  [36m</div>[31m
[36m</body>[31m[39m
 [31m×[39m src/components/fakesites/lfi_lab/__tests__/InclusionSite.test.tsx[2m > [22mInclusionSite - LFI Lab[2m > [22mInfo del servidor[2m > [22mdebe mostrar info del servidor en página de upload[32m 28[2mms[22m[39m
[31m   → Unable to find an element with the text: /Apache\/2.4.52/i. This could be because the text is broken up by multiple elements. In this case, you can provide a function for your text matcher to make your matcher more flexible.

Ignored nodes: comments, script, style
[36m<body>[31m
  [36m<div>[31m
    [36m<div[31m
      [33mclass[31m=[32m"min-h-full bg-white font-sans text-gray-800"[31m
    [36m>[31m
      [36m<nav[31m
        [33mclass[31m=[32m"bg-slate-800 text-white px-6 py-3 flex items-center gap-6"[31m
      [36m>[31m
        [36m<span[31m
          [33mclass[31m=[32m"font-bold text-lg border-r border-slate-600 pr-6"[31m
        [36m>[31m
          [0mDevPortal[0m
        [36m</span>[31m
        [36m<button[31m
          [33mclass[31m=[32m"text-sm hover:text-blue-300"[31m
        [36m>[31m
          [0m🏠 Inicio[0m
        [36m</button>[31m
        [36m<button[31m
          [33mclass[31m=[32m"text-sm hover:text-blue-300"[31m
        [36m>[31m
          [0mℹ️ Acerca de[0m
        [36m</button>[31m
        [36m<button[31m
          [33mclass[31m=[32m"text-sm hover:text-blue-300"[31m
        [36m>[31m
          [0m✉️ Contacto[0m
        [36m</button>[31m
        [36m<button[31m
          [33mclass[31m=[32m"text-sm text-blue-300 font-bold"[31m
        [36m>[31m
          [0m📤 Upload[0m
        [36m</button>[31m
        [36m<button[31m
          [33mclass[31m=[32m"text-sm hover:text-blue-300"[31m
        [36m>[31m
          [0m📁 Archivos[0m
        [36m</button>[31m
      [36m</nav>[31m
      [36m<div[31m
        [33mclass[31m=[32m"p-8 max-w-2xl mx-auto"[31m
      [36m>[31m
        [36m<h1[31m
          [33mclass[31m=[32m"text-2xl font-bold mb-6"[31m
        [36m>[31m
          [0m📤 Carga de Scripts de Mantenimiento[0m
        [36m</h1>[31m
        [36m<div[31m
          [33mclass[31m=[32m"bg-blue-50 border-l-4 border-blue-500 p-4 mb-6 text-sm text-blue-800 rounded"[31m
        [36m>[31m
          [0mSube herramientas desde tu máquina Kali para realizar diagnósticos locales en el servidor.[0m
        [36m</div>[31m
        [36m<div[31m
          [33mclass[31m=[32m"border border-gray-200 rounded-xl p-6 bg-gray-50 shadow-sm"[31m
        [36m>[31m
          [36m<label[31m
            [33mclass[31m=[32m"block text-sm font-semibold mb-2"[31m
          [36m>[31m
            [0mArchivo en Kali Linux (/root/):[0m
          [36m</label>[31m
          [36m<select[31m
            [33mclass[31m=[32m"w-full p-2.5 mb-4 border border-gray-300 rounded bg-white text-sm outline-none focus:border-blue-500"[31m
          [36m>[31m
            [36m<option[31m
              [33mvalue[31m=[32m""[31m
            [36m>[31m
              [0m-- Seleccionar archivo --[0m
            [36m</option>[31m
            [36m<option[31m
              [33mvalue[31m=[32m"/root/payload.php"[31m
            [36m>[31m
              [0mpayload.php[0m
            [36m</option>[31m
          [36m</select>[31m
          [36m<button[31m
            [33mclass[31m=[32m"w-full py-2.5 bg-blue-600 text-white font-bold rounded hover:bg-blue-700 disabled:bg-gray-400 transition-all"[31m
            [33mdisabled[31m=[32m""[31m
          [36m>[31m
            [0mSubir Archivo[0m
          [36m</button>[31m
        [36m</div>[31m
      [36m</div>[31m
    [36m</div>[31m
  [36m</div>[31m
[36m</body>[31m[39m
 [31m×[39m src/components/fakesites/lfi_lab/__tests__/InclusionSite.test.tsx[2m > [22mInclusionSite - LFI Lab[2m > [22mInfo del servidor[2m > [22mdebe mostrar Content-Type en vista de archivo LFI[32m 17[2mms[22m[39m
[31m   → Unable to find an element with the text: /Content-Type/i. This could be because the text is broken up by multiple elements. In this case, you can provide a function for your text matcher to make your matcher more flexible.

Ignored nodes: comments, script, style
[36m<body>[31m
  [36m<div>[31m
    [36m<div[31m
      [33mclass[31m=[32m"min-h-screen bg-gray-950 text-emerald-400 font-mono p-6 overflow-auto"[31m
    [36m>[31m
      [36m<div[31m
        [33mclass[31m=[32m"mb-4 text-xs border-b border-emerald-900/50 pb-2 flex justify-between items-center"[31m
      [36m>[31m
        [36m<span[31m
          [33mclass[31m=[32m"bg-emerald-950 px-2 py-1 rounded"[31m
        [36m>[31m
          [0mLFI OUTPUT: /[0m
          [0metc/passwd[0m
        [36m</span>[31m
        [36m<button[31m
          [33mclass[31m=[32m"bg-emerald-900/30 px-3 py-1 rounded hover:bg-emerald-900/50 transition-colors"[31m
        [36m>[31m
          [0m[ CERRAR ][0m
        [36m</button>[31m
      [36m</div>[31m
      [36m<pre[31m
        [33mclass[31m=[32m"text-sm leading-relaxed whitespace-pre-wrap"[31m
      [36m>[31m
        [0mroot:x:0:0:root:/root:/bin/bash
daemon:x:1:1:daemon:/usr/sbin:/usr/sbin/nologin
bin:x:2:2:bin:/bin:/usr/sbin/nologin
sys:x:3:3:sys:/dev:/usr/sbin/nologin
www-data:x:33:33:www-data:/var/www:/usr/sbin/nologin
admin:x:1000:1000:admin,,,:/home/admin:/bin/bash[0m
      [36m</pre>[31m
    [36m</div>[31m
  [36m</div>[31m
[36m</body>[31m[39m
 [32m✓[39m src/components/__tests__/Terminal.test.tsx[2m > [22mTerminal[2m > [22mdebe navegar entre sugerencias con flechas[32m 168[2mms[22m[39m
 [32m✓[39m src/components/__tests__/Terminal.test.tsx[2m > [22mTerminal[2m > [22mdebe seleccionar sugerencia al hacer click[32m 175[2mms[22m[39m
 [32m✓[39m src/components/__tests__/MissionPanel.test.tsx[2m > [22mMissionPanel[2m > [22mdebe renderizar el título del panel[33m 307[2mms[22m[39m
 [32m✓[39m src/components/__tests__/MissionPanel.test.tsx[2m > [22mMissionPanel[2m > [22mdebe mostrar el progreso correcto[32m 25[2mms[22m[39m
 [32m✓[39m src/components/__tests__/MissionPanel.test.tsx[2m > [22mMissionPanel[2m > [22mdebe mostrar todas las misiones[32m 32[2mms[22m[39m
 [32m✓[39m src/components/__tests__/MissionPanel.test.tsx[2m > [22mMissionPanel[2m > [22mdebe llamar onOpenNetworkMap al hacer clic en el botón Ver red[32m 33[2mms[22m[39m
 [32m✓[39m src/components/__tests__/Terminal.test.tsx[2m > [22mTerminal[2m > [22mdebe llamar a onMissionComplete cuando se completa una misión[32m 269[2mms[22m[39m
 [32m✓[39m src/components/__tests__/MissionPanel.test.tsx[2m > [22mMissionPanel[2m > [22mdebe mostrar el hint de la misión activa[32m 17[2mms[22m[39m
 [32m✓[39m src/components/__tests__/MissionPanel.test.tsx[2m > [22mMissionPanel[2m > [22mdebe mostrar 100% cuando todas las misiones están completadas[32m 39[2mms[22m[39m
 [32m✓[39m src/components/__tests__/MissionPanel.test.tsx[2m > [22mMissionPanel[2m > [22mdebe mostrar los números de misión formateados[32m 49[2mms[22m[39m
 [32m✓[39m src/components/__tests__/MissionPanel.test.tsx[2m > [22mMissionPanel[2m > [22mdebe mostrar el texto de progreso[32m 34[2mms[22m[39m
 [32m✓[39m src/components/__tests__/Terminal.test.tsx[2m > [22mTerminal[2m > [22mdebe llamar a onCredentialsFound cuando se encuentran credenciales[32m 156[2mms[22m[39m
 [32m✓[39m src/components/__tests__/Terminal.test.tsx[2m > [22mTerminal[2m > [22mdebe llamar a onChangeMachine cuando se conecta a otra máquina[32m 151[2mms[22m[39m
 [32m✓[39m src/components/__tests__/Terminal.test.tsx[2m > [22mTerminal[2m > [22mdebe mostrar estado running cuando hay un comando ejecutándose[32m 191[2mms[22m[39m
 [32m✓[39m src/components/fakesites/wordpress/wp01/__tests__/Dashboard.test.tsx[2m > [22mWPDashboard[2m > [22mdebe renderizar el dashboard de WordPress[32m 112[2mms[22m[39m
 [32m✓[39m src/components/fakesites/wordpress/wp01/__tests__/Dashboard.test.tsx[2m > [22mWPDashboard[2m > [22mdebe mostrar mensaje de acceso concedido[32m 26[2mms[22m[39m
 [32m✓[39m src/components/fakesites/wordpress/wp01/__tests__/Dashboard.test.tsx[2m > [22mWPDashboard[2m > [22mdebe mostrar menú lateral con opciones[32m 65[2mms[22m[39m
 [32m✓[39m src/components/fakesites/wordpress/wp01/__tests__/Dashboard.test.tsx[2m > [22mWPDashboard[2m > [22mdebe mostrar estadísticas del dashboard[32m 32[2mms[22m[39m
 [32m✓[39m src/components/fakesites/wordpress/wp01/__tests__/Dashboard.test.tsx[2m > [22mWPDashboard[2m > [22mdebe mostrar flag de usuario comprometido[32m 30[2mms[22m[39m
 [32m✓[39m src/components/fakesites/wordpress/wp01/__tests__/Dashboard.test.tsx[2m > [22mWPDashboard[2m > [22mdebe mostrar indicador de usuario admin[32m 18[2mms[22m[39m
 [32m✓[39m src/components/fakesites/wordpress/wp01/__tests__/Dashboard.test.tsx[2m > [22mWPDashboard[2m > [22mdebe llamar onNavigate al hacer clic en Ver sitio[32m 30[2mms[22m[39m
 [32m✓[39m src/components/fakesites/wordpress/wp01/__tests__/Dashboard.test.tsx[2m > [22mWPDashboard[2m > [22mdebe mostrar título Escritorio[32m 18[2mms[22m[39m
 [32m✓[39m src/components/__tests__/Terminal.test.tsx[2m > [22mTerminal[2m > [22mdebe limpiar la terminal con el comando clear[32m 222[2mms[22m[39m
 [32m✓[39m src/components/__tests__/Terminal.test.tsx[2m > [22mTerminal[2m > [22mdebe mostrar prompt de usuario no root con $[32m 16[2mms[22m[39m
 [32m✓[39m src/components/__tests__/Terminal.test.tsx[2m > [22mTerminal[2m > [22mdebe mostrar prompt de usuario regular con $[32m 32[2mms[22m[39m
 [32m✓[39m src/components/__tests__/Terminal.test.tsx[2m > [22mTerminal[2m > [22mdebe enfocar el input al hacer click en la terminal[32m 151[2mms[22m[39m
 [32m✓[39m src/components/__tests__/Terminal.test.tsx[2m > [22mTerminal[2m > [22mdebe mostrar mensaje de bienvenida con información del sistema[32m 70[2mms[22m[39m
 [32m✓[39m src/components/fakesites/wordpress/wp01/__tests__/Index.test.tsx[2m > [22mWPIndex[2m > [22mdebe renderizar el header con logo y nombre[32m 128[2mms[22m[39m
 [32m✓[39m src/components/fakesites/wordpress/wp01/__tests__/Index.test.tsx[2m > [22mWPIndex[2m > [22mdebe mostrar navegación con Inicio y Admin[32m 18[2mms[22m[39m
 [32m✓[39m src/components/fakesites/wordpress/wp01/__tests__/Index.test.tsx[2m > [22mWPIndex[2m > [22mdebe mostrar título de bienvenida[32m 13[2mms[22m[39m
 [32m✓[39m src/components/fakesites/wordpress/wp01/__tests__/Index.test.tsx[2m > [22mWPIndex[2m > [22mdebe mostrar información del servidor[32m 16[2mms[22m[39m
 [32m✓[39m src/components/fakesites/wordpress/wp01/__tests__/Index.test.tsx[2m > [22mWPIndex[2m > [22mdebe mostrar artículos del blog[32m 19[2mms[22m[39m
 [32m✓[39m src/components/fakesites/wordpress/wp01/__tests__/Index.test.tsx[2m > [22mWPIndex[2m > [22mdebe mostrar sección Meta con enlace a Acceder[32m 14[2mms[22m[39m
 [32m✓[39m src/components/fakesites/wordpress/wp01/__tests__/Index.test.tsx[2m > [22mWPIndex[2m > [22mdebe llamar onNavigate al hacer clic en Admin[32m 52[2mms[22m[39m
 [32m✓[39m src/components/fakesites/wordpress/wp01/__tests__/Index.test.tsx[2m > [22mWPIndex[2m > [22mdebe llamar onNavigate al hacer clic en Acceder[32m 23[2mms[22m[39m
 [32m✓[39m src/components/fakesites/wordpress/wp01/__tests__/Index.test.tsx[2m > [22mWPIndex[2m > [22mdebe mostrar fechas de publicación[32m 28[2mms[22m[39m
 [32m✓[39m src/components/fakesites/wordpress/wp01/__tests__/Index.test.tsx[2m > [22mWPIndex[2m > [22mdebe mostrar contenido de los artículos[32m 21[2mms[22m[39m
 [32m✓[39m src/commands/tools/__tests__/msfCommands/msfBase.test.ts[2m > [22mexecuteBaseCommand - help[2m > [22mdebe mostrar ayuda general[32m 8[2mms[22m[39m
 [32m✓[39m src/commands/tools/__tests__/msfCommands/msfBase.test.ts[2m > [22mexecuteBaseCommand - help[2m > [22mdebe mostrar ayuda con ?[32m 2[2mms[22m[39m
 [32m✓[39m src/commands/tools/__tests__/msfCommands/msfBase.test.ts[2m > [22mexecuteBaseCommand - search[2m > [22mdebe buscar módulos por nombre[32m 1[2mms[22m[39m
 [32m✓[39m src/commands/tools/__tests__/msfCommands/msfBase.test.ts[2m > [22mexecuteBaseCommand - search[2m > [22mdebe buscar módulos por descripción[32m 2[2mms[22m[39m
 [32m✓[39m src/commands/tools/__tests__/msfCommands/msfBase.test.ts[2m > [22mexecuteBaseCommand - search[2m > [22mdebe mostrar error si no hay búsqueda[32m 1[2mms[22m[39m
 [32m✓[39m src/commands/tools/__tests__/msfCommands/msfBase.test.ts[2m > [22mexecuteBaseCommand - search[2m > [22mdebe mostrar error si no hay resultados[32m 1[2mms[22m[39m
 [32m✓[39m src/commands/tools/__tests__/msfCommands/msfBase.test.ts[2m > [22mexecuteBaseCommand - search[2m > [22mdebe guardar resultados para selección por número[32m 1[2mms[22m[39m
 [32m✓[39m src/commands/tools/__tests__/msfCommands/msfBase.test.ts[2m > [22mexecuteBaseCommand - use (con búsqueda previa)[2m > [22mdebe seleccionar auxiliary por número 0[32m 2[2mms[22m[39m
 [32m✓[39m src/commands/tools/__tests__/msfCommands/msfBase.test.ts[2m > [22mexecuteBaseCommand - use (con búsqueda previa)[2m > [22mdebe seleccionar exploit por número 1[32m 2[2mms[22m[39m
 [32m✓[39m src/commands/tools/__tests__/msfCommands/msfBase.test.ts[2m > [22mexecuteBaseCommand - use (con búsqueda previa)[2m > [22mdebe mostrar error con número inválido[32m 1[2mms[22m[39m
 [32m✓[39m src/commands/tools/__tests__/msfCommands/msfBase.test.ts[2m > [22mexecuteBaseCommand - use (con path)[2m > [22mdebe cargar auxiliary con path completo[32m 1[2mms[22m[39m
 [32m✓[39m src/commands/tools/__tests__/msfCommands/msfBase.test.ts[2m > [22mexecuteBaseCommand - use (con path)[2m > [22mdebe cargar exploit con path completo[32m 1[2mms[22m[39m
 [32m✓[39m src/commands/tools/__tests__/msfCommands/msfBase.test.ts[2m > [22mexecuteBaseCommand - use (con path)[2m > [22mdebe cargar auxiliary con nombre parcial que incluye auxiliary[32m 1[2mms[22m[39m
 [32m✓[39m src/commands/tools/__tests__/msfCommands/msfBase.test.ts[2m > [22mexecuteBaseCommand - use (con path)[2m > [22mdebe cargar exploit con nombre parcial que incluye exploit[32m 1[2mms[22m[39m
 [32m✓[39m src/commands/tools/__tests__/msfCommands/msfBase.test.ts[2m > [22mexecuteBaseCommand - use (con path)[2m > [22mdebe mostrar error con módulo inexistente[32m 1[2mms[22m[39m
 [32m✓[39m src/commands/tools/__tests__/msfCommands/msfBase.test.ts[2m > [22mexecuteBaseCommand - show options[2m > [22mdebe mostrar opciones del módulo[32m 1[2mms[22m[39m
 [32m✓[39m src/commands/tools/__tests__/msfCommands/msfBase.test.ts[2m > [22mexecuteBaseCommand - show options[2m > [22mdebe mostrar error si no hay módulo seleccionado[32m 1[2mms[22m[39m
 [32m✓[39m src/commands/tools/__tests__/msfCommands/msfBase.test.ts[2m > [22mexecuteBaseCommand - set[2m > [22mdebe establecer opción RHOSTS[32m 1[2mms[22m[39m
 [32m✓[39m src/commands/tools/__tests__/msfCommands/msfBase.test.ts[2m > [22mexecuteBaseCommand - set[2m > [22mdebe establecer opción LHOST[32m 1[2mms[22m[39m
 [32m✓[39m src/commands/tools/__tests__/msfCommands/msfBase.test.ts[2m > [22mexecuteBaseCommand - set[2m > [22mdebe mostrar uso si faltan argumentos[32m 0[2mms[22m[39m
 [32m✓[39m src/commands/tools/__tests__/msfCommands/msfBase.test.ts[2m > [22mexecuteBaseCommand - back[2m > [22mdebe salir del módulo y volver al prompt base[32m 1[2mms[22m[39m
 [32m✓[39m src/commands/tools/__tests__/msfCommands/msfBase.test.ts[2m > [22mexecuteBaseCommand - exit/quit[2m > [22mdebe retornar null (no es manejado por baseCommand)[32m 1[2mms[22m[39m
 [32m✓[39m src/commands/tools/__tests__/msfCommands/msfBase.test.ts[2m > [22mexecuteBaseCommand - exit/quit[2m > [22mdebe funcionar con quit[32m 1[2mms[22m[39m
 [32m✓[39m src/commands/tools/__tests__/msfCommands/msfBase.test.ts[2m > [22mexecuteBaseCommand - clear[2m > [22mdebe limpiar la pantalla[32m 1[2mms[22m[39m
 [32m✓[39m src/commands/tools/__tests__/msfCommands/msfBase.test.ts[2m > [22mexecuteBaseCommand - sessions[2m > [22mdebe mostrar sesiones activas[32m 1[2mms[22m[39m
 [32m✓[39m src/commands/tools/__tests__/msfCommands/msfBase.test.ts[2m > [22mexecuteBaseCommand - sessions[2m > [22mdebe mostrar mensaje si no hay sesiones[32m 1[2mms[22m[39m
 [32m✓[39m src/commands/tools/__tests__/msfCommands/msfBase.test.ts[2m > [22mexecuteBaseCommand - comando desconocido[2m > [22mdebe retornar null para comando desconocido[32m 1[2mms[22m[39m
 [32m✓[39m src/commands/__tests__/happyPath.test.ts[2m > [22mHappy Path: Scenario 01 - WordPress Lab[2m > [22mPaso 1: arp-scan descubre el host[32m 7[2mms[22m[39m
 [32m✓[39m src/commands/__tests__/happyPath.test.ts[2m > [22mHappy Path: Scenario 01 - WordPress Lab[2m > [22mPaso 2: nmap escanea puertos (requiere reconocimiento previo)[32m 40[2mms[22m[39m
 [32m✓[39m src/commands/__tests__/happyPath.test.ts[2m > [22mHappy Path: Scenario 01 - WordPress Lab[2m > [22mPaso 4: gobuster enumera directorios (requiere escaneo previo)[32m 2[2mms[22m[39m
 [32m✓[39m src/commands/__tests__/happyPath.test.ts[2m > [22mHappy Path: Scenario 01 - WordPress Lab[2m > [22mnmap sin reconocimiento previo debe fallar[32m 2[2mms[22m[39m
 [32m✓[39m src/commands/__tests__/happyPath.test.ts[2m > [22mHappy Path: Scenario 01 - WordPress Lab[2m > [22mgobuster sin nmap previo debe fallar[32m 1[2mms[22m[39m
 [32m✓[39m src/commands/__tests__/happyPath.test.ts[2m > [22mHappy Path: Scenario 01 - WordPress Lab[2m > [22mGolden path: arp-scan → nmap → gobuster sin simular estado[32m 1[2mms[22m[39m
 [32m✓[39m src/commands/__tests__/happyPath.test.ts[2m > [22mHappy Path: Scenario 02 - SSH Brute Force[2m > [22mPaso 1: arp-scan descubre el host[32m 1[2mms[22m[39m
 [32m✓[39m src/commands/__tests__/happyPath.test.ts[2m > [22mHappy Path: Scenario 02 - SSH Brute Force[2m > [22mPaso 2: nmap detecta puerto 22 SSH y 80 HTTP[32m 1[2mms[22m[39m
 [32m✓[39m src/commands/__tests__/happyPath.test.ts[2m > [22mHappy Path: Scenario 02 - SSH Brute Force[2m > [22mPaso 4: hydra encuentra credenciales de gonzalo[32m 2[2mms[22m[39m
 [32m✓[39m src/commands/__tests__/happyPath.test.ts[2m > [22mHappy Path: Scenario 02 - SSH Brute Force[2m > [22mPaso 5: ssh conecta con gonzalo[32m 2[2mms[22m[39m
 [32m✓[39m src/commands/__tests__/happyPath.test.ts[2m > [22mHappy Path: Scenario 02 - SSH Brute Force[2m > [22mGolden path: arp-scan → nmap → hydra → ssh (con gonzalo)[32m 2[2mms[22m[39m
 [32m✓[39m src/commands/__tests__/happyPath.test.ts[2m > [22mHappy Path: Scenario 03 - EternalBlue[2m > [22mPaso 1: arp-scan descubre Windows 7[32m 1[2mms[22m[39m
 [32m✓[39m src/commands/__tests__/happyPath.test.ts[2m > [22mHappy Path: Scenario 03 - EternalBlue[2m > [22mPaso 2: nmap detecta SMB en puerto 445[32m 1[2mms[22m[39m
 [32m✓[39m src/commands/__tests__/happyPath.test.ts[2m > [22mHappy Path: Scenario 03 - EternalBlue[2m > [22mGolden path: arp-scan → nmap → MSF auxiliary → exploit → getuid[32m 5[2mms[22m[39m
 [32m✓[39m src/commands/__tests__/happyPath.test.ts[2m > [22mHappy Path: Scenario 04 - LFI to RCE[2m > [22mPaso 1: arp-scan descubre el host[32m 1[2mms[22m[39m
 [32m✓[39m src/commands/__tests__/happyPath.test.ts[2m > [22mHappy Path: Scenario 04 - LFI to RCE[2m > [22mPaso 2: nmap detecta HTTP en puerto 80[32m 1[2mms[22m[39m
 [32m✓[39m src/commands/__tests__/happyPath.test.ts[2m > [22mHappy Path: Scenario 04 - LFI to RCE[2m > [22mPaso 4: nc -nlvp activa listener — valida propiedades de blockingCommand[32m 1[2mms[22m[39m
 [32m✓[39m src/commands/__tests__/happyPath.test.ts[2m > [22mHappy Path: Scenario 04 - LFI to RCE[2m > [22mnc fuera del contexto LFI no completa ninguna misión[32m 1[2mms[22m[39m
 [32m✓[39m src/commands/__tests__/happyPath.test.ts[2m > [22mHappy Path: Scenario 04 - LFI to RCE[2m > [22mnc sin puerto debe fallar[32m 1[2mms[22m[39m
 [32m✓[39m src/commands/__tests__/happyPath.test.ts[2m > [22mHappy Path: Scenario 04 - LFI to RCE[2m > [22mnmap sin reconocimiento previo debe fallar[32m 1[2mms[22m[39m
 [32m✓[39m src/commands/__tests__/happyPath.test.ts[2m > [22mHappy Path: Scenario 04 - LFI to RCE[2m > [22mGolden path: arp-scan → nmap → nc listener (estado evoluciona naturalmente)[32m 1[2mms[22m[39m
 [32m✓[39m src/commands/__tests__/happyPath.test.ts[2m > [22mHappy Path: Scenario 05 - Privilege Escalation[2m > [22mPaso 1: arp-scan descubre el host[32m 1[2mms[22m[39m
 [32m✓[39m src/commands/__tests__/happyPath.test.ts[2m > [22mHappy Path: Scenario 05 - Privilege Escalation[2m > [22mPaso 2: nmap detecta SSH en puerto 22[32m 1[2mms[22m[39m
 [32m✓[39m src/commands/__tests__/happyPath.test.ts[2m > [22mHappy Path: Scenario 05 - Privilege Escalation[2m > [22mPaso 3: hydra — valida credenciales en propiedades, no en strings[32m 1[2mms[22m[39m
 [32m✓[39m src/commands/__tests__/happyPath.test.ts[2m > [22mHappy Path: Scenario 05 - Privilege Escalation[2m > [22mPaso 4: ssh — valida cambio de máquina activa[32m 1[2mms[22m[39m
 [32m✓[39m src/commands/__tests__/happyPath.test.ts[2m > [22mHappy Path: Scenario 05 - Privilege Escalation[2m > [22mPaso 5: sudo -l, muestra permisos de vim (string crítico para el escenario)[32m 1[2mms[22m[39m
 [32m✓[39m src/commands/__tests__/happyPath.test.ts[2m > [22mHappy Path: Scenario 05 - Privilege Escalation[2m > [22mPaso 6: sudo vim -c !bash escala a root (uid=0 es crítico)[32m 1[2mms[22m[39m
 [32m✓[39m src/commands/__tests__/happyPath.test.ts[2m > [22mHappy Path: Scenario 05 - Privilege Escalation[2m > [22mPaso 7: cat /root/root.txt — flag es string crítico[32m 1[2mms[22m[39m
 [32m✓[39m src/commands/__tests__/happyPath.test.ts[2m > [22mHappy Path: Scenario 05 - Privilege Escalation[2m > [22mssh sin hydra previo debe fallar[32m 1[2mms[22m[39m
 [32m✓[39m src/commands/__tests__/happyPath.test.ts[2m > [22mHappy Path: Scenario 05 - Privilege Escalation[2m > [22mGolden path: arp-scan → nmap → hydra → ssh → sudo -l → privesc → flag (sin simular estado)[32m 2[2mms[22m[39m
 [32m✓[39m src/commands/__tests__/happyPath.test.ts[2m > [22mComandos básicos funcionan en todos los contextos[2m > [22mhelp muestra comandos clave de pentesting[32m 1[2mms[22m[39m
 [32m✓[39m src/commands/__tests__/happyPath.test.ts[2m > [22mComandos básicos funcionan en todos los contextos[2m > [22mwhoami muestra root en atacante[32m 1[2mms[22m[39m
 [32m✓[39m src/commands/__tests__/happyPath.test.ts[2m > [22mComandos básicos funcionan en todos los contextos[2m > [22mifconfig muestra IP del atacante[32m 1[2mms[22m[39m
 [32m✓[39m src/commands/__tests__/happyPath.test.ts[2m > [22mComandos básicos funcionan en todos los contextos[2m > [22mclear retorna CLEAR_TERMINAL[32m 0[2mms[22m[39m
 [32m✓[39m src/commands/__tests__/happyPath.test.ts[2m > [22mComandos básicos funcionan en todos los contextos[2m > [22mcomando desconocido retorna isError true[32m 0[2mms[22m[39m
 [32m✓[39m src/commands/__tests__/happyPath.test.ts[2m > [22mComandos básicos funcionan en todos los contextos[2m > [22mls lista archivos del atacante[32m 4[2mms[22m[39m
 [32m✓[39m src/commands/__tests__/happyPath.test.ts[2m > [22mComandos básicos funcionan en todos los contextos[2m > [22mcat lee archivo existente — valida contenido exacto[32m 1[2mms[22m[39m
 [32m✓[39m src/commands/__tests__/happyPath.test.ts[2m > [22mComandos básicos funcionan en todos los contextos[2m > [22mcat con archivo inexistente retorna isError true[32m 0[2mms[22m[39m
 [32m✓[39m src/commands/builtin/__tests__/ls.test.ts[2m > [22mcmd_ls[2m > [22mdebe listar archivos sin argumento[32m 97[2mms[22m[39m
 [32m✓[39m src/commands/builtin/__tests__/ls.test.ts[2m > [22mcmd_ls[2m > [22mdebe mostrar total con -l[32m 2[2mms[22m[39m
 [32m✓[39m src/commands/builtin/__tests__/ls.test.ts[2m > [22mcmd_ls[2m > [22mdebe mostrar cadena vacía si no hay archivos[32m 1[2mms[22m[39m
 [32m✓[39m src/commands/builtin/__tests__/ls.test.ts[2m > [22mcmd_ls[2m > [22mdebe mostrar total 0 con -l si no hay archivos[32m 3[2mms[22m[39m
 [32m✓[39m src/commands/builtin/__tests__/ls.test.ts[2m > [22mcmd_ls[2m > [22mdebe listar archivos en directorio específico[32m 1[2mms[22m[39m
 [32m✓[39m src/commands/builtin/__tests__/ls.test.ts[2m > [22mcmd_ls[2m > [22mdebe mostrar subdirectorios con /[32m 1[2mms[22m[39m
 [32m✓[39m src/commands/builtin/__tests__/ls.test.ts[2m > [22mcmd_ls[2m > [22mdebe mostrar cadena vacía para directorio vacío[32m 10[2mms[22m[39m
 [32m✓[39m src/commands/builtin/__tests__/ls.test.ts[2m > [22mcmd_ls[2m > [22mdebe mostrar total 0 con -l para directorio vacío[32m 1[2mms[22m[39m
 [32m✓[39m src/commands/builtin/__tests__/ls.test.ts[2m > [22mcmd_ls[2m > [22mdebe mostrar permisos de archivo con -l[32m 9[2mms[22m[39m
 [32m✓[39m src/commands/builtin/__tests__/ls.test.ts[2m > [22mcmd_ls[2m > [22mdebe mostrar permisos de directorio con -l[32m 1[2mms[22m[39m
 [32m✓[39m src/commands/builtin/__tests__/ls.test.ts[2m > [22mcmd_ls[2m > [22mdebe listar múltiples archivos[32m 1[2mms[22m[39m
 [32m✓[39m src/commands/builtin/__tests__/ls.test.ts[2m > [22mcmd_ls[2m > [22msistema de directorios .dir[2m > [22mdebe reconocer directorios marcados con .dir[32m 3[2mms[22m[39m
 [32m✓[39m src/commands/builtin/__tests__/ls.test.ts[2m > [22mcmd_ls[2m > [22msistema de directorios .dir[2m > [22mdebe mostrar permisos de directorios con .dir usando -l[32m 1[2mms[22m[39m
 [32m✓[39m src/commands/builtin/__tests__/ls.test.ts[2m > [22mcmd_ls[2m > [22msistema de directorios .dir[2m > [22mdebe listar directorios raíz de Linux[32m 4[2mms[22m[39m
 [32m✓[39m src/commands/builtin/__tests__/ls.test.ts[2m > [22mcmd_ls[2m > [22msistema de directorios .dir[2m > [22mdebe listar archivos dentro de /etc/[32m 3[2mms[22m[39m
 [32m✓[39m src/commands/builtin/__tests__/ls.test.ts[2m > [22mcmd_ls[2m > [22msistema de directorios .dir[2m > [22mdebe listar subdirectorios dentro de /etc/[32m 1[2mms[22m[39m
 [32m✓[39m src/commands/builtin/__tests__/ls.test.ts[2m > [22mcmd_ls[2m > [22msistema de directorios .dir[2m > [22mdebe listar archivos en /var/log/[32m 0[2mms[22m[39m
 [32m✓[39m src/commands/builtin/__tests__/ls.test.ts[2m > [22mcmd_ls[2m > [22msistema de directorios .dir[2m > [22mdebe listar directorios de usuario en /home/[32m 0[2mms[22m[39m
 [32m✓[39m src/commands/builtin/__tests__/ls.test.ts[2m > [22mcmd_ls[2m > [22msistema de directorios .dir[2m > [22mdebe listar archivos ocultos con ls -a[32m 0[2mms[22m[39m
 [32m✓[39m src/commands/builtin/__tests__/ls.test.ts[2m > [22mcmd_ls[2m > [22msistema de directorios .dir[2m > [22mdebe mostrar ls -l con detalles[32m 0[2mms[22m[39m
 [32m✓[39m src/fs-models/__tests__/fs-windows.test.ts[2m > [22mcreateWindowsFileSystem[2m > [22mdebe crear un sistema de archivos Windows con configuración por defecto[32m 16[2mms[22m[39m
 [32m✓[39m src/fs-models/__tests__/fs-windows.test.ts[2m > [22mcreateWindowsFileSystem[2m > [22mdebe usar el nombre de usuario por defecto (Administrator)[32m 4[2mms[22m[39m
 [32m✓[39m src/fs-models/__tests__/fs-windows.test.ts[2m > [22mcreateWindowsFileSystem[2m > [22mdebe usar un nombre de usuario personalizado[32m 1[2mms[22m[39m
 [32m✓[39m src/fs-models/__tests__/fs-windows.test.ts[2m > [22mcreateWindowsFileSystem[2m > [22mdebe usar el nombre de computadora por defecto (WIN-SERVER)[32m 1[2mms[22m[39m
 [32m✓[39m src/fs-models/__tests__/fs-windows.test.ts[2m > [22mcreateWindowsFileSystem[2m > [22mdebe usar un nombre de computadora personalizado[32m 1[2mms[22m[39m
 [32m✓[39m src/fs-models/__tests__/fs-windows.test.ts[2m > [22mcreateWindowsFileSystem[2m > [22mdebe incluir archivos de configuración del sistema[32m 1[2mms[22m[39m
 [32m✓[39m src/fs-models/__tests__/fs-windows.test.ts[2m > [22mcreateWindowsFileSystem[2m > [22mdebe incluir archivos de logs del sistema[32m 1[2mms[22m[39m
 [32m✓[39m src/fs-models/__tests__/fs-windows.test.ts[2m > [22mcreateWindowsFileSystem[2m > [22mdebe incluir archivos de registro simulados[32m 1[2mms[22m[39m
 [32m✓[39m src/fs-models/__tests__/fs-windows.test.ts[2m > [22mcreateWindowsFileSystem[2m > [22mdebe incluir directorios de servicios web[32m 1[2mms[22m[39m
 [32m✓[39m src/fs-models/__tests__/fs-windows.test.ts[2m > [22mcreateWindowsFileSystem[2m > [22mdebe incluir archivos de configuración de servicios web[32m 1[2mms[22m[39m
 [32m✓[39m src/fs-models/__tests__/fs-windows.test.ts[2m > [22mcreateWindowsFileSystem[2m > [22mdebe incluir archivos de usuario con credenciales[32m 1[2mms[22m[39m
 [32m✓[39m src/fs-models/__tests__/fs-windows.test.ts[2m > [22mcreateWindowsFileSystem[2m > [22mdebe incluir archivos de flags[32m 0[2mms[22m[39m
 [32m✓[39m src/fs-models/__tests__/fs-windows.test.ts[2m > [22mcreateWindowsFileSystem[2m > [22mdebe incluir archivos de configuración de red[32m 1[2mms[22m[39m
 [32m✓[39m src/fs-models/__tests__/fs-windows.test.ts[2m > [22mcreateWindowsFileSystem[2m > [22mdebe retornar un array de FileEntry válido[32m 20[2mms[22m[39m
 [32m✓[39m src/commands/tools/__tests__/nmap.test.ts[2m > [22mcmd_nmap[2m > [22mdebe requerir una IP[32m 5[2mms[22m[39m
 [32m✓[39m src/commands/tools/__tests__/nmap.test.ts[2m > [22mcmd_nmap[2m > [22mdebe requerir reconocimiento previo (discovery_level >= 1)[32m 3[2mms[22m[39m
 [32m✓[39m src/commands/tools/__tests__/nmap.test.ts[2m > [22mcmd_nmap[2m > [22mdebe escanear puertos si hay reconocimiento previo[32m 49[2mms[22m[39m
 [32m✓[39m src/commands/tools/__tests__/nmap.test.ts[2m > [22mcmd_nmap[2m > [22mdebe mostrar versiones con -sV[32m 2[2mms[22m[39m
 [32m✓[39m src/commands/tools/__tests__/nmap.test.ts[2m > [22mcmd_nmap[2m > [22mdebe fallar si IP no existe[32m 1[2mms[22m[39m
 [32m✓[39m src/commands/tools/__tests__/ssh.test.ts[2m > [22mcmd_ssh[2m > [22mdebe requerir user@ip[32m 12[2mms[22m[39m
 [32m✓[39m src/commands/tools/__tests__/ssh.test.ts[2m > [22mcmd_ssh[2m > [22mdebe requerir fuerza bruta previa (discovery_level >= 3)[32m 4[2mms[22m[39m
 [32m✓[39m src/commands/tools/__tests__/ssh.test.ts[2m > [22mcmd_ssh[2m > [22mdebe conectar con credenciales correctas[32m 86[2mms[22m[39m
 [32m✓[39m src/commands/tools/__tests__/ssh.test.ts[2m > [22mcmd_ssh[2m > [22mdebe rechazar credenciales incorrectas[32m 2[2mms[22m[39m
 [32m✓[39m src/commands/tools/__tests__/ssh.test.ts[2m > [22mcmd_ssh[2m > [22mdebe requerir contraseña[32m 2[2mms[22m[39m
 [32m✓[39m src/commands/tools/__tests__/ssh.test.ts[2m > [22mcmd_ssh[2m > [22mdebe completar misión final si es el paso correcto[32m 1[2mms[22m[39m
 [32m✓[39m src/store/__tests__/scenarioStore.test.ts[2m > [22mscenarioStore[2m > [22mdebe iniciar en la vista landing[32m 12[2mms[22m[39m
 [32m✓[39m src/store/__tests__/scenarioStore.test.ts[2m > [22mscenarioStore[2m > [22mselectScenario debe activar el loader y luego cambiar de vista[32m 8[2mms[22m[39m
 [32m✓[39m src/store/__tests__/scenarioStore.test.ts[2m > [22mscenarioStore[2m > [22mcompleteMission debe actualizar el progreso y las máquinas[32m 7[2mms[22m[39m
 [32m✓[39m src/store/__tests__/scenarioStore.test.ts[2m > [22mscenarioStore[2m > [22mgoHome debe resetear la navegación del usuario[32m 5[2mms[22m[39m
 [32m✓[39m src/store/__tests__/scenarioStore.test.ts[2m > [22mscenarioStore[2m > [22mshowNotification debe auto-limpiarse tras el tiempo indicado[32m 5[2mms[22m[39m
 [32m✓[39m src/store/__tests__/scenarioStore.test.ts[2m > [22mscenarioStore[2m > [22mclearNotification debe limpiar la notificación[32m 4[2mms[22m[39m
 [32m✓[39m src/store/__tests__/scenarioStore.test.ts[2m > [22mscenarioStore[2m > [22msetView debe cambiar la vista[32m 4[2mms[22m[39m
 [32m✓[39m src/store/__tests__/scenarioStore.test.ts[2m > [22mscenarioStore[2m > [22msetActiveApp debe cambiar la aplicación activa[32m 3[2mms[22m[39m
 [32m✓[39m src/store/__tests__/scenarioStore.test.ts[2m > [22mscenarioStore[2m > [22msetTermColor debe cambiar el color del terminal[32m 3[2mms[22m[39m
 [32m✓[39m src/store/__tests__/scenarioStore.test.ts[2m > [22mscenarioStore[2m > [22mtoggleNetworkMap debe alternar la visibilidad del mapa[32m 5[2mms[22m[39m
 [32m✓[39m src/store/__tests__/scenarioStore.test.ts[2m > [22mscenarioStore[2m > [22mtoggleNetworkMap con parámetro debe forzar el estado[32m 3[2mms[22m[39m
 [32m✓[39m src/store/__tests__/scenarioStore.test.ts[2m > [22mscenarioStore[2m > [22mchangeMachine debe cambiar la máquina activa[32m 3[2mms[22m[39m
 [32m✓[39m src/store/__tests__/scenarioStore.test.ts[2m > [22mscenarioStore[2m > [22mfindCredentials debe agregar credenciales a la máquina[32m 4[2mms[22m[39m
 [32m✓[39m src/store/__tests__/scenarioStore.test.ts[2m > [22mscenarioStore[2m > [22mverifyCredentials debe marcar credenciales como verificadas[32m 4[2mms[22m[39m
 [32m✓[39m src/store/__tests__/scenarioStore.test.ts[2m > [22mscenarioStore[2m > [22msetCurrentDir debe cambiar el directorio actual[32m 3[2mms[22m[39m
 [32m✓[39m src/store/__tests__/scenarioStore.test.ts[2m > [22mscenarioStore[2m > [22msetListeningPort debe establecer el puerto de escucha[32m 4[2mms[22m[39m
 [32m✓[39m src/store/__tests__/scenarioStore.test.ts[2m > [22mscenarioStore[2m > [22msetMsfState debe actualizar el estado de MSF[32m 3[2mms[22m[39m
 [32m✓[39m src/store/__tests__/scenarioStore.test.ts[2m > [22mscenarioStore[2m > [22mgetActiveMachine debe retornar la máquina activa[32m 2[2mms[22m[39m
 [32m✓[39m src/store/__tests__/scenarioStore.test.ts[2m > [22mscenarioStore[2m > [22mgetScenarioMachines debe retornar las máquinas del escenario[32m 2[2mms[22m[39m
 [32m✓[39m src/store/__tests__/scenarioStore.test.ts[2m > [22mscenarioStore[2m > [22mrefreshBrowser debe incrementar la key del navegador[32m 3[2mms[22m[39m
 [32m✓[39m src/store/__tests__/scenarioStore.test.ts[2m > [22mscenarioStore[2m > [22msetBrowserUrl debe actualizar la URL del navegador[32m 3[2mms[22m[39m
 [32m✓[39m src/store/__tests__/scenarioStore.test.ts[2m > [22mscenarioStore[2m > [22msetBrowserLoggedIn debe actualizar el estado de login[32m 22[2mms[22m[39m
 [32m✓[39m src/store/__tests__/scenarioStore.test.ts[2m > [22mscenarioStore[2m > [22msetBrowserNavHistory debe actualizar el historial de navegación[32m 4[2mms[22m[39m
 [32m✓[39m src/commands/builtin/__tests__/hashcat.test.ts[2m > [22mcmd_hashcat[2m > [22mdebe mostrar uso si no hay argumentos[32m 23[2mms[22m[39m
 [32m✓[39m src/commands/builtin/__tests__/hashcat.test.ts[2m > [22mcmd_hashcat[2m > [22mdebe mostrar uso si falta -m[32m 2[2mms[22m[39m
 [32m✓[39m src/commands/builtin/__tests__/hashcat.test.ts[2m > [22mcmd_hashcat[2m > [22mdebe mostrar error si modo es inválido[32m 2[2mms[22m[39m
 [32m✓[39m src/commands/builtin/__tests__/hashcat.test.ts[2m > [22mcmd_hashcat[2m > [22mdebe mostrar error si falta hash file[32m 1[2mms[22m[39m
 [32m✓[39m src/commands/builtin/__tests__/hashcat.test.ts[2m > [22mcmd_hashcat[2m > [22mdebe mostrar error si wordlist no es rockyou[32m 1[2mms[22m[39m
 [32m✓[39m src/commands/builtin/__tests__/hashcat.test.ts[2m > [22mcmd_hashcat[2m > [22mdebe crackear hash con wordlist rockyou[32m 2[2mms[22m[39m
 [32m✓[39m src/commands/builtin/__tests__/hashcat.test.ts[2m > [22mcmd_hashcat[2m > [22mdebe mostrar dispositivos GPU simulados[32m 1[2mms[22m[39m
 [32m✓[39m src/commands/builtin/__tests__/hashcat.test.ts[2m > [22mcmd_hashcat[2m > [22mdebe mostrar hash MD5 ficticio[32m 1[2mms[22m[39m
 [32m✓[39m src/commands/tools/__tests__/msfconsole.test.ts[2m > [22mcmd_msfconsole - initialization[2m > [22mdebe mostrar el banner de metasploit al iniciar[32m 17[2mms[22m[39m
 [32m✓[39m src/commands/tools/__tests__/msfconsole.test.ts[2m > [22mcmd_msfconsole - initialization[2m > [22mdebe contener el estado activo en el output[32m 2[2mms[22m[39m
 [32m✓[39m src/commands/tools/__tests__/msfconsole.test.ts[2m > [22mexecuteMsfCommand - integration tests[2m > [22mCommand handler priority (BUG-A & BUG-B fix)[2m > [22mdebe usar meterpreter help en sesión (no MSF help)[32m 2[2mms[22m[39m
 [32m✓[39m src/commands/tools/__tests__/msfconsole.test.ts[2m > [22mexecuteMsfCommand - integration tests[2m > [22mCommand handler priority (BUG-A & BUG-B fix)[2m > [22mdebe usar shell commands cuando está en shellMode[32m 2[2mms[22m[39m
 [32m✓[39m src/commands/tools/__tests__/msfconsole.test.ts[2m > [22mexecuteMsfCommand - integration tests[2m > [22mFull exploit flow[2m > [22mdebe completar el flujo: search → use → set → run auxiliary → run exploit[32m 10[2mms[22m[39m
 [32m✓[39m src/commands/tools/__tests__/msfconsole.test.ts[2m > [22mexecuteMsfCommand - integration tests[2m > [22mMeterpreter to shell flow[2m > [22mdebe transicionar de meterpreter a shell con "shell" command[32m 3[2mms[22m[39m
 [32m✓[39m src/commands/tools/__tests__/msfconsole.test.ts[2m > [22mexecuteMsfCommand - integration tests[2m > [22mPrompt ordering (no double prompts)[2m > [22mNO debe haber doble prompt al cargar módulo auxiliary[32m 1[2mms[22m[39m
 [32m✓[39m src/commands/tools/__tests__/msfconsole.test.ts[2m > [22mexecuteMsfCommand - integration tests[2m > [22mPrompt ordering (no double prompts)[2m > [22mNO debe haber doble prompt al cargar módulo exploit[32m 1[2mms[22m[39m
 [32m✓[39m src/commands/tools/__tests__/msfconsole.test.ts[2m > [22mexecuteMsfCommand - integration tests[2m > [22mPrompt ordering (no double prompts)[2m > [22mNO debe haber doble prompt en meterpreter help[32m 1[2mms[22m[39m
 [32m✓[39m src/utils/__tests__/autocomplete.test.ts[2m > [22mautocompleteCommand[2m > [22mdebe retornar todos los comandos si no hay prefijo[32m 8[2mms[22m[39m
 [32m✓[39m src/utils/__tests__/autocomplete.test.ts[2m > [22mautocompleteCommand[2m > [22mdebe filtrar comandos por prefijo[32m 2[2mms[22m[39m
 [32m✓[39m src/utils/__tests__/autocomplete.test.ts[2m > [22mautocompleteCommand[2m > [22mdebe filtrar comandos por prefijo parcial[32m 5[2mms[22m[39m
 [32m✓[39m src/utils/__tests__/autocomplete.test.ts[2m > [22mautocompleteCommand[2m > [22mdebe retornar array vacío si no hay coincidencias[32m 6[2mms[22m[39m
 [32m✓[39m src/utils/__tests__/autocomplete.test.ts[2m > [22mautocompleteCommand[2m > [22mdebe ser case-insensitive[32m 1[2mms[22m[39m
 [32m✓[39m src/utils/__tests__/autocomplete.test.ts[2m > [22mautocompleteCommand[2m > [22mdebe encontrar comandos que empiezan con "s"[32m 1[2mms[22m[39m
 [32m✓[39m src/utils/__tests__/autocomplete.test.ts[2m > [22mautocompleteCommand[2m > [22mdebe encontrar comandos que empiezan con "c"[32m 1[2mms[22m[39m
 [32m✓[39m src/utils/__tests__/autocomplete.test.ts[2m > [22mautocompleteFile[2m > [22mdebe retornar archivos en directorio raíz[32m 2[2mms[22m[39m
 [32m✓[39m src/utils/__tests__/autocomplete.test.ts[2m > [22mautocompleteFile[2m > [22mdebe filtrar archivos por prefijo[32m 5[2mms[22m[39m
 [32m✓[39m src/utils/__tests__/autocomplete.test.ts[2m > [22mautocompleteFile[2m > [22mdebe retornar archivos en subdirectorio[32m 1[2mms[22m[39m
 [32m✓[39m src/utils/__tests__/autocomplete.test.ts[2m > [22mautocompleteFile[2m > [22mdebe manejar paths absolutos[32m 1[2mms[22m[39m
 [32m✓[39m src/utils/__tests__/autocomplete.test.ts[2m > [22mautocompleteFile[2m > [22mdebe retornar array vacío si no hay coincidencias[32m 1[2mms[22m[39m
 [32m✓[39m src/utils/__tests__/autocomplete.test.ts[2m > [22mautocompleteFile[2m > [22mdebe retornar array vacío si no hay archivos[32m 0[2mms[22m[39m
 [32m✓[39m src/utils/__tests__/autocomplete.test.ts[2m > [22mgetAutocompleteSuggestions[2m > [22mdebe autocompletar comando cuando es la primera palabra[32m 1[2mms[22m[39m
 [32m✓[39m src/utils/__tests__/autocomplete.test.ts[2m > [22mgetAutocompleteSuggestions[2m > [22mdebe autocompletar archivo cuando hay un espacio[32m 1[2mms[22m[39m
 [32m✓[39m src/utils/__tests__/autocomplete.test.ts[2m > [22mgetAutocompleteSuggestions[2m > [22mdebe completar automáticamente con una sola sugerencia[32m 0[2mms[22m[39m
 [32m✓[39m src/utils/__tests__/autocomplete.test.ts[2m > [22mgetAutocompleteSuggestions[2m > [22mdebe retornar múltiples sugerencias sin completar[32m 0[2mms[22m[39m
 [32m✓[39m src/utils/__tests__/autocomplete.test.ts[2m > [22mgetAutocompleteSuggestions[2m > [22mdebe manejar input vacío[32m 0[2mms[22m[39m
 [32m✓[39m src/utils/__tests__/autocomplete.test.ts[2m > [22mgetAutocompleteSuggestions[2m > [22mdebe autocompletar comando completo[32m 0[2mms[22m[39m
 [32m✓[39m src/utils/__tests__/autocomplete.test.ts[2m > [22mfindCommonPrefix[2m > [22mdebe encontrar prefijo común entre sugerencias[32m 0[2mms[22m[39m
 [32m✓[39m src/utils/__tests__/autocomplete.test.ts[2m > [22mfindCommonPrefix[2m > [22mdebe retornar cadena vacía si no hay prefijo común[32m 0[2mms[22m[39m
 [32m✓[39m src/utils/__tests__/autocomplete.test.ts[2m > [22mfindCommonPrefix[2m > [22mdebe retornar la cadena completa si solo hay una sugerencia[32m 1[2mms[22m[39m
 [32m✓[39m src/utils/__tests__/autocomplete.test.ts[2m > [22mfindCommonPrefix[2m > [22mdebe retornar cadena vacía si no hay sugerencias[32m 10[2mms[22m[39m
 [32m✓[39m src/utils/__tests__/autocomplete.test.ts[2m > [22mfindCommonPrefix[2m > [22mdebe encontrar prefijo común con strings similares[32m 1[2mms[22m[39m
 [32m✓[39m src/utils/__tests__/autocomplete.test.ts[2m > [22mfindCommonPrefix[2m > [22mdebe encontrar prefijo común con strings idénticos[32m 0[2mms[22m[39m
 [32m✓[39m src/commands/tools/__tests__/msfCommands/msfExploits.test.ts[2m > [22mexecuteExploitCommand - auxiliary[2m > [22mdebe retornar null si no hay módulo seleccionado[32m 7[2mms[22m[39m
 [32m✓[39m src/commands/tools/__tests__/msfCommands/msfExploits.test.ts[2m > [22mexecuteExploitCommand - auxiliary[2m > [22mdebe retornar null para comando no reconocido[32m 2[2mms[22m[39m
 [32m✓[39m src/commands/tools/__tests__/msfCommands/msfExploits.test.ts[2m > [22mexecuteExploitCommand - auxiliary[2m > [22mdebe ejecutar auxiliary exitosamente en máquina vulnerable[32m 3[2mms[22m[39m
 [32m✓[39m src/commands/tools/__tests__/msfCommands/msfExploits.test.ts[2m > [22mexecuteExploitCommand - auxiliary[2m > [22mdebe fallar si RHOSTS no está configurado[32m 2[2mms[22m[39m
 [32m✓[39m src/commands/tools/__tests__/msfCommands/msfExploits.test.ts[2m > [22mexecuteExploitCommand - exploit ms17_010_eternalblue[2m > [22mdebe ejecutar exploit exitosamente y abrir sesión[32m 45[2mms[22m[39m
 [32m✓[39m src/commands/tools/__tests__/msfCommands/msfExploits.test.ts[2m > [22mexecuteExploitCommand - exploit ms17_010_eternalblue[2m > [22mdebe fallar si no se ha ejecutado auxiliary primero[32m 1[2mms[22m[39m
 [32m✓[39m src/commands/tools/__tests__/msfCommands/msfExploits.test.ts[2m > [22mexecuteExploitCommand - exploit ms17_010_eternalblue[2m > [22mdebe fallar si LHOST no está configurado[32m 1[2mms[22m[39m
 [32m✓[39m src/commands/tools/__tests__/msfCommands/msfExploits.test.ts[2m > [22mexecuteExploitCommand - exploit ms17_010_eternalblue[2m > [22mdebe fallar si RHOSTS no está configurado[32m 1[2mms[22m[39m
 [32m✓[39m src/commands/tools/__tests__/msfCommands/msfExploits.test.ts[2m > [22mexecuteExploitCommand - exploit ms17_010_eternalblue[2m > [22mdebe fallar si puerto 445 no está abierto[32m 2[2mms[22m[39m
 [32m✓[39m src/commands/tools/__tests__/msfCommands/msfExploits.test.ts[2m > [22mexecuteExploitCommand - exploit ms17_010_eternalblue[2m > [22mdebe funcionar con run (alias de exploit)[32m 1[2mms[22m[39m
 [32m✓[39m src/commands/tools/__tests__/msfCommands/msfExploits.test.ts[2m > [22mexecuteExploitCommand - exploit ms17_010_eternalblue[2m > [22mdebe funcionar con check[32m 1[2mms[22m[39m
 [32m✓[39m src/commands/builtin/__tests__/cd.test.ts[2m > [22mcmd_cd[2m > [22msin argumentos[2m > [22mdebe cambiar al directorio home cuando no hay argumentos[32m 10[2mms[22m[39m
 [32m✓[39m src/commands/builtin/__tests__/cd.test.ts[2m > [22mcmd_cd[2m > [22msin argumentos[2m > [22mdebe retornar output vacío en éxito[32m 5[2mms[22m[39m
 [32m✓[39m src/commands/builtin/__tests__/cd.test.ts[2m > [22mcmd_cd[2m > [22mcd ..[2m > [22mdebe cambiar al directorio padre[32m 1[2mms[22m[39m
 [32m✓[39m src/commands/builtin/__tests__/cd.test.ts[2m > [22mcmd_cd[2m > [22mcd ..[2m > [22mdebe permanecer en raíz si ya está en /[32m 2[2mms[22m[39m
 [32m✓[39m src/commands/builtin/__tests__/cd.test.ts[2m > [22mcmd_cd[2m > [22mcd ..[2m > [22mdebe manejar .. (subir un nivel)[32m 1[2mms[22m[39m
 [32m✓[39m src/commands/builtin/__tests__/cd.test.ts[2m > [22mcmd_cd[2m > [22mcd /path[2m > [22mdebe cambiar a ruta absoluta[32m 1[2mms[22m[39m
 [32m✓[39m src/commands/builtin/__tests__/cd.test.ts[2m > [22mcmd_cd[2m > [22mcd /path[2m > [22mdebe cambiar a ruta absoluta anidada conocida[32m 1[2mms[22m[39m
 [32m✓[39m src/commands/builtin/__tests__/cd.test.ts[2m > [22mcmd_cd[2m > [22mcd relative/path[2m > [22mdebe cambiar a ruta relativa existente[32m 1[2mms[22m[39m
 [32m✓[39m src/commands/builtin/__tests__/cd.test.ts[2m > [22mcmd_cd[2m > [22mcd relative/path[2m > [22mdebe mostrar error para ruta relativa inexistente[32m 15[2mms[22m[39m
 [32m✓[39m src/commands/builtin/__tests__/cd.test.ts[2m > [22mcmd_cd[2m > [22mcd ~[2m > [22mdebe cambiar al home del usuario[32m 2[2mms[22m[39m
 [32m✓[39m src/commands/builtin/__tests__/cd.test.ts[2m > [22mcmd_cd[2m > [22mcd -[2m > [22mdebe mostrar error ya que no hay directorio anterior[32m 1[2mms[22m[39m
 [32m✓[39m src/commands/builtin/__tests__/cd.test.ts[2m > [22mcmd_cd[2m > [22msin setCurrentDir[2m > [22mno debe fallar si setCurrentDir no está definido[32m 2[2mms[22m[39m
 [32m✓[39m src/commands/__tests__/integration.test.ts[2m > [22mIntegración de Comandos y Lógica de Pentesting[2m > [22mFlujo de Reconocimiento y Gating[2m > [22mdebe bloquear nmap si el host no ha sido descubierto (discovery_level 0)[32m 31[2mms[22m[39m
 [32m✓[39m src/commands/__tests__/integration.test.ts[2m > [22mIntegración de Comandos y Lógica de Pentesting[2m > [22mFlujo de Reconocimiento y Gating[2m > [22mdebe completar la misión de arp-scan y permitir nmap posteriormente[32m 89[2mms[22m[39m
 [32m✓[39m src/commands/__tests__/integration.test.ts[2m > [22mIntegración de Comandos y Lógica de Pentesting[2m > [22mMetasploit Framework (MSF) Stateful Flow[2m > [22mdebe mantener el estado del módulo y las opciones configuradas[32m 8[2mms[22m[39m
 [32m✓[39m src/commands/__tests__/integration.test.ts[2m > [22mIntegración de Comandos y Lógica de Pentesting[2m > [22mAcceso y Post-Explotación[2m > [22mdebe cambiar la máquina activa al loguearse por SSH exitosamente[32m 3[2mms[22m[39m
 [32m✓[39m src/commands/__tests__/integration.test.ts[2m > [22mIntegración de Comandos y Lógica de Pentesting[2m > [22mComandos Built-in[2m > [22mwhoami debe diferenciar entre atacante y objetivo[32m 1[2mms[22m[39m
 [32m✓[39m src/commands/tools/__tests__/hydra.test.ts[2m > [22mcmd_hydra[2m > [22mdebe requerir parámetros -l y -P[32m 15[2mms[22m[39m
 [32m✓[39m src/commands/tools/__tests__/hydra.test.ts[2m > [22mcmd_hydra[2m > [22mdebe requerir rockyou.txt como wordlist[32m 2[2mms[22m[39m
 [32m✓[39m src/commands/tools/__tests__/hydra.test.ts[2m > [22mcmd_hydra[2m > [22mdebe requerir escaneo previo (discovery_level >= 2)[32m 1[2mms[22m[39m
 [32m✓[39m src/commands/tools/__tests__/hydra.test.ts[2m > [22mcmd_hydra[2m > [22mdebe encontrar credenciales correctas[32m 49[2mms[22m[39m
 [32m✓[39m src/commands/tools/__tests__/hydra.test.ts[2m > [22mcmd_hydra[2m > [22mdebe fallar si el servicio no existe[32m 1[2mms[22m[39m
 [32m✓[39m src/commands/builtin/__tests__/mkdir.test.ts[2m > [22mcmd_mkdir[2m > [22mdebe mostrar ayuda si no hay argumentos[32m 18[2mms[22m[39m
 [32m✓[39m src/commands/builtin/__tests__/mkdir.test.ts[2m > [22mcmd_mkdir[2m > [22mdebe crear directorio simple en directorio actual[32m 4[2mms[22m[39m
 [32m✓[39m src/commands/builtin/__tests__/mkdir.test.ts[2m > [22mcmd_mkdir[2m > [22mdebe crear múltiples directorios en directorio actual[32m 2[2mms[22m[39m
 [32m✓[39m src/commands/builtin/__tests__/mkdir.test.ts[2m > [22mcmd_mkdir[2m > [22mdebe crear directorio en ruta absoluta con -p[32m 2[2mms[22m[39m
 [32m✓[39m src/commands/builtin/__tests__/mkdir.test.ts[2m > [22mcmd_mkdir[2m > [22mdebe crear estructura completa con -p[32m 13[2mms[22m[39m
 [32m✓[39m src/commands/builtin/__tests__/mkdir.test.ts[2m > [22mcmd_mkdir[2m > [22mdebe crear estructura relativa con -p[32m 3[2mms[22m[39m
 [32m✓[39m src/commands/builtin/__tests__/mkdir.test.ts[2m > [22mcmd_mkdir[2m > [22mdebe crear directorio en ruta absoluta sin -p si padres existen[32m 1[2mms[22m[39m
 [32m✓[39m src/commands/builtin/__tests__/mkdir.test.ts[2m > [22mcmd_mkdir[2m > [22mdebe fallar si padres no existen sin -p[32m 1[2mms[22m[39m
 [32m✓[39m src/commands/builtin/__tests__/mkdir.test.ts[2m > [22mcmd_mkdir[2m > [22mdebe fallar si directorio ya existe[32m 2[2mms[22m[39m
 [32m✓[39m src/commands/builtin/__tests__/mkdir.test.ts[2m > [22mcmd_mkdir[2m > [22mdebe fallar con opción inválida[32m 1[2mms[22m[39m
 [32m✓[39m src/commands/builtin/__tests__/mkdir.test.ts[2m > [22mcmd_mkdir[2m > [22mdebe fallar si falta operando con -p[32m 1[2mms[22m[39m
 [32m✓[39m src/commands/builtin/__tests__/mkdir.test.ts[2m > [22mcmd_mkdir[2m > [22mdebe manejar paths relativos con ..[32m 1[2mms[22m[39m
 [32m✓[39m src/commands/builtin/__tests__/mkdir.test.ts[2m > [22mcmd_mkdir[2m > [22mdebe denegar permisos en directorios del sistema para usuario no-root[32m 1[2mms[22m[39m
 [32m✓[39m src/commands/builtin/__tests__/mkdir.test.ts[2m > [22mcmd_mkdir[2m > [22mdebe permitir creación en directorios del sistema para root[32m 1[2mms[22m[39m
 [32m✓[39m src/commands/__tests__/laboratorio04_flow.test.ts[2m > [22mLaboratorio 04 - LFI Integration Test[2m > [22mdebe seguir el flujo correcto de misiones[32m 44[2mms[22m[39m
 [32m✓[39m src/commands/tools/__tests__/nc.test.ts[2m > [22mcmd_nc[2m > [22mdebe mostrar ayuda si no hay argumentos[32m 9[2mms[22m[39m
 [32m✓[39m src/commands/tools/__tests__/nc.test.ts[2m > [22mcmd_nc[2m > [22mdebe activar listener y completar misión cuando hay step de listener activo[32m 9[2mms[22m[39m
 [32m✓[39m src/commands/tools/__tests__/nc.test.ts[2m > [22mcmd_nc[2m > [22mnc sin step de listener activo no completa ninguna misión[32m 1[2mms[22m[39m
 [32m✓[39m src/commands/tools/__tests__/nc.test.ts[2m > [22mcmd_nc[2m > [22mdebe aceptar múltiples órdenes de argumentos (-vlnp, -pvnl, etc)[32m 5[2mms[22m[39m
 [32m✓[39m src/commands/tools/__tests__/nc.test.ts[2m > [22mcmd_nc[2m > [22mdebe rechazar puerto inválido[32m 1[2mms[22m[39m
 [32m✓[39m src/commands/tools/__tests__/nc.test.ts[2m > [22mcmd_nc[2m > [22mdebe rechazar puerto fuera de rango[32m 1[2mms[22m[39m
 [32m✓[39m src/commands/tools/__tests__/nc.test.ts[2m > [22mcmd_nc[2m > [22mdebe rechazar conexión a host inexistente[32m 1[2mms[22m[39m
 [32m✓[39m src/commands/tools/__tests__/nc.test.ts[2m > [22mcmd_nc[2m > [22mdebe mostrar error si falta puerto en modo conectar[32m 1[2mms[22m[39m
 [32m✓[39m src/commands/builtin/__tests__/rmdir.test.ts[2m > [22mcmd_rmdir[2m > [22mdebe mostrar ayuda si no hay argumentos[32m 11[2mms[22m[39m
 [32m✓[39m src/commands/builtin/__tests__/rmdir.test.ts[2m > [22mcmd_rmdir[2m > [22mdebe eliminar directorio vacío simple[32m 5[2mms[22m[39m
 [32m✓[39m src/commands/builtin/__tests__/rmdir.test.ts[2m > [22mcmd_rmdir[2m > [22mdebe eliminar múltiples directorios vacíos[32m 2[2mms[22m[39m
 [32m✓[39m src/commands/builtin/__tests__/rmdir.test.ts[2m > [22mcmd_rmdir[2m > [22mdebe fallar si directorio no existe[32m 2[2mms[22m[39m
 [32m✓[39m src/commands/builtin/__tests__/rmdir.test.ts[2m > [22mcmd_rmdir[2m > [22mdebe fallar si directorio no está vacío[32m 1[2mms[22m[39m
 [32m✓[39m src/commands/builtin/__tests__/rmdir.test.ts[2m > [22mcmd_rmdir[2m > [22mdebe fallar con opción inválida[32m 1[2mms[22m[39m
 [32m✓[39m src/commands/builtin/__tests__/rmdir.test.ts[2m > [22mcmd_rmdir[2m > [22mdebe fallar si falta operando con -p[32m 1[2mms[22m[39m
 [32m✓[39m src/commands/builtin/__tests__/rmdir.test.ts[2m > [22mcmd_rmdir[2m > [22mdebe eliminar estructura completa con -p[32m 1[2mms[22m[39m
 [32m✓[39m src/commands/builtin/__tests__/rmdir.test.ts[2m > [22mcmd_rmdir[2m > [22mdebe eliminar padres con -p si quedan vacíos[32m 2[2mms[22m[39m
 [32m✓[39m src/commands/builtin/__tests__/rmdir.test.ts[2m > [22mcmd_rmdir[2m > [22mdebe fallar al intentar eliminar /[32m 1[2mms[22m[39m
 [32m✓[39m src/commands/builtin/__tests__/rmdir.test.ts[2m > [22mcmd_rmdir[2m > [22mdebe manejar paths relativos con ..[32m 2[2mms[22m[39m
 [32m✓[39m src/commands/builtin/__tests__/rmdir.test.ts[2m > [22mcmd_rmdir[2m > [22mdebe denegar permisos en directorios del sistema para usuario no-root[32m 1[2mms[22m[39m
 [32m✓[39m src/commands/builtin/__tests__/rmdir.test.ts[2m > [22mcmd_rmdir[2m > [22mdebe permitir eliminación en directorios del sistema para root[32m 1[2mms[22m[39m
 [32m✓[39m src/fs-models/__tests__/index.test.ts[2m > [22mfs-models index[2m > [22mcreateLinuxFileSystem[2m > [22mdebe estar exportada y ser una función[32m 6[2mms[22m[39m
 [32m✓[39m src/fs-models/__tests__/index.test.ts[2m > [22mfs-models index[2m > [22mcreateLinuxFileSystem[2m > [22mdebe crear un sistema de archivos Linux al ser llamada[32m 2[2mms[22m[39m
 [32m✓[39m src/fs-models/__tests__/index.test.ts[2m > [22mfs-models index[2m > [22mcreateLinuxFileSystem[2m > [22mdebe aceptar configuración opcional[32m 1[2mms[22m[39m
 [32m✓[39m src/fs-models/__tests__/index.test.ts[2m > [22mfs-models index[2m > [22mcreateWindowsFileSystem[2m > [22mdebe estar exportada y ser una función[32m 1[2mms[22m[39m
 [32m✓[39m src/fs-models/__tests__/index.test.ts[2m > [22mfs-models index[2m > [22mcreateWindowsFileSystem[2m > [22mdebe crear un sistema de archivos Windows al ser llamada[32m 1[2mms[22m[39m
 [32m✓[39m src/fs-models/__tests__/index.test.ts[2m > [22mfs-models index[2m > [22mcreateWindowsFileSystem[2m > [22mdebe aceptar configuración opcional[32m 1[2mms[22m[39m
 [32m✓[39m src/fs-models/__tests__/index.test.ts[2m > [22mfs-models index[2m > [22mexportaciones de tipos[2m > [22mdebe permitir usar LinuxFileSystemConfig como tipo[32m 1[2mms[22m[39m
 [32m✓[39m src/fs-models/__tests__/index.test.ts[2m > [22mfs-models index[2m > [22mexportaciones de tipos[2m > [22mdebe permitir usar WindowsFileSystemConfig como tipo[32m 1[2mms[22m[39m
 [32m✓[39m src/commands/tools/__tests__/msfCommands/msfHelpers.test.ts[2m > [22mmsfHelpers[2m > [22mwithState[2m > [22mdebe encodear el estado en el output[32m 7[2mms[22m[39m
 [32m✓[39m src/commands/tools/__tests__/msfCommands/msfHelpers.test.ts[2m > [22mmsfHelpers[2m > [22mwithState[2m > [22mdebe serializar el estado como JSON[32m 2[2mms[22m[39m
 [32m✓[39m src/commands/tools/__tests__/msfCommands/msfHelpers.test.ts[2m > [22mmsfHelpers[2m > [22mwithState[2m > [22mdebe incluir el output después del estado[32m 1[2mms[22m[39m
 [32m✓[39m src/commands/tools/__tests__/msfCommands/msfHelpers.test.ts[2m > [22mmsfHelpers[2m > [22mbasePrompt[2m > [22mdebe retornar el prompt base de msfconsole[32m 1[2mms[22m[39m
 [32m✓[39m src/commands/tools/__tests__/msfCommands/msfHelpers.test.ts[2m > [22mmsfHelpers[2m > [22mmodulePrompt[2m > [22mdebe generar prompt para módulo auxiliary[32m 2[2mms[22m[39m
 [32m✓[39m src/commands/tools/__tests__/msfCommands/msfHelpers.test.ts[2m > [22mmsfHelpers[2m > [22mmodulePrompt[2m > [22mdebe generar prompt para módulo exploit[32m 1[2mms[22m[39m
 [32m✓[39m src/commands/tools/__tests__/msfCommands/msfHelpers.test.ts[2m > [22mmsfHelpers[2m > [22mmodulePrompt[2m > [22mdebe usar solo los últimos dos segmentos del path[32m 1[2mms[22m[39m
 [32m✓[39m src/commands/tools/__tests__/msfCommands/msfShell.test.ts[2m > [22mexecuteShellCommand[2m > [22mdebe retornar null si no está en shell mode[32m 4[2mms[22m[39m
 [32m✓[39m src/commands/tools/__tests__/msfCommands/msfShell.test.ts[2m > [22mexecuteShellCommand[2m > [22mdebe retornar a meterpreter con exit[32m 2[2mms[22m[39m
 [32m✓[39m src/commands/tools/__tests__/msfCommands/msfShell.test.ts[2m > [22mexecuteShellCommand[2m > [22mdebe limpiar pantalla con cls[32m 2[2mms[22m[39m
 [32m✓[39m src/commands/tools/__tests__/msfCommands/msfShell.test.ts[2m > [22mexecuteShellCommand[2m > [22mdebe ejecutar whoami[32m 1[2mms[22m[39m
 [32m✓[39m src/commands/tools/__tests__/msfCommands/msfShell.test.ts[2m > [22mexecuteShellCommand[2m > [22mdebe ejecutar hostname[32m 1[2mms[22m[39m
 [32m✓[39m src/commands/tools/__tests__/msfCommands/msfShell.test.ts[2m > [22mexecuteShellCommand[2m > [22mdebe ejecutar dir sin argumentos[32m 1[2mms[22m[39m
 [32m✓[39m src/commands/tools/__tests__/msfCommands/msfShell.test.ts[2m > [22mexecuteShellCommand[2m > [22mdebe ejecutar dir con ruta[32m 1[2mms[22m[39m
 [32m✓[39m src/commands/tools/__tests__/msfCommands/msfShell.test.ts[2m > [22mexecuteShellCommand[2m > [22mdebe ejecutar ipconfig[32m 1[2mms[22m[39m
 [32m✓[39m src/commands/tools/__tests__/msfCommands/msfShell.test.ts[2m > [22mexecuteShellCommand[2m > [22mdebe ejecutar net user[32m 2[2mms[22m[39m
 [32m✓[39m src/commands/tools/__tests__/msfCommands/msfShell.test.ts[2m > [22mexecuteShellCommand[2m > [22mdebe ejecutar systeminfo[32m 1[2mms[22m[39m
 [32m✓[39m src/commands/tools/__tests__/msfCommands/msfShell.test.ts[2m > [22mexecuteShellCommand[2m > [22mdebe responder a type con acceso denegado[32m 1[2mms[22m[39m
 [32m✓[39m src/commands/tools/__tests__/msfCommands/msfShell.test.ts[2m > [22mexecuteShellCommand[2m > [22mdebe mostrar error para comando desconocido[32m 1[2mms[22m[39m
 [32m✓[39m src/commands/tools/__tests__/msfCommands/msfMeterpreter.test.ts[2m > [22mexecuteMeterpreterCommand[2m > [22mdebe retornar null si no hay sesión abierta[32m 5[2mms[22m[39m
 [32m✓[39m src/commands/tools/__tests__/msfCommands/msfMeterpreter.test.ts[2m > [22mexecuteMeterpreterCommand[2m > [22mdebe mostrar ayuda de meterpreter[32m 3[2mms[22m[39m
 [32m✓[39m src/commands/tools/__tests__/msfCommands/msfMeterpreter.test.ts[2m > [22mexecuteMeterpreterCommand[2m > [22mdebe mostrar ayuda con ?[32m 1[2mms[22m[39m
 [32m✓[39m src/commands/tools/__tests__/msfCommands/msfMeterpreter.test.ts[2m > [22mexecuteMeterpreterCommand[2m > [22mdebe ejecutar getuid[32m 2[2mms[22m[39m
 [32m✓[39m src/commands/tools/__tests__/msfCommands/msfMeterpreter.test.ts[2m > [22mexecuteMeterpreterCommand[2m > [22mdebe ejecutar sysinfo[32m 1[2mms[22m[39m
 [32m✓[39m src/commands/tools/__tests__/msfCommands/msfMeterpreter.test.ts[2m > [22mexecuteMeterpreterCommand[2m > [22mdebe ejecutar shell y cambiar estado a shellMode[32m 1[2mms[22m[39m
 [32m✓[39m src/commands/tools/__tests__/msfCommands/msfMeterpreter.test.ts[2m > [22mexecuteMeterpreterCommand[2m > [22mdebe ejecutar hashdump[32m 1[2mms[22m[39m
 [32m✓[39m src/commands/tools/__tests__/msfCommands/msfMeterpreter.test.ts[2m > [22mexecuteMeterpreterCommand[2m > [22mdebe ejecutar background y cerrar sesión[32m 1[2mms[22m[39m
 [32m✓[39m src/commands/tools/__tests__/msfCommands/msfMeterpreter.test.ts[2m > [22mexecuteMeterpreterCommand[2m > [22mdebe ejecutar bg (alias de background)[32m 1[2mms[22m[39m
 [32m✓[39m src/commands/tools/__tests__/msfCommands/msfMeterpreter.test.ts[2m > [22mexecuteMeterpreterCommand[2m > [22mdebe cerrar sesión con exit[32m 1[2mms[22m[39m
 [32m✓[39m src/commands/tools/__tests__/msfCommands/msfMeterpreter.test.ts[2m > [22mexecuteMeterpreterCommand[2m > [22mdebe cerrar sesión con quit[32m 1[2mms[22m[39m
 [32m✓[39m src/commands/tools/__tests__/msfCommands/msfMeterpreter.test.ts[2m > [22mexecuteMeterpreterCommand[2m > [22mdebe mostrar sesiones activas[32m 1[2mms[22m[39m
 [32m✓[39m src/commands/tools/__tests__/msfCommands/msfMeterpreter.test.ts[2m > [22mexecuteMeterpreterCommand[2m > [22mdebe limpiar pantalla con clear[32m 1[2mms[22m[39m
 [32m✓[39m src/commands/tools/__tests__/msfCommands/msfMeterpreter.test.ts[2m > [22mexecuteMeterpreterCommand[2m > [22mdebe mostrar error para comando desconocido[32m 1[2mms[22m[39m
 [32m✓[39m src/commands/builtin/__tests__/help.test.ts[2m > [22mcmd_help[2m > [22mdebe mostrar lista completa de comandos sin argumentos[32m 6[2mms[22m[39m
 [32m✓[39m src/commands/builtin/__tests__/help.test.ts[2m > [22mcmd_help[2m > [22mdebe mostrar ayuda específica de mkdir[32m 2[2mms[22m[39m
 [32m✓[39m src/commands/builtin/__tests__/help.test.ts[2m > [22mcmd_help[2m > [22mdebe mostrar ayuda específica de rmdir[32m 1[2mms[22m[39m
 [32m✓[39m src/commands/builtin/__tests__/help.test.ts[2m > [22mcmd_help[2m > [22mdebe mostrar ayuda específica de ls[32m 2[2mms[22m[39m
 [32m✓[39m src/commands/builtin/__tests__/help.test.ts[2m > [22mcmd_help[2m > [22mdebe mostrar ayuda específica de cd[32m 1[2mms[22m[39m
 [32m✓[39m src/commands/builtin/__tests__/help.test.ts[2m > [22mcmd_help[2m > [22mdebe mostrar ayuda específica de cat[32m 1[2mms[22m[39m
 [32m✓[39m src/commands/builtin/__tests__/help.test.ts[2m > [22mcmd_help[2m > [22mdebe mostrar error para comando no existente[32m 1[2mms[22m[39m
 [32m✓[39m src/commands/builtin/__tests__/help.test.ts[2m > [22mcmd_help[2m > [22mdebe ser case insensitive[32m 1[2mms[22m[39m
 [32m✓[39m src/commands/builtin/__tests__/help.test.ts[2m > [22mcmd_help[2m > [22mdebe manejar comandos con espacios[32m 2[2mms[22m[39m
 [32m✓[39m src/utils/__tests__/network.test.ts[2m > [22mnetwork utilities[2m > [22mgenerateRandomIP[2m > [22mshould generate valid private IP addresses[32m 11[2mms[22m[39m
 [32m✓[39m src/utils/__tests__/network.test.ts[2m > [22mnetwork utilities[2m > [22mgenerateRandomIP[2m > [22mshould generate reproducible IPs for same inputs[32m 1[2mms[22m[39m
 [32m✓[39m src/utils/__tests__/network.test.ts[2m > [22mnetwork utilities[2m > [22mgenerateRandomIP[2m > [22mshould generate different IPs for different machine indices[32m 27[2mms[22m[39m
 [32m✓[39m src/utils/__tests__/network.test.ts[2m > [22mnetwork utilities[2m > [22mgenerateRandomIP[2m > [22mshould generate different IPs for different scenario IDs[32m 1[2mms[22m[39m
 [32m✓[39m src/utils/__tests__/network.test.ts[2m > [22mnetwork utilities[2m > [22massignDynamicIPs[2m > [22mshould assign unique IPs to machines without existing IPs[32m 16[2mms[22m[39m
 [32m✓[39m src/utils/__tests__/network.test.ts[2m > [22mnetwork utilities[2m > [22massignDynamicIPs[2m > [22mshould preserve existing IPs[32m 3[2mms[22m[39m
 [32m✓[39m src/utils/__tests__/network.test.ts[2m > [22mnetwork utilities[2m > [22massignDynamicIPs[2m > [22mshould generate reproducible IPs for same scenario[32m 1[2mms[22m[39m
 [32m✓[39m src/utils/__tests__/network.test.ts[2m > [22mnetwork utilities[2m > [22massignDynamicIPs[2m > [22mshould handle empty machine array[32m 1[2mms[22m[39m
 [32m✓[39m src/utils/__tests__/network.test.ts[2m > [22mnetwork utilities[2m > [22massignDynamicIPs[2m > [22mshould handle machines with all existing IPs[32m 9[2mms[22m[39m
 [32m✓[39m src/utils/__tests__/network.test.ts[2m > [22mnetwork utilities[2m > [22massignDHCP (legacy)[2m > [22mshould assign sequential IPs from network range[32m 21[2mms[22m[39m
 [32m✓[39m src/utils/__tests__/network.test.ts[2m > [22mnetwork utilities[2m > [22massignDHCP (legacy)[2m > [22mshould handle different network ranges[32m 2[2mms[22m[39m
 [32m✓[39m src/commands/builtin/__tests__/sudo.test.ts[2m > [22mcmd_sudo[2m > [22msin argumentos[2m > [22mdebe mostrar uso cuando no hay argumentos[32m 7[2mms[22m[39m
 [32m✓[39m src/commands/builtin/__tests__/sudo.test.ts[2m > [22mcmd_sudo[2m > [22msudo -l[2m > [22mdebe mostrar permisos del usuario en sudoers[32m 4[2mms[22m[39m
 [32m✓[39m src/commands/builtin/__tests__/sudo.test.ts[2m > [22mcmd_sudo[2m > [22msudo -l[2m > [22mdebe mostrar error si no existe /etc/sudoers[32m 2[2mms[22m[39m
 [32m✓[39m src/commands/builtin/__tests__/sudo.test.ts[2m > [22mcmd_sudo[2m > [22msudo -l[2m > [22mdebe completar misión 4 al ejecutar sudo -l[32m 1[2mms[22m[39m
 [32m✓[39m src/commands/builtin/__tests__/sudo.test.ts[2m > [22mcmd_sudo[2m > [22msudo vim -c "!bash" - escalada de privilegios[2m > [22mdebe escalar a root con vim -c "!bash"[32m 2[2mms[22m[39m
 [32m✓[39m src/commands/builtin/__tests__/sudo.test.ts[2m > [22mcmd_sudo[2m > [22msudo vim -c "!bash" - escalada de privilegios[2m > [22mdebe completar misión 5 al escalar privilegios[32m 1[2mms[22m[39m
 [32m✓[39m src/commands/builtin/__tests__/sudo.test.ts[2m > [22mcmd_sudo[2m > [22msudo vim -c "!bash" - escalada de privilegios[2m > [22mdebe aceptar variantes con comillas dobles[32m 1[2mms[22m[39m
 [32m✓[39m src/commands/builtin/__tests__/sudo.test.ts[2m > [22mcmd_sudo[2m > [22msudo vim -c "!bash" - escalada de privilegios[2m > [22mdebe aceptar !sh como alternativa[32m 1[2mms[22m[39m
 [32m✓[39m src/commands/builtin/__tests__/sudo.test.ts[2m > [22mcmd_sudo[2m > [22msudo su / sudo bash[2m > [22mdebe permitir sudo bash con NOPASSWD[32m 2[2mms[22m[39m
 [32m✓[39m src/commands/builtin/__tests__/sudo.test.ts[2m > [22mcmd_sudo[2m > [22msudo su / sudo bash[2m > [22mdebe permitir sudo su con NOPASSWD[32m 1[2mms[22m[39m
 [32m✓[39m src/commands/builtin/__tests__/sudo.test.ts[2m > [22mcmd_sudo[2m > [22msudo con otros comandos[2m > [22mdebe ejecutar comando genérico si tiene permisos[32m 1[2mms[22m[39m
 [32m✓[39m src/commands/builtin/__tests__/sudo.test.ts[2m > [22mcmd_sudo[2m > [22msudo con otros comandos[2m > [22mdebe rechazar comando sin permisos en sudoers[32m 1[2mms[22m[39m
 [32m✓[39m src/commands/builtin/__tests__/exit.test.ts[2m > [22mcmd_exit[2m > [22mdebe indicar usar "end" al ejecutar en máquina atacante[32m 14[2mms[22m[39m
 [32m✓[39m src/commands/builtin/__tests__/exit.test.ts[2m > [22mcmd_exit[2m > [22mdebe retornar un objeto CommandResponse válido[32m 5[2mms[22m[39m
 [32m✓[39m src/commands/builtin/__tests__/exit.test.ts[2m > [22mcmd_exit[2m > [22mno debe tener propiedad isError[32m 1[2mms[22m[39m
 [32m✓[39m src/commands/builtin/__tests__/exit.test.ts[2m > [22mcmd_exit[2m > [22mdebe ignorar argumentos adicionales[32m 11[2mms[22m[39m
 [32m✓[39m src/commands/builtin/__tests__/exit.test.ts[2m > [22mcmd_exit[2m > [22mdebe retornar logout y newMachineId cuando no es máquina atacante[32m 1[2mms[22m[39m
 [32m✓[39m src/commands/builtin/__tests__/cat.test.ts[2m > [22mcmd_cat[2m > [22mdebe mostrar error si no se especifica archivo[32m 6[2mms[22m[39m
 [32m✓[39m src/commands/builtin/__tests__/cat.test.ts[2m > [22mcmd_cat[2m > [22mdebe mostrar contenido de archivo existente[32m 2[2mms[22m[39m
 [32m✓[39m src/commands/builtin/__tests__/cat.test.ts[2m > [22mcmd_cat[2m > [22mdebe manejar path con ./[32m 1[2mms[22m[39m
 [32m✓[39m src/commands/builtin/__tests__/cat.test.ts[2m > [22mcmd_cat[2m > [22mdebe mostrar error si archivo no existe[32m 1[2mms[22m[39m
 [32m✓[39m src/commands/builtin/__tests__/clear.test.ts[2m > [22mcmd_clear[2m > [22mdebe retornar CLEAR_TERMINAL al ejecutar[32m 4[2mms[22m[39m
 [32m✓[39m src/commands/builtin/__tests__/clear.test.ts[2m > [22mcmd_clear[2m > [22mdebe retornar un objeto CommandResponse válido[32m 3[2mms[22m[39m
 [32m✓[39m src/commands/builtin/__tests__/clear.test.ts[2m > [22mcmd_clear[2m > [22mno debe tener propiedad isError[32m 1[2mms[22m[39m
 [32m✓[39m src/commands/builtin/__tests__/end.test.ts[2m > [22mcmd_end[2m > [22mdebe retornar EXIT_TO_LANDING al ejecutar[32m 3[2mms[22m[39m
 [32m✓[39m src/commands/builtin/__tests__/end.test.ts[2m > [22mcmd_end[2m > [22mdebe retornar un objeto CommandResponse válido[32m 2[2mms[22m[39m
 [32m✓[39m src/commands/builtin/__tests__/end.test.ts[2m > [22mcmd_end[2m > [22mno debe tener propiedad isError[32m 1[2mms[22m[39m
 [32m✓[39m src/commands/builtin/__tests__/end.test.ts[2m > [22mcmd_end[2m > [22mdebe ignorar argumentos adicionales[32m 1[2mms[22m[39m
 [32m✓[39m src/commands/builtin/__tests__/end.test.ts[2m > [22mcmd_end[2m > [22mdebe funcionar en cualquier máquina[32m 1[2mms[22m[39m
 [32m✓[39m src/commands/builtin/__tests__/whoami.test.ts[2m > [22mcmd_whoami[2m > [22mdebe mostrar root para máquina atacante[32m 3[2mms[22m[39m
 [32m✓[39m src/commands/builtin/__tests__/whoami.test.ts[2m > [22mcmd_whoami[2m > [22mdebe mostrar usuario de found_credentials SSH si existe (después de SSH)[32m 1[2mms[22m[39m
 [32m✓[39m src/commands/builtin/__tests__/whoami.test.ts[2m > [22mcmd_whoami[2m > [22mdebe mostrar usuario de SSH port si no hay found_credentials[32m 1[2mms[22m[39m
 [32m✓[39m src/commands/builtin/__tests__/whoami.test.ts[2m > [22mcmd_whoami[2m > [22mdebe mostrar "user" por defecto si no hay credenciales[32m 1[2mms[22m[39m
 [32m✓[39m src/commands/builtin/__tests__/ifconfig.test.ts[2m > [22mcmd_ifconfig[2m > [22mdebe mostrar información de eth0 con IP y MAC[32m 4[2mms[22m[39m
 [32m✓[39m src/commands/builtin/__tests__/ifconfig.test.ts[2m > [22mcmd_ifconfig[2m > [22mdebe mostrar netmask 255.255.255.0[32m 1[2mms[22m[39m
 [32m✓[39m src/commands/builtin/__tests__/ifconfig.test.ts[2m > [22mcmd_ifconfig[2m > [22mdebe calcular broadcast correctamente[32m 0[2mms[22m[39m
 [32m✓[39m src/commands/builtin/__tests__/ifconfig.test.ts[2m > [22mcmd_ifconfig[2m > [22mdebe mostrar interfaz loopback lo[32m 1[2mms[22m[39m
 [32m✓[39m src/commands/builtin/__tests__/ifconfig.test.ts[2m > [22mcmd_ifconfig[2m > [22mdebe mostrar flags UP,BROADCAST,RUNNING,MULTICAST para eth0[32m 0[2mms[22m[39m
 [32m✓[39m src/commands/builtin/__tests__/ifconfig.test.ts[2m > [22mcmd_ifconfig[2m > [22mdebe mostrar mtu 1500 para eth0[32m 0[2mms[22m[39m
 [32m✓[39m src/commands/builtin/__tests__/ifconfig.test.ts[2m > [22mcmd_ifconfig[2m > [22mdebe mostrar mtu 65536 para lo[32m 0[2mms[22m[39m
 [32m✓[39m src/commands/builtin/__tests__/ifconfig.test.ts[2m > [22mcmd_ifconfig[2m > [22mno debe retornar error[32m 0[2mms[22m[39m

[31m⎯⎯⎯⎯⎯⎯[39m[1m[41m Failed Tests 21 [49m[22m[31m⎯⎯⎯⎯⎯⎯⎯[39m

[41m[1m FAIL [22m[49m src/components/__tests__/FakeBrowser.test.tsx[2m > [22mFakeBrowser - Integración de Navegación y Lógica de Hacking[2m > [22mdebe dar acceso total (RCE) al incluir un archivo de uploads (Escenario 4)
[31m[1mTestingLibraryElementError[22m[39m: Unable to find an element with the text: /Error 404/i. This could be because the text is broken up by multiple elements. In this case, you can provide a function for your text matcher to make your matcher more flexible.

Ignored nodes: comments, script, style
[36m<body>[39m
  [36m<div>[39m
    [36m<div[39m
      [33mclass[39m=[32m"flex flex-col h-full w-full bg-gray-950"[39m
    [36m>[39m
      [36m<div[39m
        [33mclass[39m=[32m"flex items-center gap-2 px-3 py-2 bg-gray-800 border-b border-gray-700 flex-shrink-0"[39m
      [36m>[39m
        [36m<div[39m
          [33mclass[39m=[32m"flex gap-1.5"[39m
        [36m>[39m
          [36m<button[39m
            [33mclass[39m=[32m"w-3 h-3 rounded-full bg-red-500 hover:bg-red-400 transition-colors"[39m
          [36m/>[39m
          [36m<div[39m
            [33mclass[39m=[32m"w-3 h-3 rounded-full bg-yellow-500/50"[39m
          [36m/>[39m
          [36m<div[39m
            [33mclass[39m=[32m"w-3 h-3 rounded-full bg-green-500/50"[39m
          [36m/>[39m
        [36m</div>[39m
        [36m<div[39m
          [33mclass[39m=[32m"flex gap-0.5"[39m
        [36m>[39m
          [36m<button[39m
            [33mclass[39m=[32m"p-1 rounded text-gray-400 disabled:opacity-30 hover:enabled:bg-gray-700 transition-colors"[39m
            [33mdisabled[39m=[32m""[39m
          [36m>[39m
            [36m<svg[39m
              [33mfill[39m=[32m"none"[39m
              [33mheight[39m=[32m"14"[39m
              [33mstroke[39m=[32m"currentColor"[39m
              [33mstroke-width[39m=[32m"2.5"[39m
              [33mviewBox[39m=[32m"0 0 24 24"[39m
              [33mwidth[39m=[32m"14"[39m
            [36m>[39m
              [36m<polyline[39m
                [33mpoints[39m=[32m"15 18 9 12 15 6"[39m
              [36m/>[39m
            [36m</svg>[39m
          [36m</button>[39m
          [36m<button[39m
            [33mclass[39m=[32m"p-1 rounded text-gray-400 disabled:opacity-30 hover:enabled:bg-gray-700 transition-colors"[39m
            [33mdisabled[39m=[32m""[39m
          [36m>[39m
            [36m<svg[39m
              [33mfill[39m=[32m"none"[39m
              [33mheight[39m=[32m"14"[39m
              [33mstroke[39m=[32m"currentColor"[39m
              [33mstroke-width[39m=[32m"2.5"[39m
              [33mviewBox[39m=[32m"0 0 24 24"[39m
              [33mwidth[39m=[32m"14"[39m
            [36m>[39m
              [36m<polyline[39m
                [33mpoints[39m=[32m"9 18 15 12 9 6"[39m
              [36m/>[39m
            [36m</svg>[39m
          [36m</button>[39m
          [36m<button[39m
            [33mclass[39m=[32m"p-1 rounded text-gray-400 hover:bg-gray-700 "[39m
          [36m>[39m
            [36m<svg[39m
              [33mfill[39m=[32m"none"[39m
              [33mheight[39m=[32m"14"[39m
              [33mstroke[39m=[32m"currentColor"[39m
              [33mstroke-width[39m=[32m"2.5"[39m
              [33mviewBox[39m=[32m"0 0 24 24"[39m
              [33mwidth[39m=[32m"14"[39m
            [36m>[39m
              [36m<polyline[39m
                [33mpoints[39m=[32m"23 4 23 10 17 10"[39m
              [36m/>[39m
              [36m<path[39m
                [33md[39m=[32m"M20.49 15a9 9 0 1 1-2.12-9.36L23 10"[39m
              [36m/>[39m
            [36m</svg>[39m
          [36m</button>[39m
        [36m</div>[39m
        [36m<div[39m
          [33mclass[39m=[32m"flex-1 flex items-center gap-2 bg-gray-900 rounded-full px-3 py-1.5 border border-gray-700"[39m
        [36m>[39m
          [36m<svg[39m
            [33mfill[39m=[32m"none"[39m
            [33mheight[39m=[32m"11"[39m
            [33mstroke[39m=[32m"#6b7280"[39m
            [33mstroke-width[39m=[32m"2"[39m
            [33mviewBox[39m=[32m"0 0 24 24"[39m
            [33mwidth[39m=[32m"11"[39m
          [36m>[39m
            [36m<rect[39m
              [33mheight[39m=[32m"11"[39m
              [33mrx[39m=[32m"2"[39m
              [33mwidth[39m=[32m"18"[39m
              [33mx[39m=[32m"3"[39m
              [33my[39m=[32m"11"[39m
            [36m/>[39m
            [36m<path[39m
              [33md[39m=[32m"M7 11V7a5 5 0 0 1 10 0v4"[39m
            [36m/>[39m
          [36m</svg>[39m
          [36m<input[39m
            [33mclass[39m=[32m"flex-1 bg-transparent text-gray-300 text-xs outline-none font-mono"[39m
            [33mspellcheck[39m=[32m"false"[39m
            [33mtype[39m=[32m"text"[39m
            [33mvalue[39m=[32m"http://10.10.20.11/?page=uploads/shell.php"[39m
          [36m/>[39m
        [36m</div>[39m
        [36m<div[39m
          [33mclass[39m=[32m"flex items-center gap-1.5 px-2 py-1 bg-gray-700 rounded text-xs text-gray-400 font-mono"[39m
        [36m>[39m
          [36m<span>[39m
            [0mCyberBrowser[0m
          [36m</span>[39m
        [36m</div>[39m
      [36m</div>[39m
      [36m<div[39m
        [33mclass[39m=[32m"flex-1 overflow-auto bg-white"[39m
      [36m>[39m
        [36m<div[39m
          [33mclass[39m=[32m"min-h-full bg-white font-sans text-gray-800"[39m
        [36m>[39m
          [36m<nav[39m
            [33mclass[39m=[32m"bg-slate-800 text-white px-6 py-3 flex items-center gap-6"[39m
          [36m>[39m
            [36m<span[39m
              [33mclass[39m=[32m"font-bold text-lg border-r border-slate-600 pr-6"[39m
            [36m>[39m
              [0mDevPortal[0m
            [36m</span>[39m
            [36m<button[39m
              [33mclass[39m=[32m"text-sm hover:text-blue-300"[39m
            [36m>[39m
              [0m🏠 Inicio[0m
            [36m</button>[39m
            [36m<button[39m
              [33mclass[39m=[32m"text-sm hover:text-blue-300"[39m
            [36m>[39m
              [0mℹ️ Acerca de[0m
            [36m</button>[39m
            [36m<button[39m
              [33mclass[39m=[32m"text-sm hover:text-blue-300"[39m
            [36m>[39m
              [0m✉️ Contacto[0m
            [36m</button>[39m
            [36m<button[39m
              [33mclass[39m=[32m"text-sm hover:text-blue-300"[39m
            [36m>[39m
              [0m📤 Upload[0m
            [36m</button>[39m
            [36m<button[39m
              [33mclass[39m=[32m"text-sm hover:text-blue-300"[39m
            [36m>[39m
              [0m📁 Archivos[0m
            [36m</button>[39m
          [36m</nav>[39m
          [36m<div[39m
            [33mclass[39m=[32m"p-10 max-w-2xl mx-auto"[39m
          [36m>[39m
            [36m<div[39m
              [33mclass[39m=[32m"bg-red-50 border border-red-200 rounded-lg p-6"[39m
            [36m>[39m
              [36m<h2[39m
                [33mclass[39m=[32m"text-xl font-bold text-red-800 mb-2 font-mono"[39m
              [36m>[39m
                [0m❌ 404 NOT FOUND[0m
              [36m</h2>[39m
              [36m<p[39m
                [33mclass[39m=[32m"text-sm text-red-700 mb-4 font-mono"[39m
              [36m>[39m
                [0mFile: [0m
                [0muploads/shell.php[0m
              [36m</p>[39m
              [36m<div[39m
                [33mclass[39m=[32m"bg-gray-900 text-green-400 font-mono text-xs p-4 rounded shadow-inner"[39m
              [36m>[39m
                [36m<div>[39m
                  [0mPHP Warning: include([0m
                  [0muploads/shell.php[0m
                  [0m): failed to open stream[0m
                [36m</div>[39m
                [36m<div>[39m
                  [0min /var/www/html/index.php on line 5[0m
                [36m</div>[39m
              [36m</div>[39m
            [36m</div>[39m
          [36m</div>[39m
        [36m</div>[39m
      [36m</div>[39m
    [36m</div>[39m
  [36m</div>[39m
[36m</body>[39m
[90m [2m❯[22m Object.getElementError node_modules/@testing-library/dom/dist/config.js:[2m37:19[22m[39m
[90m [2m❯[22m node_modules/@testing-library/dom/dist/query-helpers.js:[2m76:38[22m[39m
[90m [2m❯[22m node_modules/@testing-library/dom/dist/query-helpers.js:[2m52:17[22m[39m
[90m [2m❯[22m node_modules/@testing-library/dom/dist/query-helpers.js:[2m95:19[22m[39m
[36m [2m❯[22m src/components/__tests__/FakeBrowser.test.tsx:[2m175:19[22m[39m
    [90m173| [39m
    [90m174| [39m    // Verifica que se muestra la página de error 404 (shell.php no ex…
    [90m175| [39m    [34mexpect[39m(screen[33m.[39m[34mgetByText[39m([36m/Error 404/i[39m))[33m.[39m[34mtoBeInTheDocument[39m()[33m;[39m
    [90m   | [39m                  [31m^[39m
    [90m176| [39m    // Verifica que no se congela el navegador (el test no se tarda ma…
    [90m177| [39m  })[33m;[39m

[31m[2m⎯⎯⎯⎯⎯⎯⎯⎯⎯⎯⎯⎯⎯⎯⎯⎯⎯⎯⎯⎯⎯⎯⎯[1/21]⎯[22m[39m

[41m[1m FAIL [22m[49m src/components/__tests__/NetworkMap.test.tsx[2m > [22mNetworkMap[2m > [22mdebe mostrar credenciales encontradas
[31m[1mTestingLibraryElementError[22m[39m: Unable to find an element with the text: Credenciales Comprometidas. This could be because the text is broken up by multiple elements. In this case, you can provide a function for your text matcher to make your matcher more flexible.

Ignored nodes: comments, script, style
[36m<body>[39m
  [36m<div>[39m
    [36m<div[39m
      [33mclass[39m=[32m"absolute inset-0 z-50 bg-gray-950/95 backdrop-blur-sm flex flex-col"[39m
      [33mstyle[39m=[32m"animation: fadeInMap 0.2s;"[39m
    [36m>[39m
      [36m<div[39m
        [33mclass[39m=[32m"flex items-center justify-between px-7 py-5 border-b border-gray-800"[39m
      [36m>[39m
        [36m<div>[39m
          [36m<h2[39m
            [33mclass[39m=[32m"text-base font-bold text-gray-100 flex items-center gap-2.5"[39m
          [36m>[39m
            [36m<svg[39m
              [33mfill[39m=[32m"none"[39m
              [33mheight[39m=[32m"16"[39m
              [33mstroke[39m=[32m"#10b981"[39m
              [33mstroke-width[39m=[32m"2"[39m
              [33mviewBox[39m=[32m"0 0 24 24"[39m
              [33mwidth[39m=[32m"16"[39m
            [36m>[39m
              [36m<rect[39m
                [33mheight[39m=[32m"6"[39m
                [33mwidth[39m=[32m"6"[39m
                [33mx[39m=[32m"9"[39m
                [33my[39m=[32m"2"[39m
              [36m/>[39m
              [36m<rect[39m
                [33mheight[39m=[32m"6"[39m
                [33mwidth[39m=[32m"6"[39m
                [33mx[39m=[32m"2"[39m
                [33my[39m=[32m"16"[39m
              [36m/>[39m
              [36m<rect[39m
                [33mheight[39m=[32m"6"[39m
                [33mwidth[39m=[32m"6"[39m
                [33mx[39m=[32m"16"[39m
                [33my[39m=[32m"16"[39m
              [36m/>[39m
              [36m<line[39m
                [33mx1[39m=[32m"12"[39m
                [33mx2[39m=[32m"12"[39m
                [33my1[39m=[32m"8"[39m
                [33my2[39m=[32m"14"[39m
              [36m/>[39m
              [36m<line[39m
                [33mx1[39m=[32m"5"[39m
                [33mx2[39m=[32m"12"[39m
                [33my1[39m=[32m"14"[39m
                [33my2[39m=[32m"14"[39m
              [36m/>[39m
              [36m<line[39m
                [33mx1[39m=[32m"19"[39m
                [33mx2[39m=[32m"12"[39m
                [33my1[39m=[32m"14"[39m
                [33my2[39m=[32m"14"[39m
              [36m/>[39m
            [36m</svg>[39m
            [0mWordPress Lab[0m
          [36m</h2>[39m
          [36m<p[39m
            [33mclass[39m=[32m"text-xs text-gray-600 font-mono mt-0.5"[39m
          [36m>[39m
            [0m192.168.1.0/24[0m
          [36m</p>[39m
        [36m</div>[39m
        [36m<button[39m
          [33mclass[39m=[32m"p-2 rounded-full hover:bg-gray-800 text-gray-500 hover:text-gray-200 transition-colors"[39m
        [36m>[39m
          [36m<svg[39m
            [33mfill[39m=[32m"none"[39m
            [33mheight[39m=[32m"18"[39m
            [33mstroke[39m=[32m"currentColor"[39m
            [33mstroke-width[39m=[32m"2"[39m
            [33mviewBox[39m=[32m"0 0 24 24"[39m
            [33mwidth[39m=[32m"18"[39m
          [36m>[39m
            [36m<line[39m
              [33mx1[39m=[32m"18"[39m
              [33mx2[39m=[32m"6"[39m
              [33my1[39m=[32m"6"[39m
              [33my2[39m=[32m"18"[39m
            [36m/>[39m
            [36m<line[39m
              [33mx1[39m=[32m"6"[39m
              [33mx2[39m=[32m"18"[39m
              [33my1[39m=[32m"6"[39m
              [33my2[39m=[32m"18"[39m
            [36m/>[39m
          [36m</svg>[39m
        [36m</button>[39m
      [36m</div>[39m
      [36m<div[39m
        [33mclass[39m=[32m"flex-1 flex items-center justify-center p-8 overflow-auto"[39m
      [36m>[39m
        [36m<div[39m
          [33mclass[39m=[32m"flex flex-wrap gap-6 justify-center items-center"[39m
        [36m>[39m
          [36m<div[39m
            [33mclass[39m=[32m"relative flex flex-col items-center rounded-2xl border-2 overflow-hidden transition-all w-52 cursor-pointer hover:scale-105"[39m
            [33mstyle[39m=[32m"border-color: rgb(16, 185, 129); background: rgb(17, 24, 39); box-shadow: 0 0 28px #10b98140;"[39m
          [36m>[39m
            [36m<div[39m
              [33mclass[39m=[32m"absolute top-0 left-0 right-0 flex justify-center"[39m
            [36m>[39m
              [36m<div[39m
                [33mclass[39m=[32m"px-3 py-0.5 text-xs font-bold uppercase whitespace-nowrap rounded-b-lg"[39m
                [33mstyle[39m=[32m"background: rgb(16, 185, 129); color: rgb(0, 0, 0);"[39m
              [36m>[39m
                [0mSesión Activa[0m
              [36m</div>[39m
            [36m</div>[39m
            [36m<div[39m
              [33mclass[39m=[32m"flex flex-col items-center gap-3 p-6 w-full pt-8"[39m
            [36m>[39m
              [36m<div[39m
                [33mclass[39m=[32m"p-4 rounded-2xl"[39m
                [33mstyle[39m=[32m"background: rgba(16, 185, 129, 0.082); color: rgb(16, 185, 129);"[39m
              [36m>[39m
                [36m<svg[39m
                  [33mfill[39m=[32m"none"[39m
                  [33mheight[39m=[32m"36"[39m
                  [33mstroke[39m=[32m"currentColor"[39m
                  [33mstroke-width[39m=[32m"1.5"[39m
                  [33mviewBox[39m=[32m"0 0 24 24"[39m
                  [33mwidth[39m=[32m"36"[39m
                [36m>[39m
                  [36m<rect[39m
                    [33mheight[39m=[32m"14"[39m
                    [33mrx[39m=[32m"2"[39m
                    [33mwidth[39m=[32m"20"[39m
                    [33mx[39m=[32m"2"[39m
                    [33my[39m=[32m"3"[39m
                  [36m/>[39m
                  [36m<line[39m
                    [33mx1[39m=[32m"8"[39m
                    [33mx2[39m=[32m"16"[39m
                    [33my1[39m=[32m"21"[39m
                    [33my2[39m=[32m"21"[39m
                  [36m/>[39m
                  [36m<line[39m
                    [33mx1[39m=[32m"12"[39m
                    [33mx2[39m=[32m"12"[39m
                    [33my1[39m=[32m"17"[39m
                    [33my2[39m=[32m"21"[39m
                  [36m/>[39m
                [36m</svg>[39m
              [36m</div>[39m
              [36m<div[39m
                [33mclass[39m=[32m"text-center w-full"[39m
              [36m>[39m
                [36m<p[39m
                  [33mclass[39m=[32m"font-bold text-gray-200 truncate text-sm"[39m
                [36m>[39m
                  [0mkali[0m
                [36m</p>[39m
                [36m<p[39m
                  [33mclass[39m=[32m"text-xs font-mono mt-1"[39m
                  [33mstyle[39m=[32m"color: rgb(16, 185, 129);"[39m
                [36m>[39m
                  [0m192.168.1.5[0m
                [36m</p>[39m
                [36m<p[39m
                  [3...
[90m [2m❯[22m Object.getElementError node_modules/@testing-library/dom/dist/config.js:[2m37:19[22m[39m
[90m [2m❯[22m node_modules/@testing-library/dom/dist/query-helpers.js:[2m76:38[22m[39m
[90m [2m❯[22m node_modules/@testing-library/dom/dist/query-helpers.js:[2m52:17[22m[39m
[90m [2m❯[22m node_modules/@testing-library/dom/dist/query-helpers.js:[2m95:19[22m[39m
[36m [2m❯[22m src/components/__tests__/NetworkMap.test.tsx:[2m260:19[22m[39m
    [90m258| [39m    fireEvent[33m.[39m[34mclick[39m(targetCard)[33m;[39m
    [90m259| [39m
    [90m260| [39m    expect(screen.getByText('Credenciales Comprometidas')).toBeInTheDo…
    [90m   | [39m                  [31m^[39m
    [90m261| [39m    [34mexpect[39m(screen[33m.[39m[34mgetByText[39m([32m'admin'[39m))[33m.[39m[34mtoBeInTheDocument[39m()[33m;[39m
    [90m262| [39m    [34mexpect[39m(screen[33m.[39m[34mgetByText[39m([32m'password123'[39m))[33m.[39m[34mtoBeInTheDocument[39m()[33m;[39m

[31m[2m⎯⎯⎯⎯⎯⎯⎯⎯⎯⎯⎯⎯⎯⎯⎯⎯⎯⎯⎯⎯⎯⎯⎯[2/21]⎯[22m[39m

[41m[1m FAIL [22m[49m src/components/__tests__/NetworkMap.test.tsx[2m > [22mNetworkMap[2m > [22mdebe mostrar credenciales sin verificar
[31m[1mTestingLibraryElementError[22m[39m: Unable to find an element with the text: Pendiente de Validación. This could be because the text is broken up by multiple elements. In this case, you can provide a function for your text matcher to make your matcher more flexible.

Ignored nodes: comments, script, style
[36m<body>[39m
  [36m<div>[39m
    [36m<div[39m
      [33mclass[39m=[32m"absolute inset-0 z-50 bg-gray-950/95 backdrop-blur-sm flex flex-col"[39m
      [33mstyle[39m=[32m"animation: fadeInMap 0.2s;"[39m
    [36m>[39m
      [36m<div[39m
        [33mclass[39m=[32m"flex items-center justify-between px-7 py-5 border-b border-gray-800"[39m
      [36m>[39m
        [36m<div>[39m
          [36m<h2[39m
            [33mclass[39m=[32m"text-base font-bold text-gray-100 flex items-center gap-2.5"[39m
          [36m>[39m
            [36m<svg[39m
              [33mfill[39m=[32m"none"[39m
              [33mheight[39m=[32m"16"[39m
              [33mstroke[39m=[32m"#10b981"[39m
              [33mstroke-width[39m=[32m"2"[39m
              [33mviewBox[39m=[32m"0 0 24 24"[39m
              [33mwidth[39m=[32m"16"[39m
            [36m>[39m
              [36m<rect[39m
                [33mheight[39m=[32m"6"[39m
                [33mwidth[39m=[32m"6"[39m
                [33mx[39m=[32m"9"[39m
                [33my[39m=[32m"2"[39m
              [36m/>[39m
              [36m<rect[39m
                [33mheight[39m=[32m"6"[39m
                [33mwidth[39m=[32m"6"[39m
                [33mx[39m=[32m"2"[39m
                [33my[39m=[32m"16"[39m
              [36m/>[39m
              [36m<rect[39m
                [33mheight[39m=[32m"6"[39m
                [33mwidth[39m=[32m"6"[39m
                [33mx[39m=[32m"16"[39m
                [33my[39m=[32m"16"[39m
              [36m/>[39m
              [36m<line[39m
                [33mx1[39m=[32m"12"[39m
                [33mx2[39m=[32m"12"[39m
                [33my1[39m=[32m"8"[39m
                [33my2[39m=[32m"14"[39m
              [36m/>[39m
              [36m<line[39m
                [33mx1[39m=[32m"5"[39m
                [33mx2[39m=[32m"12"[39m
                [33my1[39m=[32m"14"[39m
                [33my2[39m=[32m"14"[39m
              [36m/>[39m
              [36m<line[39m
                [33mx1[39m=[32m"19"[39m
                [33mx2[39m=[32m"12"[39m
                [33my1[39m=[32m"14"[39m
                [33my2[39m=[32m"14"[39m
              [36m/>[39m
            [36m</svg>[39m
            [0mWordPress Lab[0m
          [36m</h2>[39m
          [36m<p[39m
            [33mclass[39m=[32m"text-xs text-gray-600 font-mono mt-0.5"[39m
          [36m>[39m
            [0m192.168.1.0/24[0m
          [36m</p>[39m
        [36m</div>[39m
        [36m<button[39m
          [33mclass[39m=[32m"p-2 rounded-full hover:bg-gray-800 text-gray-500 hover:text-gray-200 transition-colors"[39m
        [36m>[39m
          [36m<svg[39m
            [33mfill[39m=[32m"none"[39m
            [33mheight[39m=[32m"18"[39m
            [33mstroke[39m=[32m"currentColor"[39m
            [33mstroke-width[39m=[32m"2"[39m
            [33mviewBox[39m=[32m"0 0 24 24"[39m
            [33mwidth[39m=[32m"18"[39m
          [36m>[39m
            [36m<line[39m
              [33mx1[39m=[32m"18"[39m
              [33mx2[39m=[32m"6"[39m
              [33my1[39m=[32m"6"[39m
              [33my2[39m=[32m"18"[39m
            [36m/>[39m
            [36m<line[39m
              [33mx1[39m=[32m"6"[39m
              [33mx2[39m=[32m"18"[39m
              [33my1[39m=[32m"6"[39m
              [33my2[39m=[32m"18"[39m
            [36m/>[39m
          [36m</svg>[39m
        [36m</button>[39m
      [36m</div>[39m
      [36m<div[39m
        [33mclass[39m=[32m"flex-1 flex items-center justify-center p-8 overflow-auto"[39m
      [36m>[39m
        [36m<div[39m
          [33mclass[39m=[32m"flex flex-wrap gap-6 justify-center items-center"[39m
        [36m>[39m
          [36m<div[39m
            [33mclass[39m=[32m"relative flex flex-col items-center rounded-2xl border-2 overflow-hidden transition-all w-52 cursor-pointer hover:scale-105"[39m
            [33mstyle[39m=[32m"border-color: rgb(16, 185, 129); background: rgb(17, 24, 39); box-shadow: 0 0 28px #10b98140;"[39m
          [36m>[39m
            [36m<div[39m
              [33mclass[39m=[32m"absolute top-0 left-0 right-0 flex justify-center"[39m
            [36m>[39m
              [36m<div[39m
                [33mclass[39m=[32m"px-3 py-0.5 text-xs font-bold uppercase whitespace-nowrap rounded-b-lg"[39m
                [33mstyle[39m=[32m"background: rgb(16, 185, 129); color: rgb(0, 0, 0);"[39m
              [36m>[39m
                [0mSesión Activa[0m
              [36m</div>[39m
            [36m</div>[39m
            [36m<div[39m
              [33mclass[39m=[32m"flex flex-col items-center gap-3 p-6 w-full pt-8"[39m
            [36m>[39m
              [36m<div[39m
                [33mclass[39m=[32m"p-4 rounded-2xl"[39m
                [33mstyle[39m=[32m"background: rgba(16, 185, 129, 0.082); color: rgb(16, 185, 129);"[39m
              [36m>[39m
                [36m<svg[39m
                  [33mfill[39m=[32m"none"[39m
                  [33mheight[39m=[32m"36"[39m
                  [33mstroke[39m=[32m"currentColor"[39m
                  [33mstroke-width[39m=[32m"1.5"[39m
                  [33mviewBox[39m=[32m"0 0 24 24"[39m
                  [33mwidth[39m=[32m"36"[39m
                [36m>[39m
                  [36m<rect[39m
                    [33mheight[39m=[32m"14"[39m
                    [33mrx[39m=[32m"2"[39m
                    [33mwidth[39m=[32m"20"[39m
                    [33mx[39m=[32m"2"[39m
                    [33my[39m=[32m"3"[39m
                  [36m/>[39m
                  [36m<line[39m
                    [33mx1[39m=[32m"8"[39m
                    [33mx2[39m=[32m"16"[39m
                    [33my1[39m=[32m"21"[39m
                    [33my2[39m=[32m"21"[39m
                  [36m/>[39m
                  [36m<line[39m
                    [33mx1[39m=[32m"12"[39m
                    [33mx2[39m=[32m"12"[39m
                    [33my1[39m=[32m"17"[39m
                    [33my2[39m=[32m"21"[39m
                  [36m/>[39m
                [36m</svg>[39m
              [36m</div>[39m
              [36m<div[39m
                [33mclass[39m=[32m"text-center w-full"[39m
              [36m>[39m
                [36m<p[39m
                  [33mclass[39m=[32m"font-bold text-gray-200 truncate text-sm"[39m
                [36m>[39m
                  [0mkali[0m
                [36m</p>[39m
                [36m<p[39m
                  [33mclass[39m=[32m"text-xs font-mono mt-1"[39m
                  [33mstyle[39m=[32m"color: rgb(16, 185, 129);"[39m
                [36m>[39m
                  [0m192.168.1.5[0m
                [36m</p>[39m
                [36m<p[39m
                  [3...
[90m [2m❯[22m Object.getElementError node_modules/@testing-library/dom/dist/config.js:[2m37:19[22m[39m
[90m [2m❯[22m node_modules/@testing-library/dom/dist/query-helpers.js:[2m76:38[22m[39m
[90m [2m❯[22m node_modules/@testing-library/dom/dist/query-helpers.js:[2m52:17[22m[39m
[90m [2m❯[22m node_modules/@testing-library/dom/dist/query-helpers.js:[2m95:19[22m[39m
[36m [2m❯[22m src/components/__tests__/NetworkMap.test.tsx:[2m291:19[22m[39m
    [90m289| [39m    fireEvent[33m.[39m[34mclick[39m(targetCard)[33m;[39m
    [90m290| [39m
    [90m291| [39m    expect(screen.getByText('Pendiente de Validación')).toBeInTheDocum…
    [90m   | [39m                  [31m^[39m
    [90m292| [39m  })[33m;[39m
    [90m293| [39m

[31m[2m⎯⎯⎯⎯⎯⎯⎯⎯⎯⎯⎯⎯⎯⎯⎯⎯⎯⎯⎯⎯⎯⎯⎯[3/21]⎯[22m[39m

[41m[1m FAIL [22m[49m src/components/fakesites/lfi_lab/__tests__/InclusionSite.test.tsx[2m > [22mInclusionSite - LFI Lab[2m > [22mPágina principal[2m > [22mdebe mostrar el contenido de contact.php
[31m[1mTestingLibraryElementError[22m[39m: Unable to find an element with the text: /Envíanos un mensaje/i. This could be because the text is broken up by multiple elements. In this case, you can provide a function for your text matcher to make your matcher more flexible.

Ignored nodes: comments, script, style
[36m<body>[39m
  [36m<div>[39m
    [36m<div[39m
      [33mclass[39m=[32m"min-h-full bg-white font-sans text-gray-800"[39m
    [36m>[39m
      [36m<nav[39m
        [33mclass[39m=[32m"bg-slate-800 text-white px-6 py-3 flex items-center gap-6"[39m
      [36m>[39m
        [36m<span[39m
          [33mclass[39m=[32m"font-bold text-lg border-r border-slate-600 pr-6"[39m
        [36m>[39m
          [0mDevPortal[0m
        [36m</span>[39m
        [36m<button[39m
          [33mclass[39m=[32m"text-sm hover:text-blue-300"[39m
        [36m>[39m
          [0m🏠 Inicio[0m
        [36m</button>[39m
        [36m<button[39m
          [33mclass[39m=[32m"text-sm hover:text-blue-300"[39m
        [36m>[39m
          [0mℹ️ Acerca de[0m
        [36m</button>[39m
        [36m<button[39m
          [33mclass[39m=[32m"text-sm text-blue-300 font-bold"[39m
        [36m>[39m
          [0m✉️ Contacto[0m
        [36m</button>[39m
        [36m<button[39m
          [33mclass[39m=[32m"text-sm hover:text-blue-300"[39m
        [36m>[39m
          [0m📤 Upload[0m
        [36m</button>[39m
        [36m<button[39m
          [33mclass[39m=[32m"text-sm hover:text-blue-300"[39m
        [36m>[39m
          [0m📁 Archivos[0m
        [36m</button>[39m
      [36m</nav>[39m
      [36m<div[39m
        [33mclass[39m=[32m"p-10 max-w-4xl mx-auto"[39m
      [36m>[39m
        [36m<div>[39m
          [36m<h1[39m
            [33mclass[39m=[32m"text-2xl font-bold mb-6"[39m
          [36m>[39m
            [0mContacto Directo[0m
          [36m</h1>[39m
          [36m<div[39m
            [33mclass[39m=[32m"grid grid-cols-1 md:grid-cols-2 gap-8 text-gray-700"[39m
          [36m>[39m
            [36m<div>[39m
              [36m<h3[39m
                [33mclass[39m=[32m"font-bold mb-4"[39m
              [36m>[39m
                [0mEnvíanos un reporte[0m
              [36m</h3>[39m
              [36m<form[39m
                [33mclass[39m=[32m"space-y-4"[39m
              [36m>[39m
                [36m<div>[39m
                  [36m<label[39m
                    [33mclass[39m=[32m"block text-xs font-bold uppercase text-gray-500 mb-1"[39m
                  [36m>[39m
                    [0mNombre[0m
                  [36m</label>[39m
                  [36m<input[39m
                    [33mclass[39m=[32m"w-full px-3 py-2 border border-gray-200 rounded text-sm focus:border-blue-500 outline-none"[39m
                    [33mplaceholder[39m=[32m"Tu nombre"[39m
                    [33mtype[39m=[32m"text"[39m
                  [36m/>[39m
                [36m</div>[39m
                [36m<div>[39m
                  [36m<label[39m
                    [33mclass[39m=[32m"block text-xs font-bold uppercase text-gray-500 mb-1"[39m
                  [36m>[39m
                    [0mEmail[0m
                  [36m</label>[39m
                  [36m<input[39m
                    [33mclass[39m=[32m"w-full px-3 py-2 border border-gray-200 rounded text-sm focus:border-blue-500 outline-none"[39m
                    [33mplaceholder[39m=[32m"tu@email.com"[39m
                    [33mtype[39m=[32m"email"[39m
                  [36m/>[39m
                [36m</div>[39m
                [36m<div>[39m
                  [36m<label[39m
                    [33mclass[39m=[32m"block text-xs font-bold uppercase text-gray-500 mb-1"[39m
                  [36m>[39m
                    [0mMensaje[0m
                  [36m</label>[39m
                  [36m<textarea[39m
                    [33mclass[39m=[32m"w-full px-3 py-2 border border-gray-200 rounded text-sm h-24 focus:border-blue-500 outline-none"[39m
                    [33mplaceholder[39m=[32m"Tu reporte..."[39m
                  [36m/>[39m
                [36m</div>[39m
                [36m<button[39m
                  [33mclass[39m=[32m"px-5 py-2 bg-slate-800 text-white rounded text-sm font-semibold hover:bg-slate-700 transition-colors"[39m
                  [33mtype[39m=[32m"submit"[39m
                [36m>[39m
                  [0mEnviar Reporte[0m
                [36m</button>[39m
              [36m</form>[39m
            [36m</div>[39m
            [36m<div[39m
              [33mclass[39m=[32m"bg-gray-50 p-6 rounded-xl border border-gray-100"[39m
            [36m>[39m
              [36m<h3[39m
                [33mclass[39m=[32m"font-bold mb-4"[39m
              [36m>[39m
                [0mSoporte Técnico[0m
              [36m</h3>[39m
              [36m<div[39m
                [33mclass[39m=[32m"space-y-4 text-sm text-gray-600"[39m
              [36m>[39m
                [36m<div[39m
                  [33mclass[39m=[32m"flex items-start gap-3"[39m
                [36m>[39m
                  [36m<span[39m
                    [33mclass[39m=[32m"text-blue-500"[39m
                  [36m>[39m
                    [0m📍[0m
                  [36m</span>[39m
                  [36m<span>[39m
                    [0mSede Central: Av. Corrientes 1234, CABA[0m
                  [36m</span>[39m
                [36m</div>[39m
                [36m<div[39m
                  [33mclass[39m=[32m"flex items-start gap-3"[39m
                [36m>[39m
                  [36m<span[39m
                    [33mclass[39m=[32m"text-blue-500"[39m
                  [36m>[39m
                    [0m📞[0m
                  [36m</span>[39m
                  [36m<span>[39m
                    [0mInterno: +54 11 1234-5678 (Ext 404)[0m
                  [36m</span>[39m
                [36m</div>[39m
                [36m<div[39m
                  [33mclass[39m=[32m"flex items-start gap-3"[39m
                [36m>[39m
                  [36m<span[39m
                    [33mclass[39m=[32m"text-blue-500"[39m
                  [36m>[39m
                    [0m✉️[0m
                  [36m</span>[39m
                  [36m<span>[39m
                    [0mhelpdesk@devportal.local[0m
                  [36m</span>[39m
                [36m</div>[39m
                [36m<div[39m
                  [33mclass[39m=[32m"mt-6 pt-4 border-t border-gray-200 text-xs italic"[39m
                [36m>[39m
                  [0mHorario de atención: Lunes a Viernes de 09:00 a 18:00 hs.[0m
                [36m</div>[39m
              [36m</div>[39m
            [36m</div>[39m
          [36m</div>[39m
        [36m</div>[39m
      [36m</div>[39m
    [36m</div>[39m
  [36m</div>[39m
[36m</body>[39m
[90m [2m❯[22m Object.getElementError node_modules/@testing-library/dom/dist/config.js:[2m37:19[22m[39m
[90m [2m❯[22m node_modules/@testing-library/dom/dist/query-helpers.js:[2m76:38[22m[39m
[90m [2m❯[22m node_modules/@testing-library/dom/dist/query-helpers.js:[2m52:17[22m[39m
[90m [2m❯[22m node_modules/@testing-library/dom/dist/query-helpers.js:[2m95:19[22m[39m
[36m [2m❯[22m src/components/fakesites/lfi_lab/__tests__/InclusionSite.test.tsx:[2m46:21[22m[39m
    [90m 44| [39m      render(<InclusionSite {...defaultProps} currentUrl="http://192.1…
    [90m 45| [39m      
    [90m 46| [39m      expect(screen.getByText(/Envíanos un mensaje/i)).toBeInTheDocume…
    [90m   | [39m                    [31m^[39m
    [90m 47| [39m    })[33m;[39m
    [90m 48| [39m  })[33m;[39m

[31m[2m⎯⎯⎯⎯⎯⎯⎯⎯⎯⎯⎯⎯⎯⎯⎯⎯⎯⎯⎯⎯⎯⎯⎯[4/21]⎯[22m[39m

[41m[1m FAIL [22m[49m src/components/fakesites/lfi_lab/__tests__/InclusionSite.test.tsx[2m > [22mInclusionSite - LFI Lab[2m > [22mPágina de upload[2m > [22mdebe renderizar la página de upload
[31m[1mTestingLibraryElementError[22m: Unable to find an element with the text: /Panel de Carga de Archivos/i. This could be because the text is broken up by multiple elements. In this case, you can provide a function for your text matcher to make your matcher more flexible.

Ignored nodes: comments, script, style
[36m<body>[31m
  [36m<div>[31m
    [36m<div[31m
      [33mclass[31m=[32m"min-h-full bg-white font-sans text-gray-800"[31m
    [36m>[31m
      [36m<nav[31m
        [33mclass[31m=[32m"bg-slate-800 text-white px-6 py-3 flex items-center gap-6"[31m
      [36m>[31m
        [36m<span[31m
          [33mclass[31m=[32m"font-bold text-lg border-r border-slate-600 pr-6"[31m
        [36m>[31m
          [0mDevPortal[0m
        [36m</span>[31m
        [36m<button[31m
          [33mclass[31m=[32m"text-sm hover:text-blue-300"[31m
        [36m>[31m
          [0m🏠 Inicio[0m
        [36m</button>[31m
        [36m<button[31m
          [33mclass[31m=[32m"text-sm hover:text-blue-300"[31m
        [36m>[31m
          [0mℹ️ Acerca de[0m
        [36m</button>[31m
        [36m<button[31m
          [33mclass[31m=[32m"text-sm hover:text-blue-300"[31m
        [36m>[31m
          [0m✉️ Contacto[0m
        [36m</button>[31m
        [36m<button[31m
          [33mclass[31m=[32m"text-sm text-blue-300 font-bold"[31m
        [36m>[31m
          [0m📤 Upload[0m
        [36m</button>[31m
        [36m<button[31m
          [33mclass[31m=[32m"text-sm hover:text-blue-300"[31m
        [36m>[31m
          [0m📁 Archivos[0m
        [36m</button>[31m
      [36m</nav>[31m
      [36m<div[31m
        [33mclass[31m=[32m"p-8 max-w-2xl mx-auto"[31m
      [36m>[31m
        [36m<h1[31m
          [33mclass[31m=[32m"text-2xl font-bold mb-6"[31m
        [36m>[31m
          [0m📤 Carga de Scripts de Mantenimiento[0m
        [36m</h1>[31m
        [36m<div[31m
          [33mclass[31m=[32m"bg-blue-50 border-l-4 border-blue-500 p-4 mb-6 text-sm text-blue-800 rounded"[31m
        [36m>[31m
          [0mSube herramientas desde tu máquina Kali para realizar diagnósticos locales en el servidor.[0m
        [36m</div>[31m
        [36m<div[31m
          [33mclass[31m=[32m"border border-gray-200 rounded-xl p-6 bg-gray-50 shadow-sm"[31m
        [36m>[31m
          [36m<label[31m
            [33mclass[31m=[32m"block text-sm font-semibold mb-2"[31m
          [36m>[31m
            [0mArchivo en Kali Linux (/root/):[0m
          [36m</label>[31m
          [36m<select[31m
            [33mclass[31m=[32m"w-full p-2.5 mb-4 border border-gray-300 rounded bg-white text-sm outline-none focus:border-blue-500"[31m
          [36m>[31m
            [36m<option[31m
              [33mvalue[31m=[32m""[31m
            [36m>[31m
              [0m-- Seleccionar archivo --[0m
            [36m</option>[31m
            [36m<option[31m
              [33mvalue[31m=[32m"/root/payload.php"[31m
            [36m>[31m
              [0mpayload.php[0m
            [36m</option>[31m
          [36m</select>[31m
          [36m<button[31m
            [33mclass[31m=[32m"w-full py-2.5 bg-blue-600 text-white font-bold rounded hover:bg-blue-700 disabled:bg-gray-400 transition-all"[31m
            [33mdisabled[31m=[32m""[31m
          [36m>[31m
            [0mSubir Archivo[0m
          [36m</button>[31m
        [36m</div>[31m
      [36m</div>[31m
    [36m</div>[31m
  [36m</div>[31m
[36m</body>[31m[39m
[90m [2m❯[22m Object.getElementError node_modules/@testing-library/dom/dist/config.js:[2m37:19[22m[39m
[90m [2m❯[22m node_modules/@testing-library/dom/dist/query-helpers.js:[2m76:38[22m[39m
[90m [2m❯[22m node_modules/@testing-library/dom/dist/query-helpers.js:[2m52:17[22m[39m
[90m [2m❯[22m node_modules/@testing-library/dom/dist/query-helpers.js:[2m95:19[22m[39m
[36m [2m❯[22m src/components/fakesites/lfi_lab/__tests__/InclusionSite.test.tsx:[2m54:21[22m[39m
    [90m 52| [39m      render(<InclusionSite {...defaultProps} currentUrl="http://192.1…
    [90m 53| [39m      
    [90m 54| [39m      expect(screen.getByText(/Panel de Carga de Archivos/i)).toBeInTh…
    [90m   | [39m                    [31m^[39m
    [90m 55| [39m      [34mexpect[39m(screen[33m.[39m[34mgetByText[39m([36m/Instrucciones/i[39m))[33m.[39m[34mtoBeInTheDocument[39m()[33m;[39m
    [90m 56| [39m    })[33m;[39m

[31m[2m⎯⎯⎯⎯⎯⎯⎯⎯⎯⎯⎯⎯⎯⎯⎯⎯⎯⎯⎯⎯⎯⎯⎯[5/21]⎯[22m[39m

[41m[1m FAIL [22m[49m src/components/fakesites/lfi_lab/__tests__/InclusionSite.test.tsx[2m > [22mInclusionSite - LFI Lab[2m > [22mPágina de upload[2m > [22mdebe mostrar el selector de archivos
[31m[1mTestingLibraryElementError[22m: Unable to find an element with the text: /Seleccionar archivo desde Kali/i. This could be because the text is broken up by multiple elements. In this case, you can provide a function for your text matcher to make your matcher more flexible.

Ignored nodes: comments, script, style
[36m<body>[31m
  [36m<div>[31m
    [36m<div[31m
      [33mclass[31m=[32m"min-h-full bg-white font-sans text-gray-800"[31m
    [36m>[31m
      [36m<nav[31m
        [33mclass[31m=[32m"bg-slate-800 text-white px-6 py-3 flex items-center gap-6"[31m
      [36m>[31m
        [36m<span[31m
          [33mclass[31m=[32m"font-bold text-lg border-r border-slate-600 pr-6"[31m
        [36m>[31m
          [0mDevPortal[0m
        [36m</span>[31m
        [36m<button[31m
          [33mclass[31m=[32m"text-sm hover:text-blue-300"[31m
        [36m>[31m
          [0m🏠 Inicio[0m
        [36m</button>[31m
        [36m<button[31m
          [33mclass[31m=[32m"text-sm hover:text-blue-300"[31m
        [36m>[31m
          [0mℹ️ Acerca de[0m
        [36m</button>[31m
        [36m<button[31m
          [33mclass[31m=[32m"text-sm hover:text-blue-300"[31m
        [36m>[31m
          [0m✉️ Contacto[0m
        [36m</button>[31m
        [36m<button[31m
          [33mclass[31m=[32m"text-sm text-blue-300 font-bold"[31m
        [36m>[31m
          [0m📤 Upload[0m
        [36m</button>[31m
        [36m<button[31m
          [33mclass[31m=[32m"text-sm hover:text-blue-300"[31m
        [36m>[31m
          [0m📁 Archivos[0m
        [36m</button>[31m
      [36m</nav>[31m
      [36m<div[31m
        [33mclass[31m=[32m"p-8 max-w-2xl mx-auto"[31m
      [36m>[31m
        [36m<h1[31m
          [33mclass[31m=[32m"text-2xl font-bold mb-6"[31m
        [36m>[31m
          [0m📤 Carga de Scripts de Mantenimiento[0m
        [36m</h1>[31m
        [36m<div[31m
          [33mclass[31m=[32m"bg-blue-50 border-l-4 border-blue-500 p-4 mb-6 text-sm text-blue-800 rounded"[31m
        [36m>[31m
          [0mSube herramientas desde tu máquina Kali para realizar diagnósticos locales en el servidor.[0m
        [36m</div>[31m
        [36m<div[31m
          [33mclass[31m=[32m"border border-gray-200 rounded-xl p-6 bg-gray-50 shadow-sm"[31m
        [36m>[31m
          [36m<label[31m
            [33mclass[31m=[32m"block text-sm font-semibold mb-2"[31m
          [36m>[31m
            [0mArchivo en Kali Linux (/root/):[0m
          [36m</label>[31m
          [36m<select[31m
            [33mclass[31m=[32m"w-full p-2.5 mb-4 border border-gray-300 rounded bg-white text-sm outline-none focus:border-blue-500"[31m
          [36m>[31m
            [36m<option[31m
              [33mvalue[31m=[32m""[31m
            [36m>[31m
              [0m-- Seleccionar archivo --[0m
            [36m</option>[31m
            [36m<option[31m
              [33mvalue[31m=[32m"/root/payload.php"[31m
            [36m>[31m
              [0mpayload.php[0m
            [36m</option>[31m
          [36m</select>[31m
          [36m<button[31m
            [33mclass[31m=[32m"w-full py-2.5 bg-blue-600 text-white font-bold rounded hover:bg-blue-700 disabled:bg-gray-400 transition-all"[31m
            [33mdisabled[31m=[32m""[31m
          [36m>[31m
            [0mSubir Archivo[0m
          [36m</button>[31m
        [36m</div>[31m
      [36m</div>[31m
    [36m</div>[31m
  [36m</div>[31m
[36m</body>[31m[39m
[90m [2m❯[22m Object.getElementError node_modules/@testing-library/dom/dist/config.js:[2m37:19[22m[39m
[90m [2m❯[22m node_modules/@testing-library/dom/dist/query-helpers.js:[2m76:38[22m[39m
[90m [2m❯[22m node_modules/@testing-library/dom/dist/query-helpers.js:[2m52:17[22m[39m
[90m [2m❯[22m node_modules/@testing-library/dom/dist/query-helpers.js:[2m95:19[22m[39m
[36m [2m❯[22m src/components/fakesites/lfi_lab/__tests__/InclusionSite.test.tsx:[2m61:21[22m[39m
    [90m 59| [39m      render(<InclusionSite {...defaultProps} currentUrl="http://192.1…
    [90m 60| [39m      
    [90m 61| [39m      expect(screen.getByText(/Seleccionar archivo desde Kali/i)).toBe…
    [90m   | [39m                    [31m^[39m
    [90m 62| [39m      [34mexpect[39m(screen[33m.[39m[34mgetByRole[39m([32m'combobox'[39m))[33m.[39m[34mtoBeInTheDocument[39m()[33m;[39m
    [90m 63| [39m    })[33m;[39m

[31m[2m⎯⎯⎯⎯⎯⎯⎯⎯⎯⎯⎯⎯⎯⎯⎯⎯⎯⎯⎯⎯⎯⎯⎯[6/21]⎯[22m[39m

[41m[1m FAIL [22m[49m src/components/fakesites/lfi_lab/__tests__/InclusionSite.test.tsx[2m > [22mInclusionSite - LFI Lab[2m > [22mPágina de upload[2m > [22mdebe mostrar archivos por defecto si no se proporcionan attackerFiles
[31m[1mAssertionError[22m: expected false to be true // Object.is equality[39m

[32m- Expected[39m
[31m+ Received[39m

[32m- true[39m
[31m+ false[39m

[36m [2m❯[22m src/components/fakesites/lfi_lab/__tests__/InclusionSite.test.tsx:[2m75:63[22m[39m
    [90m 73| [39m      [35mconst[39m optionTexts [33m=[39m options[33m.[39m[34mmap[39m(o [33m=>[39m o[33m.[39mtextContent)[33m;[39m
    [90m 74| [39m      expect(optionTexts.some(t => t?.includes('payload.php'))).toBe(t…
    [90m 75| [39m      expect(optionTexts.some(t => t?.includes('shell.php'))).toBe(tru…
    [90m   | [39m                                                              [31m^[39m
    [90m 76| [39m    })[33m;[39m
    [90m 77| [39m

[31m[2m⎯⎯⎯⎯⎯⎯⎯⎯⎯⎯⎯⎯⎯⎯⎯⎯⎯⎯⎯⎯⎯⎯⎯[7/21]⎯[22m[39m

[41m[1m FAIL [22m[49m src/components/fakesites/lfi_lab/__tests__/InclusionSite.test.tsx[2m > [22mInclusionSite - LFI Lab[2m > [22mPágina de upload[2m > [22mdebe subir archivo correctamente
[31m[1mTestingLibraryElementError[22m[39m: Unable to find an element with the text: /subido exitosamente/i. This could be because the text is broken up by multiple elements. In this case, you can provide a function for your text matcher to make your matcher more flexible.

Ignored nodes: comments, script, style
[36m<body>[39m
  [36m<div>[39m
    [36m<div[39m
      [33mclass[39m=[32m"min-h-full bg-white font-sans text-gray-800"[39m
    [36m>[39m
      [36m<nav[39m
        [33mclass[39m=[32m"bg-slate-800 text-white px-6 py-3 flex items-center gap-6"[39m
      [36m>[39m
        [36m<span[39m
          [33mclass[39m=[32m"font-bold text-lg border-r border-slate-600 pr-6"[39m
        [36m>[39m
          [0mDevPortal[0m
        [36m</span>[39m
        [36m<button[39m
          [33mclass[39m=[32m"text-sm hover:text-blue-300"[39m
        [36m>[39m
          [0m🏠 Inicio[0m
        [36m</button>[39m
        [36m<button[39m
          [33mclass[39m=[32m"text-sm hover:text-blue-300"[39m
        [36m>[39m
          [0mℹ️ Acerca de[0m
        [36m</button>[39m
        [36m<button[39m
          [33mclass[39m=[32m"text-sm hover:text-blue-300"[39m
        [36m>[39m
          [0m✉️ Contacto[0m
        [36m</button>[39m
        [36m<button[39m
          [33mclass[39m=[32m"text-sm text-blue-300 font-bold"[39m
        [36m>[39m
          [0m📤 Upload[0m
        [36m</button>[39m
        [36m<button[39m
          [33mclass[39m=[32m"text-sm hover:text-blue-300"[39m
        [36m>[39m
          [0m📁 Archivos[0m
        [36m</button>[39m
      [36m</nav>[39m
      [36m<div[39m
        [33mclass[39m=[32m"p-8 max-w-2xl mx-auto"[39m
      [36m>[39m
        [36m<h1[39m
          [33mclass[39m=[32m"text-2xl font-bold mb-6"[39m
        [36m>[39m
          [0m📤 Carga de Scripts de Mantenimiento[0m
        [36m</h1>[39m
        [36m<div[39m
          [33mclass[39m=[32m"bg-blue-50 border-l-4 border-blue-500 p-4 mb-6 text-sm text-blue-800 rounded"[39m
        [36m>[39m
          [0mSube herramientas desde tu máquina Kali para realizar diagnósticos locales en el servidor.[0m
        [36m</div>[39m
        [36m<div[39m
          [33mclass[39m=[32m"border border-gray-200 rounded-xl p-6 bg-gray-50 shadow-sm"[39m
        [36m>[39m
          [36m<label[39m
            [33mclass[39m=[32m"block text-sm font-semibold mb-2"[39m
          [36m>[39m
            [0mArchivo en Kali Linux (/root/):[0m
          [36m</label>[39m
          [36m<select[39m
            [33mclass[39m=[32m"w-full p-2.5 mb-4 border border-gray-300 rounded bg-white text-sm outline-none focus:border-blue-500"[39m
          [36m>[39m
            [36m<option[39m
              [33mvalue[39m=[32m""[39m
            [36m>[39m
              [0m-- Seleccionar archivo --[0m
            [36m</option>[39m
            [36m<option[39m
              [33mvalue[39m=[32m"/root/payload.php"[39m
            [36m>[39m
              [0mpayload.php[0m
            [36m</option>[39m
          [36m</select>[39m
          [36m<button[39m
            [33mclass[39m=[32m"w-full py-2.5 bg-blue-600 text-white font-bold rounded hover:bg-blue-700 disabled:bg-gray-400 transition-all"[39m
          [36m>[39m
            [0mSubir Archivo[0m
          [36m</button>[39m
          [36m<div[39m
            [33mclass[39m=[32m"mt-4 p-3 rounded text-xs font-mono border bg-green-50 text-green-700 border-green-200"[39m
          [36m>[39m
            [0m✅ Archivo payload.php subido a /uploads/[0m
          [36m</div>[39m
        [36m</div>[39m
      [36m</div>[39m
    [36m</div>[39m
  [36m</div>[39m
[36m</body>[39m

Ignored nodes: comments, script, style
[36m<html>[39m
  [36m<head />[39m
  [36m<body>[39m
    [36m<div>[39m
      [36m<div[39m
        [33mclass[39m=[32m"min-h-full bg-white font-sans text-gray-800"[39m
      [36m>[39m
        [36m<nav[39m
          [33mclass[39m=[32m"bg-slate-800 text-white px-6 py-3 flex items-center gap-6"[39m
        [36m>[39m
          [36m<span[39m
            [33mclass[39m=[32m"font-bold text-lg border-r border-slate-600 pr-6"[39m
          [36m>[39m
            [0mDevPortal[0m
          [36m</span>[39m
          [36m<button[39m
            [33mclass[39m=[32m"text-sm hover:text-blue-300"[39m
          [36m>[39m
            [0m🏠 Inicio[0m
          [36m</button>[39m
          [36m<button[39m
            [33mclass[39m=[32m"text-sm hover:text-blue-300"[39m
          [36m>[39m
            [0mℹ️ Acerca de[0m
          [36m</button>[39m
          [36m<button[39m
            [33mclass[39m=[32m"text-sm hover:text-blue-300"[39m
          [36m>[39m
            [0m✉️ Contacto[0m
          [36m</button>[39m
          [36m<button[39m
            [33mclass[39m=[32m"text-sm text-blue-300 font-bold"[39m
          [36m>[39m
            [0m📤 Upload[0m
          [36m</button>[39m
          [36m<button[39m
            [33mclass[39m=[32m"text-sm hover:text-blue-300"[39m
          [36m>[39m
            [0m📁 Archivos[0m
          [36m</button>[39m
        [36m</nav>[39m
        [36m<div[39m
          [33mclass[39m=[32m"p-8 max-w-2xl mx-auto"[39m
        [36m>[39m
          [36m<h1[39m
            [33mclass[39m=[32m"text-2xl font-bold mb-6"[39m
          [36m>[39m
            [0m📤 Carga de Scripts de Mantenimiento[0m
          [36m</h1>[39m
          [36m<div[39m
            [33mclass[39m=[32m"bg-blue-50 border-l-4 border-blue-500 p-4 mb-6 text-sm text-blue-800 rounded"[39m
          [36m>[39m
            [0mSube herramientas desde tu máquina Kali para realizar diagnósticos locales en el servidor.[0m
          [36m</div>[39m
          [36m<div[39m
            [33mclass[39m=[32m"border border-gray-200 rounded-xl p-6 bg-gray-50 shadow-sm"[39m
          [36m>[39m
            [36m<label[39m
              [33mclass[39m=[32m"block text-sm font-semibold mb-2"[39m
            [36m>[39m
              [0mArchivo en Kali Linux (/root/):[0m
            [36m</label>[39m
            [36m<select[39m
              [33mclass[39m=[32m"w-full p-2.5 mb-4 border border-gray-300 rounded bg-white text-sm outline-none focus:border-blue-500"[39m
            [36m>[39m
              [36m<option[39m
                [33mvalue[39m=[32m""[39m
              [36m>[39m
                [0m-- Seleccionar archivo --[0m
              [36m</option>[39m
              [36m<option[39m
                [33mvalue[39m=[32m"/root/payload.php"[39m
              [36m>[39m
                [0mpayload.php[0m
              [36m</option>[39m
            [36m</select>[39m
            [36m<button[39m
              [33mclass[39m=[32m"w-full py-2.5 bg-blue-600 text-white font-bold rounded hover:bg-blue-700 disabled:bg-gray-400 transition-all"[39m
            [36m>[39m
              [0mSubir Archivo[0m
            [36m</button>[39m
            [36m<div[39m
              [33mclass[39m=[32m"mt-4 p-3 rounded text-xs font-mono border bg-green-50 text-green-700 border-green-200"[39m
            [36m>[39m
              [0m✅ Archivo payload.php subido a /uploads/[0m
            [36m</div>[39m
          [36m</div>[39m
        [36m</div>[39m
      [36m</div>[39m
    [36m</div>[39m
  [36m</body>[39m
[36m</html>[39m
[90m [2m❯[22m waitForWrapper node_modules/@testing-library/dom/dist/wait-for.js:[2m163:27[22m[39m
[36m [2m❯[22m src/components/fakesites/lfi_lab/__tests__/InclusionSite.test.tsx:[2m102:13[22m[39m
    [90m100| [39m      [35mif[39m (submitButton) fireEvent[33m.[39m[34mclick[39m(submitButton)[33m;[39m
    [90m101| [39m      
    [90m102| [39m      [35mawait[39m [34mwaitFor[39m(() [33m=>[39m {
    [90m   | [39m            [31m^[39m
    [90m103| [39m        expect(screen.getByText(/subido exitosamente/i)).toBeInTheDocu…
    [90m104| [39m      })[33m;[39m

[31m[2m⎯⎯⎯⎯⎯⎯⎯⎯⎯⎯⎯⎯⎯⎯⎯⎯⎯⎯⎯⎯⎯⎯⎯[8/21]⎯[22m[39m

[41m[1m FAIL [22m[49m src/components/fakesites/lfi_lab/__tests__/InclusionSite.test.tsx[2m > [22mInclusionSite - LFI Lab[2m > [22mPágina de upload[2m > [22mdebe mostrar archivos subidos como links
[31m[1mTestingLibraryElementError[22m[39m: Unable to find an element with the text: /Archivos subidos/i. This could be because the text is broken up by multiple elements. In this case, you can provide a function for your text matcher to make your matcher more flexible.

Ignored nodes: comments, script, style
[36m<body>[39m
  [36m<div>[39m
    [36m<div[39m
      [33mclass[39m=[32m"min-h-full bg-white font-sans text-gray-800"[39m
    [36m>[39m
      [36m<nav[39m
        [33mclass[39m=[32m"bg-slate-800 text-white px-6 py-3 flex items-center gap-6"[39m
      [36m>[39m
        [36m<span[39m
          [33mclass[39m=[32m"font-bold text-lg border-r border-slate-600 pr-6"[39m
        [36m>[39m
          [0mDevPortal[0m
        [36m</span>[39m
        [36m<button[39m
          [33mclass[39m=[32m"text-sm hover:text-blue-300"[39m
        [36m>[39m
          [0m🏠 Inicio[0m
        [36m</button>[39m
        [36m<button[39m
          [33mclass[39m=[32m"text-sm hover:text-blue-300"[39m
        [36m>[39m
          [0mℹ️ Acerca de[0m
        [36m</button>[39m
        [36m<button[39m
          [33mclass[39m=[32m"text-sm hover:text-blue-300"[39m
        [36m>[39m
          [0m✉️ Contacto[0m
        [36m</button>[39m
        [36m<button[39m
          [33mclass[39m=[32m"text-sm text-blue-300 font-bold"[39m
        [36m>[39m
          [0m📤 Upload[0m
        [36m</button>[39m
        [36m<button[39m
          [33mclass[39m=[32m"text-sm hover:text-blue-300"[39m
        [36m>[39m
          [0m📁 Archivos[0m
        [36m</button>[39m
      [36m</nav>[39m
      [36m<div[39m
        [33mclass[39m=[32m"p-8 max-w-2xl mx-auto"[39m
      [36m>[39m
        [36m<h1[39m
          [33mclass[39m=[32m"text-2xl font-bold mb-6"[39m
        [36m>[39m
          [0m📤 Carga de Scripts de Mantenimiento[0m
        [36m</h1>[39m
        [36m<div[39m
          [33mclass[39m=[32m"bg-blue-50 border-l-4 border-blue-500 p-4 mb-6 text-sm text-blue-800 rounded"[39m
        [36m>[39m
          [0mSube herramientas desde tu máquina Kali para realizar diagnósticos locales en el servidor.[0m
        [36m</div>[39m
        [36m<div[39m
          [33mclass[39m=[32m"border border-gray-200 rounded-xl p-6 bg-gray-50 shadow-sm"[39m
        [36m>[39m
          [36m<label[39m
            [33mclass[39m=[32m"block text-sm font-semibold mb-2"[39m
          [36m>[39m
            [0mArchivo en Kali Linux (/root/):[0m
          [36m</label>[39m
          [36m<select[39m
            [33mclass[39m=[32m"w-full p-2.5 mb-4 border border-gray-300 rounded bg-white text-sm outline-none focus:border-blue-500"[39m
          [36m>[39m
            [36m<option[39m
              [33mvalue[39m=[32m""[39m
            [36m>[39m
              [0m-- Seleccionar archivo --[0m
            [36m</option>[39m
            [36m<option[39m
              [33mvalue[39m=[32m"/root/payload.php"[39m
            [36m>[39m
              [0mpayload.php[0m
            [36m</option>[39m
          [36m</select>[39m
          [36m<button[39m
            [33mclass[39m=[32m"w-full py-2.5 bg-blue-600 text-white font-bold rounded hover:bg-blue-700 disabled:bg-gray-400 transition-all"[39m
          [36m>[39m
            [0mSubir Archivo[0m
          [36m</button>[39m
          [36m<div[39m
            [33mclass[39m=[32m"mt-4 p-3 rounded text-xs font-mono border bg-green-50 text-green-700 border-green-200"[39m
          [36m>[39m
            [0m✅ Archivo payload.php subido a /uploads/[0m
          [36m</div>[39m
        [36m</div>[39m
      [36m</div>[39m
    [36m</div>[39m
  [36m</div>[39m
[36m</body>[39m

Ignored nodes: comments, script, style
[36m<html>[39m
  [36m<head />[39m
  [36m<body>[39m
    [36m<div>[39m
      [36m<div[39m
        [33mclass[39m=[32m"min-h-full bg-white font-sans text-gray-800"[39m
      [36m>[39m
        [36m<nav[39m
          [33mclass[39m=[32m"bg-slate-800 text-white px-6 py-3 flex items-center gap-6"[39m
        [36m>[39m
          [36m<span[39m
            [33mclass[39m=[32m"font-bold text-lg border-r border-slate-600 pr-6"[39m
          [36m>[39m
            [0mDevPortal[0m
          [36m</span>[39m
          [36m<button[39m
            [33mclass[39m=[32m"text-sm hover:text-blue-300"[39m
          [36m>[39m
            [0m🏠 Inicio[0m
          [36m</button>[39m
          [36m<button[39m
            [33mclass[39m=[32m"text-sm hover:text-blue-300"[39m
          [36m>[39m
            [0mℹ️ Acerca de[0m
          [36m</button>[39m
          [36m<button[39m
            [33mclass[39m=[32m"text-sm hover:text-blue-300"[39m
          [36m>[39m
            [0m✉️ Contacto[0m
          [36m</button>[39m
          [36m<button[39m
            [33mclass[39m=[32m"text-sm text-blue-300 font-bold"[39m
          [36m>[39m
            [0m📤 Upload[0m
          [36m</button>[39m
          [36m<button[39m
            [33mclass[39m=[32m"text-sm hover:text-blue-300"[39m
          [36m>[39m
            [0m📁 Archivos[0m
          [36m</button>[39m
        [36m</nav>[39m
        [36m<div[39m
          [33mclass[39m=[32m"p-8 max-w-2xl mx-auto"[39m
        [36m>[39m
          [36m<h1[39m
            [33mclass[39m=[32m"text-2xl font-bold mb-6"[39m
          [36m>[39m
            [0m📤 Carga de Scripts de Mantenimiento[0m
          [36m</h1>[39m
          [36m<div[39m
            [33mclass[39m=[32m"bg-blue-50 border-l-4 border-blue-500 p-4 mb-6 text-sm text-blue-800 rounded"[39m
          [36m>[39m
            [0mSube herramientas desde tu máquina Kali para realizar diagnósticos locales en el servidor.[0m
          [36m</div>[39m
          [36m<div[39m
            [33mclass[39m=[32m"border border-gray-200 rounded-xl p-6 bg-gray-50 shadow-sm"[39m
          [36m>[39m
            [36m<label[39m
              [33mclass[39m=[32m"block text-sm font-semibold mb-2"[39m
            [36m>[39m
              [0mArchivo en Kali Linux (/root/):[0m
            [36m</label>[39m
            [36m<select[39m
              [33mclass[39m=[32m"w-full p-2.5 mb-4 border border-gray-300 rounded bg-white text-sm outline-none focus:border-blue-500"[39m
            [36m>[39m
              [36m<option[39m
                [33mvalue[39m=[32m""[39m
              [36m>[39m
                [0m-- Seleccionar archivo --[0m
              [36m</option>[39m
              [36m<option[39m
                [33mvalue[39m=[32m"/root/payload.php"[39m
              [36m>[39m
                [0mpayload.php[0m
              [36m</option>[39m
            [36m</select>[39m
            [36m<button[39m
              [33mclass[39m=[32m"w-full py-2.5 bg-blue-600 text-white font-bold rounded hover:bg-blue-700 disabled:bg-gray-400 transition-all"[39m
            [36m>[39m
              [0mSubir Archivo[0m
            [36m</button>[39m
            [36m<div[39m
              [33mclass[39m=[32m"mt-4 p-3 rounded text-xs font-mono border bg-green-50 text-green-700 border-green-200"[39m
            [36m>[39m
              [0m✅ Archivo payload.php subido a /uploads/[0m
            [36m</div>[39m
          [36m</div>[39m
        [36m</div>[39m
      [36m</div>[39m
    [36m</div>[39m
  [36m</body>[39m
[36m</html>[39m
[90m [2m❯[22m waitForWrapper node_modules/@testing-library/dom/dist/wait-for.js:[2m163:27[22m[39m
[36m [2m❯[22m src/components/fakesites/lfi_lab/__tests__/InclusionSite.test.tsx:[2m120:13[22m[39m
    [90m118| [39m      [35mif[39m (submitButton) fireEvent[33m.[39m[34mclick[39m(submitButton)[33m;[39m
    [90m119| [39m      
    [90m120| [39m      [35mawait[39m [34mwaitFor[39m(() [33m=>[39m {
    [90m   | [39m            [31m^[39m
    [90m121| [39m        expect(screen.getByText(/Archivos subidos/i)).toBeInTheDocumen…
    [90m122| [39m      })[33m;[39m

[31m[2m⎯⎯⎯⎯⎯⎯⎯⎯⎯⎯⎯⎯⎯⎯⎯⎯⎯⎯⎯⎯⎯⎯⎯[9/21]⎯[22m[39m

[41m[1m FAIL [22m[49m src/components/fakesites/lfi_lab/__tests__/InclusionSite.test.tsx[2m > [22mInclusionSite - LFI Lab[2m > [22mLFI - Lectura de archivos[2m > [22mdebe mostrar etc/passwd cuando se accede via LFI
[31m[1mTestingLibraryElementError[22m: Unable to find an element with the text: /LFI DETECTADO/i. This could be because the text is broken up by multiple elements. In this case, you can provide a function for your text matcher to make your matcher more flexible.

Ignored nodes: comments, script, style
[36m<body>[31m
  [36m<div>[31m
    [36m<div[31m
      [33mclass[31m=[32m"min-h-screen bg-gray-950 text-emerald-400 font-mono p-6 overflow-auto"[31m
    [36m>[31m
      [36m<div[31m
        [33mclass[31m=[32m"mb-4 text-xs border-b border-emerald-900/50 pb-2 flex justify-between items-center"[31m
      [36m>[31m
        [36m<span[31m
          [33mclass[31m=[32m"bg-emerald-950 px-2 py-1 rounded"[31m
        [36m>[31m
          [0mLFI OUTPUT: /[0m
          [0metc/passwd[0m
        [36m</span>[31m
        [36m<button[31m
          [33mclass[31m=[32m"bg-emerald-900/30 px-3 py-1 rounded hover:bg-emerald-900/50 transition-colors"[31m
        [36m>[31m
          [0m[ CERRAR ][0m
        [36m</button>[31m
      [36m</div>[31m
      [36m<pre[31m
        [33mclass[31m=[32m"text-sm leading-relaxed whitespace-pre-wrap"[31m
      [36m>[31m
        [0mroot:x:0:0:root:/root:/bin/bash
daemon:x:1:1:daemon:/usr/sbin:/usr/sbin/nologin
bin:x:2:2:bin:/bin:/usr/sbin/nologin
sys:x:3:3:sys:/dev:/usr/sbin/nologin
www-data:x:33:33:www-data:/var/www:/usr/sbin/nologin
admin:x:1000:1000:admin,,,:/home/admin:/bin/bash[0m
      [36m</pre>[31m
    [36m</div>[31m
  [36m</div>[31m
[36m</body>[31m[39m
[90m [2m❯[22m Object.getElementError node_modules/@testing-library/dom/dist/config.js:[2m37:19[22m[39m
[90m [2m❯[22m node_modules/@testing-library/dom/dist/query-helpers.js:[2m76:38[22m[39m
[90m [2m❯[22m node_modules/@testing-library/dom/dist/query-helpers.js:[2m52:17[22m[39m
[90m [2m❯[22m node_modules/@testing-library/dom/dist/query-helpers.js:[2m95:19[22m[39m
[36m [2m❯[22m src/components/fakesites/lfi_lab/__tests__/InclusionSite.test.tsx:[2m130:21[22m[39m
    [90m128| [39m      render(<InclusionSite {...defaultProps} currentUrl="http://192.1…
    [90m129| [39m      
    [90m130| [39m      [34mexpect[39m(screen[33m.[39m[34mgetByText[39m([36m/LFI DETECTADO/i[39m))[33m.[39m[34mtoBeInTheDocument[39m()[33m;[39m
    [90m   | [39m                    [31m^[39m
    [90m131| [39m      // Puede haber múltiples elementos con etc/passwd (en sugerencia…
    [90m132| [39m      expect(screen.getAllByText(/etc\/passwd/i).length).toBeGreaterTh…

[31m[2m⎯⎯⎯⎯⎯⎯⎯⎯⎯⎯⎯⎯⎯⎯⎯⎯⎯⎯⎯⎯⎯⎯[10/21]⎯[22m[39m

[41m[1m FAIL [22m[49m src/components/fakesites/lfi_lab/__tests__/InclusionSite.test.tsx[2m > [22mInclusionSite - LFI Lab[2m > [22mLFI - Lectura de archivos[2m > [22mdebe mostrar etc/shadow cuando se accede via LFI
[31m[1mTestingLibraryElementError[22m: Unable to find an element with the text: /LFI DETECTADO/i. This could be because the text is broken up by multiple elements. In this case, you can provide a function for your text matcher to make your matcher more flexible.

Ignored nodes: comments, script, style
[36m<body>[31m
  [36m<div>[31m
    [36m<div[31m
      [33mclass[31m=[32m"min-h-screen bg-gray-950 text-emerald-400 font-mono p-6 overflow-auto"[31m
    [36m>[31m
      [36m<div[31m
        [33mclass[31m=[32m"mb-4 text-xs border-b border-emerald-900/50 pb-2 flex justify-between items-center"[31m
      [36m>[31m
        [36m<span[31m
          [33mclass[31m=[32m"bg-emerald-950 px-2 py-1 rounded"[31m
        [36m>[31m
          [0mLFI OUTPUT: /[0m
          [0metc/shadow[0m
        [36m</span>[31m
        [36m<button[31m
          [33mclass[31m=[32m"bg-emerald-900/30 px-3 py-1 rounded hover:bg-emerald-900/50 transition-colors"[31m
        [36m>[31m
          [0m[ CERRAR ][0m
        [36m</button>[31m
      [36m</div>[31m
      [36m<pre[31m
        [33mclass[31m=[32m"text-sm leading-relaxed whitespace-pre-wrap"[31m
      [36m>[31m
        [0mroot:$6$rounds=656000$abcdefghijklmnop$1234567890abcdefghijklmnop/1234567890123456:18000:0:99999:7:::
daemon:*:18000:0:99999:7:::
www-data:*:18000:0:99999:7:::[0m
      [36m</pre>[31m
    [36m</div>[31m
  [36m</div>[31m
[36m</body>[31m[39m
[90m [2m❯[22m Object.getElementError node_modules/@testing-library/dom/dist/config.js:[2m37:19[22m[39m
[90m [2m❯[22m node_modules/@testing-library/dom/dist/query-helpers.js:[2m76:38[22m[39m
[90m [2m❯[22m node_modules/@testing-library/dom/dist/query-helpers.js:[2m52:17[22m[39m
[90m [2m❯[22m node_modules/@testing-library/dom/dist/query-helpers.js:[2m95:19[22m[39m
[36m [2m❯[22m src/components/fakesites/lfi_lab/__tests__/InclusionSite.test.tsx:[2m139:21[22m[39m
    [90m137| [39m      render(<InclusionSite {...defaultProps} currentUrl="http://192.1…
    [90m138| [39m      
    [90m139| [39m      [34mexpect[39m(screen[33m.[39m[34mgetByText[39m([36m/LFI DETECTADO/i[39m))[33m.[39m[34mtoBeInTheDocument[39m()[33m;[39m
    [90m   | [39m                    [31m^[39m
    [90m140| [39m      // Puede haber múltiples elementos con etc/shadow (en sugerencia…
    [90m141| [39m      expect(screen.getAllByText(/etc\/shadow/i).length).toBeGreaterTh…

[31m[2m⎯⎯⎯⎯⎯⎯⎯⎯⎯⎯⎯⎯⎯⎯⎯⎯⎯⎯⎯⎯⎯⎯[11/21]⎯[22m[39m

[41m[1m FAIL [22m[49m src/components/fakesites/lfi_lab/__tests__/InclusionSite.test.tsx[2m > [22mInclusionSite - LFI Lab[2m > [22mLFI - Lectura de archivos[2m > [22mdebe mostrar etc/hosts cuando se accede via LFI
[31m[1mTestingLibraryElementError[22m: Unable to find an element with the text: /LFI DETECTADO/i. This could be because the text is broken up by multiple elements. In this case, you can provide a function for your text matcher to make your matcher more flexible.

Ignored nodes: comments, script, style
[36m<body>[31m
  [36m<div>[31m
    [36m<div[31m
      [33mclass[31m=[32m"min-h-screen bg-gray-950 text-emerald-400 font-mono p-6 overflow-auto"[31m
    [36m>[31m
      [36m<div[31m
        [33mclass[31m=[32m"mb-4 text-xs border-b border-emerald-900/50 pb-2 flex justify-between items-center"[31m
      [36m>[31m
        [36m<span[31m
          [33mclass[31m=[32m"bg-emerald-950 px-2 py-1 rounded"[31m
        [36m>[31m
          [0mLFI OUTPUT: /[0m
          [0metc/hosts[0m
        [36m</span>[31m
        [36m<button[31m
          [33mclass[31m=[32m"bg-emerald-900/30 px-3 py-1 rounded hover:bg-emerald-900/50 transition-colors"[31m
        [36m>[31m
          [0m[ CERRAR ][0m
        [36m</button>[31m
      [36m</div>[31m
      [36m<pre[31m
        [33mclass[31m=[32m"text-sm leading-relaxed whitespace-pre-wrap"[31m
      [36m>[31m
        [0m127.0.0.1 localhost
127.0.1.1 dev-portal-backup
::1 localhost ip6-localhost ip6-loopback[0m
      [36m</pre>[31m
    [36m</div>[31m
  [36m</div>[31m
[36m</body>[31m[39m
[90m [2m❯[22m Object.getElementError node_modules/@testing-library/dom/dist/config.js:[2m37:19[22m[39m
[90m [2m❯[22m node_modules/@testing-library/dom/dist/query-helpers.js:[2m76:38[22m[39m
[90m [2m❯[22m node_modules/@testing-library/dom/dist/query-helpers.js:[2m52:17[22m[39m
[90m [2m❯[22m node_modules/@testing-library/dom/dist/query-helpers.js:[2m95:19[22m[39m
[36m [2m❯[22m src/components/fakesites/lfi_lab/__tests__/InclusionSite.test.tsx:[2m147:21[22m[39m
    [90m145| [39m      render(<InclusionSite {...defaultProps} currentUrl="http://192.1…
    [90m146| [39m      
    [90m147| [39m      [34mexpect[39m(screen[33m.[39m[34mgetByText[39m([36m/LFI DETECTADO/i[39m))[33m.[39m[34mtoBeInTheDocument[39m()[33m;[39m
    [90m   | [39m                    [31m^[39m
    [90m148| [39m      expect(screen.getByText(/127.0.0.1 localhost/i)).toBeInTheDocume…
    [90m149| [39m    })[33m;[39m

[31m[2m⎯⎯⎯⎯⎯⎯⎯⎯⎯⎯⎯⎯⎯⎯⎯⎯⎯⎯⎯⎯⎯⎯[12/21]⎯[22m[39m

[41m[1m FAIL [22m[49m src/components/fakesites/lfi_lab/__tests__/InclusionSite.test.tsx[2m > [22mInclusionSite - LFI Lab[2m > [22mLFI - Lectura de archivos[2m > [22mdebe mostrar proc/self/environ cuando se accede via LFI
[31m[1mTestingLibraryElementError[22m: Unable to find an element with the text: /LFI DETECTADO/i. This could be because the text is broken up by multiple elements. In this case, you can provide a function for your text matcher to make your matcher more flexible.

Ignored nodes: comments, script, style
[36m<body>[31m
  [36m<div>[31m
    [36m<div[31m
      [33mclass[31m=[32m"min-h-screen bg-gray-950 text-emerald-400 font-mono p-6 overflow-auto"[31m
    [36m>[31m
      [36m<div[31m
        [33mclass[31m=[32m"mb-4 text-xs border-b border-emerald-900/50 pb-2 flex justify-between items-center"[31m
      [36m>[31m
        [36m<span[31m
          [33mclass[31m=[32m"bg-emerald-950 px-2 py-1 rounded"[31m
        [36m>[31m
          [0mLFI OUTPUT: /[0m
          [0mproc/self/environ[0m
        [36m</span>[31m
        [36m<button[31m
          [33mclass[31m=[32m"bg-emerald-900/30 px-3 py-1 rounded hover:bg-emerald-900/50 transition-colors"[31m
        [36m>[31m
          [0m[ CERRAR ][0m
        [36m</button>[31m
      [36m</div>[31m
      [36m<pre[31m
        [33mclass[31m=[32m"text-sm leading-relaxed whitespace-pre-wrap"[31m
      [36m>[31m
        [0mAPACHE_RUN_DIR=/var/run/apache2
APACHE_RUN_USER=www-data
APACHE_RUN_GROUP=www-data
APACHE_LOG_DIR=/var/log/apache2
PATH=/usr/local/sbin:/usr/local/bin:/usr/sbin:/usr/bin:/sbin:/bin
HOME=/var/www
SERVER_SOFTWARE=Apache/2.4.52 (Debian)
SERVER_NAME=dev-portal-backup
SERVER_ADDR=192.168.20.11
SERVER_PORT=80
REMOTE_ADDR=192.168.20.10
DOCUMENT_ROOT=/var/www/html
QUERY_STRING=page=../../../../etc/passwd[0m
      [36m</pre>[31m
    [36m</div>[31m
  [36m</div>[31m
[36m</body>[31m[39m
[90m [2m❯[22m Object.getElementError node_modules/@testing-library/dom/dist/config.js:[2m37:19[22m[39m
[90m [2m❯[22m node_modules/@testing-library/dom/dist/query-helpers.js:[2m76:38[22m[39m
[90m [2m❯[22m node_modules/@testing-library/dom/dist/query-helpers.js:[2m52:17[22m[39m
[90m [2m❯[22m node_modules/@testing-library/dom/dist/query-helpers.js:[2m95:19[22m[39m
[36m [2m❯[22m src/components/fakesites/lfi_lab/__tests__/InclusionSite.test.tsx:[2m154:21[22m[39m
    [90m152| [39m      render(<InclusionSite {...defaultProps} currentUrl="http://192.1…
    [90m153| [39m      
    [90m154| [39m      [34mexpect[39m(screen[33m.[39m[34mgetByText[39m([36m/LFI DETECTADO/i[39m))[33m.[39m[34mtoBeInTheDocument[39m()[33m;[39m
    [90m   | [39m                    [31m^[39m
    [90m155| [39m      [34mexpect[39m(screen[33m.[39m[34mgetByText[39m([36m/APACHE_RUN_USER/i[39m))[33m.[39m[34mtoBeInTheDocument[39m()[33m;[39m
    [90m156| [39m    })[33m;[39m

[31m[2m⎯⎯⎯⎯⎯⎯⎯⎯⎯⎯⎯⎯⎯⎯⎯⎯⎯⎯⎯⎯⎯⎯[13/21]⎯[22m[39m

[41m[1m FAIL [22m[49m src/components/fakesites/lfi_lab/__tests__/InclusionSite.test.tsx[2m > [22mInclusionSite - LFI Lab[2m > [22mLFI - Lectura de archivos[2m > [22mdebe mostrar config.php cuando se accede via LFI
[31m[1mTestingLibraryElementError[22m: Unable to find an element with the text: /LFI DETECTADO/i. This could be because the text is broken up by multiple elements. In this case, you can provide a function for your text matcher to make your matcher more flexible.

Ignored nodes: comments, script, style
[36m<body>[31m
  [36m<div>[31m
    [36m<div[31m
      [33mclass[31m=[32m"min-h-screen bg-gray-950 text-emerald-400 font-mono p-6 overflow-auto"[31m
    [36m>[31m
      [36m<div[31m
        [33mclass[31m=[32m"mb-4 text-xs border-b border-emerald-900/50 pb-2 flex justify-between items-center"[31m
      [36m>[31m
        [36m<span[31m
          [33mclass[31m=[32m"bg-emerald-950 px-2 py-1 rounded"[31m
        [36m>[31m
          [0mLFI OUTPUT: /[0m
          [0mvar/www/html/config.php[0m
        [36m</span>[31m
        [36m<button[31m
          [33mclass[31m=[32m"bg-emerald-900/30 px-3 py-1 rounded hover:bg-emerald-900/50 transition-colors"[31m
        [36m>[31m
          [0m[ CERRAR ][0m
        [36m</button>[31m
      [36m</div>[31m
      [36m<pre[31m
        [33mclass[31m=[32m"text-sm leading-relaxed whitespace-pre-wrap"[31m
      [36m>[31m
        [0m&lt;?php
define("DB_HOST", "localhost");
define("DB_USER", "devportal");
define("DB_PASS", "D3vP0rt@l2024!");
define("DB_NAME", "devportal_db");
define("ADMIN_USER", "admin");
define("ADMIN_PASS", "admin123");
?&gt;[0m
      [36m</pre>[31m
    [36m</div>[31m
  [36m</div>[31m
[36m</body>[31m[39m
[90m [2m❯[22m Object.getElementError node_modules/@testing-library/dom/dist/config.js:[2m37:19[22m[39m
[90m [2m❯[22m node_modules/@testing-library/dom/dist/query-helpers.js:[2m76:38[22m[39m
[90m [2m❯[22m node_modules/@testing-library/dom/dist/query-helpers.js:[2m52:17[22m[39m
[90m [2m❯[22m node_modules/@testing-library/dom/dist/query-helpers.js:[2m95:19[22m[39m
[36m [2m❯[22m src/components/fakesites/lfi_lab/__tests__/InclusionSite.test.tsx:[2m161:21[22m[39m
    [90m159| [39m      render(<InclusionSite {...defaultProps} currentUrl="http://192.1…
    [90m160| [39m      
    [90m161| [39m      [34mexpect[39m(screen[33m.[39m[34mgetByText[39m([36m/LFI DETECTADO/i[39m))[33m.[39m[34mtoBeInTheDocument[39m()[33m;[39m
    [90m   | [39m                    [31m^[39m
    [90m162| [39m      [34mexpect[39m(screen[33m.[39m[34mgetByText[39m([36m/DB_PASS/i[39m))[33m.[39m[34mtoBeInTheDocument[39m()[33m;[39m
    [90m163| [39m    })[33m;[39m

[31m[2m⎯⎯⎯⎯⎯⎯⎯⎯⎯⎯⎯⎯⎯⎯⎯⎯⎯⎯⎯⎯⎯⎯[14/21]⎯[22m[39m

[41m[1m FAIL [22m[49m src/components/fakesites/lfi_lab/__tests__/InclusionSite.test.tsx[2m > [22mInclusionSite - LFI Lab[2m > [22mLFI - Lectura de archivos[2m > [22mdebe mostrar apache2.conf cuando se accede via LFI
[31m[1mTestingLibraryElementError[22m: Unable to find an element with the text: /LFI DETECTADO/i. This could be because the text is broken up by multiple elements. In this case, you can provide a function for your text matcher to make your matcher more flexible.

Ignored nodes: comments, script, style
[36m<body>[31m
  [36m<div>[31m
    [36m<div[31m
      [33mclass[31m=[32m"min-h-screen bg-gray-950 text-emerald-400 font-mono p-6 overflow-auto"[31m
    [36m>[31m
      [36m<div[31m
        [33mclass[31m=[32m"mb-4 text-xs border-b border-emerald-900/50 pb-2 flex justify-between items-center"[31m
      [36m>[31m
        [36m<span[31m
          [33mclass[31m=[32m"bg-emerald-950 px-2 py-1 rounded"[31m
        [36m>[31m
          [0mLFI OUTPUT: /[0m
          [0metc/apache2/apache2.conf[0m
        [36m</span>[31m
        [36m<button[31m
          [33mclass[31m=[32m"bg-emerald-900/30 px-3 py-1 rounded hover:bg-emerald-900/50 transition-colors"[31m
        [36m>[31m
          [0m[ CERRAR ][0m
        [36m</button>[31m
      [36m</div>[31m
      [36m<pre[31m
        [33mclass[31m=[32m"text-sm leading-relaxed whitespace-pre-wrap"[31m
      [36m>[31m
        [0m# Apache2 Configuration File
ServerRoot "/etc/apache2"
User ${APACHE_RUN_USER}
Group ${APACHE_RUN_GROUP}
ErrorLog ${APACHE_LOG_DIR}/error.log
&lt;Directory /var/www/&gt;
  Options Indexes FollowSymLinks
  AllowOverride All
  Require all granted
&lt;/Directory&gt;[0m
      [36m</pre>[31m
    [36m</div>[31m
  [36m</div>[31m
[36m</body>[31m[39m
[90m [2m❯[22m Object.getElementError node_modules/@testing-library/dom/dist/config.js:[2m37:19[22m[39m
[90m [2m❯[22m node_modules/@testing-library/dom/dist/query-helpers.js:[2m76:38[22m[39m
[90m [2m❯[22m node_modules/@testing-library/dom/dist/query-helpers.js:[2m52:17[22m[39m
[90m [2m❯[22m node_modules/@testing-library/dom/dist/query-helpers.js:[2m95:19[22m[39m
[36m [2m❯[22m src/components/fakesites/lfi_lab/__tests__/InclusionSite.test.tsx:[2m168:21[22m[39m
    [90m166| [39m      render(<InclusionSite {...defaultProps} currentUrl="http://192.1…
    [90m167| [39m      
    [90m168| [39m      [34mexpect[39m(screen[33m.[39m[34mgetByText[39m([36m/LFI DETECTADO/i[39m))[33m.[39m[34mtoBeInTheDocument[39m()[33m;[39m
    [90m   | [39m                    [31m^[39m
    [90m169| [39m      [34mexpect[39m(screen[33m.[39m[34mgetByText[39m([36m/ServerRoot/i[39m))[33m.[39m[34mtoBeInTheDocument[39m()[33m;[39m
    [90m170| [39m    })[33m;[39m

[31m[2m⎯⎯⎯⎯⎯⎯⎯⎯⎯⎯⎯⎯⎯⎯⎯⎯⎯⎯⎯⎯⎯⎯[15/21]⎯[22m[39m

[41m[1m FAIL [22m[49m src/components/fakesites/lfi_lab/__tests__/InclusionSite.test.tsx[2m > [22mInclusionSite - LFI Lab[2m > [22mLFI - Lectura de archivos[2m > [22mdebe mostrar access.log cuando se accede via LFI
[31m[1mTestingLibraryElementError[22m: Unable to find an element with the text: /LFI DETECTADO/i. This could be because the text is broken up by multiple elements. In this case, you can provide a function for your text matcher to make your matcher more flexible.

Ignored nodes: comments, script, style
[36m<body>[31m
  [36m<div>[31m
    [36m<div[31m
      [33mclass[31m=[32m"min-h-screen bg-gray-950 text-emerald-400 font-mono p-6 overflow-auto"[31m
    [36m>[31m
      [36m<div[31m
        [33mclass[31m=[32m"mb-4 text-xs border-b border-emerald-900/50 pb-2 flex justify-between items-center"[31m
      [36m>[31m
        [36m<span[31m
          [33mclass[31m=[32m"bg-emerald-950 px-2 py-1 rounded"[31m
        [36m>[31m
          [0mLFI OUTPUT: /[0m
          [0mvar/log/apache2/access.log[0m
        [36m</span>[31m
        [36m<button[31m
          [33mclass[31m=[32m"bg-emerald-900/30 px-3 py-1 rounded hover:bg-emerald-900/50 transition-colors"[31m
        [36m>[31m
          [0m[ CERRAR ][0m
        [36m</button>[31m
      [36m</div>[31m
      [36m<pre[31m
        [33mclass[31m=[32m"text-sm leading-relaxed whitespace-pre-wrap"[31m
      [36m>[31m
        [0m192.168.20.10 - - [20/Mar/2026:10:15:23 -0300] "GET / HTTP/1.1" 200 1234 "-" "Mozilla/5.0"
192.168.20.10 - - [20/Mar/2026:10:15:25 -0300] "GET /?page=home.php HTTP/1.1" 200 1234
192.168.20.10 - - [20/Mar/2026:10:15:30 -0300] "GET /upload.php HTTP/1.1" 200 2345
192.168.20.10 - - [20/Mar/2026:10:15:45 -0300] "GET /?page=../../../../etc/passwd HTTP/1.1" 200 1567[0m
      [36m</pre>[31m
    [36m</div>[31m
  [36m</div>[31m
[36m</body>[31m[39m
[90m [2m❯[22m Object.getElementError node_modules/@testing-library/dom/dist/config.js:[2m37:19[22m[39m
[90m [2m❯[22m node_modules/@testing-library/dom/dist/query-helpers.js:[2m76:38[22m[39m
[90m [2m❯[22m node_modules/@testing-library/dom/dist/query-helpers.js:[2m52:17[22m[39m
[90m [2m❯[22m node_modules/@testing-library/dom/dist/query-helpers.js:[2m95:19[22m[39m
[36m [2m❯[22m src/components/fakesites/lfi_lab/__tests__/InclusionSite.test.tsx:[2m175:21[22m[39m
    [90m173| [39m      render(<InclusionSite {...defaultProps} currentUrl="http://192.1…
    [90m174| [39m      
    [90m175| [39m      [34mexpect[39m(screen[33m.[39m[34mgetByText[39m([36m/LFI DETECTADO/i[39m))[33m.[39m[34mtoBeInTheDocument[39m()[33m;[39m
    [90m   | [39m                    [31m^[39m
    [90m176| [39m      [34mexpect[39m(screen[33m.[39m[34mgetByText[39m([36m/GET/i[39m))[33m.[39m[34mtoBeInTheDocument[39m()[33m;[39m
    [90m177| [39m    })[33m;[39m

[31m[2m⎯⎯⎯⎯⎯⎯⎯⎯⎯⎯⎯⎯⎯⎯⎯⎯⎯⎯⎯⎯⎯⎯[16/21]⎯[22m[39m

[41m[1m FAIL [22m[49m src/components/fakesites/lfi_lab/__tests__/InclusionSite.test.tsx[2m > [22mInclusionSite - LFI Lab[2m > [22mLFI - Lectura de archivos[2m > [22mdebe mostrar error 404 para archivo inexistente
[31m[1mTestingLibraryElementError[22m: Unable to find an element with the text: /Error 404/i. This could be because the text is broken up by multiple elements. In this case, you can provide a function for your text matcher to make your matcher more flexible.

Ignored nodes: comments, script, style
[36m<body>[31m
  [36m<div>[31m
    [36m<div[31m
      [33mclass[31m=[32m"min-h-full bg-white font-sans text-gray-800"[31m
    [36m>[31m
      [36m<nav[31m
        [33mclass[31m=[32m"bg-slate-800 text-white px-6 py-3 flex items-center gap-6"[31m
      [36m>[31m
        [36m<span[31m
          [33mclass[31m=[32m"font-bold text-lg border-r border-slate-600 pr-6"[31m
        [36m>[31m
          [0mDevPortal[0m
        [36m</span>[31m
        [36m<button[31m
          [33mclass[31m=[32m"text-sm hover:text-blue-300"[31m
        [36m>[31m
          [0m🏠 Inicio[0m
        [36m</button>[31m
        [36m<button[31m
          [33mclass[31m=[32m"text-sm hover:text-blue-300"[31m
        [36m>[31m
          [0mℹ️ Acerca de[0m
        [36m</button>[31m
        [36m<button[31m
          [33mclass[31m=[32m"text-sm hover:text-blue-300"[31m
        [36m>[31m
          [0m✉️ Contacto[0m
        [36m</button>[31m
        [36m<button[31m
          [33mclass[31m=[32m"text-sm hover:text-blue-300"[31m
        [36m>[31m
          [0m📤 Upload[0m
        [36m</button>[31m
        [36m<button[31m
          [33mclass[31m=[32m"text-sm hover:text-blue-300"[31m
        [36m>[31m
          [0m📁 Archivos[0m
        [36m</button>[31m
      [36m</nav>[31m
      [36m<div[31m
        [33mclass[31m=[32m"p-10 max-w-2xl mx-auto"[31m
      [36m>[31m
        [36m<div[31m
          [33mclass[31m=[32m"bg-red-50 border border-red-200 rounded-lg p-6"[31m
        [36m>[31m
          [36m<h2[31m
            [33mclass[31m=[32m"text-xl font-bold text-red-800 mb-2 font-mono"[31m
          [36m>[31m
            [0m❌ 404 NOT FOUND[0m
          [36m</h2>[31m
          [36m<p[31m
            [33mclass[31m=[32m"text-sm text-red-700 mb-4 font-mono"[31m
          [36m>[31m
            [0mFile: [0m
            [0metc/nonexistent[0m
          [36m</p>[31m
          [36m<div[31m
            [33mclass[31m=[32m"bg-gray-900 text-green-400 font-mono text-xs p-4 rounded shadow-inner"[31m
          [36m>[31m
            [36m<div>[31m
              [0mPHP Warning: include([0m
              [0metc/nonexistent[0m
              [0m): failed to open stream[0m
            [36m</div>[31m
            [36m<div>[31m
              [0min /var/www/html/index.php on line 5[0m
            [36m</div>[31m
          [36m</div>[31m
        [36m</div>[31m
      [36m</div>[31m
    [36m</div>[31m
  [36m</div>[31m
[36m</body>[31m[39m
[90m [2m❯[22m Object.getElementError node_modules/@testing-library/dom/dist/config.js:[2m37:19[22m[39m
[90m [2m❯[22m node_modules/@testing-library/dom/dist/query-helpers.js:[2m76:38[22m[39m
[90m [2m❯[22m node_modules/@testing-library/dom/dist/query-helpers.js:[2m52:17[22m[39m
[90m [2m❯[22m node_modules/@testing-library/dom/dist/query-helpers.js:[2m95:19[22m[39m
[36m [2m❯[22m src/components/fakesites/lfi_lab/__tests__/InclusionSite.test.tsx:[2m182:21[22m[39m
    [90m180| [39m      render(<InclusionSite {...defaultProps} currentUrl="http://192.1…
    [90m181| [39m      
    [90m182| [39m      [34mexpect[39m(screen[33m.[39m[34mgetByText[39m([36m/Error 404/i[39m))[33m.[39m[34mtoBeInTheDocument[39m()[33m;[39m
    [90m   | [39m                    [31m^[39m
    [90m183| [39m      expect(screen.getByText(/Archivo no encontrado/i)).toBeInTheDocu…
    [90m184| [39m    })[33m;[39m

[31m[2m⎯⎯⎯⎯⎯⎯⎯⎯⎯⎯⎯⎯⎯⎯⎯⎯⎯⎯⎯⎯⎯⎯[17/21]⎯[22m[39m

[41m[1m FAIL [22m[49m src/components/fakesites/lfi_lab/__tests__/InclusionSite.test.tsx[2m > [22mInclusionSite - LFI Lab[2m > [22mLFI - Lectura de archivos[2m > [22mdebe mostrar sugerencias en página de error 404
[31m[1mTestingLibraryElementError[22m: Unable to find an element with the text: /Sugerencias/i. This could be because the text is broken up by multiple elements. In this case, you can provide a function for your text matcher to make your matcher more flexible.

Ignored nodes: comments, script, style
[36m<body>[31m
  [36m<div>[31m
    [36m<div[31m
      [33mclass[31m=[32m"min-h-full bg-white font-sans text-gray-800"[31m
    [36m>[31m
      [36m<nav[31m
        [33mclass[31m=[32m"bg-slate-800 text-white px-6 py-3 flex items-center gap-6"[31m
      [36m>[31m
        [36m<span[31m
          [33mclass[31m=[32m"font-bold text-lg border-r border-slate-600 pr-6"[31m
        [36m>[31m
          [0mDevPortal[0m
        [36m</span>[31m
        [36m<button[31m
          [33mclass[31m=[32m"text-sm hover:text-blue-300"[31m
        [36m>[31m
          [0m🏠 Inicio[0m
        [36m</button>[31m
        [36m<button[31m
          [33mclass[31m=[32m"text-sm hover:text-blue-300"[31m
        [36m>[31m
          [0mℹ️ Acerca de[0m
        [36m</button>[31m
        [36m<button[31m
          [33mclass[31m=[32m"text-sm hover:text-blue-300"[31m
        [36m>[31m
          [0m✉️ Contacto[0m
        [36m</button>[31m
        [36m<button[31m
          [33mclass[31m=[32m"text-sm hover:text-blue-300"[31m
        [36m>[31m
          [0m📤 Upload[0m
        [36m</button>[31m
        [36m<button[31m
          [33mclass[31m=[32m"text-sm hover:text-blue-300"[31m
        [36m>[31m
          [0m📁 Archivos[0m
        [36m</button>[31m
      [36m</nav>[31m
      [36m<div[31m
        [33mclass[31m=[32m"p-10 max-w-2xl mx-auto"[31m
      [36m>[31m
        [36m<div[31m
          [33mclass[31m=[32m"bg-red-50 border border-red-200 rounded-lg p-6"[31m
        [36m>[31m
          [36m<h2[31m
            [33mclass[31m=[32m"text-xl font-bold text-red-800 mb-2 font-mono"[31m
          [36m>[31m
            [0m❌ 404 NOT FOUND[0m
          [36m</h2>[31m
          [36m<p[31m
            [33mclass[31m=[32m"text-sm text-red-700 mb-4 font-mono"[31m
          [36m>[31m
            [0mFile: [0m
            [0metc/nonexistent[0m
          [36m</p>[31m
          [36m<div[31m
            [33mclass[31m=[32m"bg-gray-900 text-green-400 font-mono text-xs p-4 rounded shadow-inner"[31m
          [36m>[31m
            [36m<div>[31m
              [0mPHP Warning: include([0m
              [0metc/nonexistent[0m
              [0m): failed to open stream[0m
            [36m</div>[31m
            [36m<div>[31m
              [0min /var/www/html/index.php on line 5[0m
            [36m</div>[31m
          [36m</div>[31m
        [36m</div>[31m
      [36m</div>[31m
    [36m</div>[31m
  [36m</div>[31m
[36m</body>[31m[39m
[90m [2m❯[22m Object.getElementError node_modules/@testing-library/dom/dist/config.js:[2m37:19[22m[39m
[90m [2m❯[22m node_modules/@testing-library/dom/dist/query-helpers.js:[2m76:38[22m[39m
[90m [2m❯[22m node_modules/@testing-library/dom/dist/query-helpers.js:[2m52:17[22m[39m
[90m [2m❯[22m node_modules/@testing-library/dom/dist/query-helpers.js:[2m95:19[22m[39m
[36m [2m❯[22m src/components/fakesites/lfi_lab/__tests__/InclusionSite.test.tsx:[2m189:21[22m[39m
    [90m187| [39m      render(<InclusionSite {...defaultProps} currentUrl="http://192.1…
    [90m188| [39m      
    [90m189| [39m      [34mexpect[39m(screen[33m.[39m[34mgetByText[39m([36m/Sugerencias/i[39m))[33m.[39m[34mtoBeInTheDocument[39m()[33m;[39m
    [90m   | [39m                    [31m^[39m
    [90m190| [39m      [34mexpect[39m(screen[33m.[39m[34mgetByText[39m([36m/etc\/passwd/i[39m))[33m.[39m[34mtoBeInTheDocument[39m()[33m;[39m
    [90m191| [39m    })[33m;[39m

[31m[2m⎯⎯⎯⎯⎯⎯⎯⎯⎯⎯⎯⎯⎯⎯⎯⎯⎯⎯⎯⎯⎯⎯[18/21]⎯[22m[39m

[41m[1m FAIL [22m[49m src/components/fakesites/lfi_lab/__tests__/InclusionSite.test.tsx[2m > [22mInclusionSite - LFI Lab[2m > [22mNavegación[2m > [22mdebe llamar onNavigate al hacer clic en Volver al portal desde LFI
[31m[1mTestingLibraryElementError[22m: Unable to find an element with the text: /Volver al portal/i. This could be because the text is broken up by multiple elements. In this case, you can provide a function for your text matcher to make your matcher more flexible.

Ignored nodes: comments, script, style
[36m<body>[31m
  [36m<div>[31m
    [36m<div[31m
      [33mclass[31m=[32m"min-h-screen bg-gray-950 text-emerald-400 font-mono p-6 overflow-auto"[31m
    [36m>[31m
      [36m<div[31m
        [33mclass[31m=[32m"mb-4 text-xs border-b border-emerald-900/50 pb-2 flex justify-between items-center"[31m
      [36m>[31m
        [36m<span[31m
          [33mclass[31m=[32m"bg-emerald-950 px-2 py-1 rounded"[31m
        [36m>[31m
          [0mLFI OUTPUT: /[0m
          [0metc/passwd[0m
        [36m</span>[31m
        [36m<button[31m
          [33mclass[31m=[32m"bg-emerald-900/30 px-3 py-1 rounded hover:bg-emerald-900/50 transition-colors"[31m
        [36m>[31m
          [0m[ CERRAR ][0m
        [36m</button>[31m
      [36m</div>[31m
      [36m<pre[31m
        [33mclass[31m=[32m"text-sm leading-relaxed whitespace-pre-wrap"[31m
      [36m>[31m
        [0mroot:x:0:0:root:/root:/bin/bash
daemon:x:1:1:daemon:/usr/sbin:/usr/sbin/nologin
bin:x:2:2:bin:/bin:/usr/sbin/nologin
sys:x:3:3:sys:/dev:/usr/sbin/nologin
www-data:x:33:33:www-data:/var/www:/usr/sbin/nologin
admin:x:1000:1000:admin,,,:/home/admin:/bin/bash[0m
      [36m</pre>[31m
    [36m</div>[31m
  [36m</div>[31m
[36m</body>[31m[39m
[90m [2m❯[22m Object.getElementError node_modules/@testing-library/dom/dist/config.js:[2m37:19[22m[39m
[90m [2m❯[22m node_modules/@testing-library/dom/dist/query-helpers.js:[2m76:38[22m[39m
[90m [2m❯[22m node_modules/@testing-library/dom/dist/query-helpers.js:[2m52:17[22m[39m
[90m [2m❯[22m node_modules/@testing-library/dom/dist/query-helpers.js:[2m95:19[22m[39m
[36m [2m❯[22m src/components/fakesites/lfi_lab/__tests__/InclusionSite.test.tsx:[2m234:33[22m[39m
    [90m232| [39m      render(<InclusionSite {...defaultProps} currentUrl="http://192.1…
    [90m233| [39m      
    [90m234| [39m      [35mconst[39m backButton [33m=[39m screen[33m.[39m[34mgetByText[39m([36m/Volver al portal/i[39m)[33m;[39m
    [90m   | [39m                                [31m^[39m
    [90m235| [39m      fireEvent[33m.[39m[34mclick[39m(backButton)[33m;[39m
    [90m236| [39m      

[31m[2m⎯⎯⎯⎯⎯⎯⎯⎯⎯⎯⎯⎯⎯⎯⎯⎯⎯⎯⎯⎯⎯⎯[19/21]⎯[22m[39m

[41m[1m FAIL [22m[49m src/components/fakesites/lfi_lab/__tests__/InclusionSite.test.tsx[2m > [22mInclusionSite - LFI Lab[2m > [22mInfo del servidor[2m > [22mdebe mostrar info del servidor en página de upload
[31m[1mTestingLibraryElementError[22m: Unable to find an element with the text: /Apache\/2.4.52/i. This could be because the text is broken up by multiple elements. In this case, you can provide a function for your text matcher to make your matcher more flexible.

Ignored nodes: comments, script, style
[36m<body>[31m
  [36m<div>[31m
    [36m<div[31m
      [33mclass[31m=[32m"min-h-full bg-white font-sans text-gray-800"[31m
    [36m>[31m
      [36m<nav[31m
        [33mclass[31m=[32m"bg-slate-800 text-white px-6 py-3 flex items-center gap-6"[31m
      [36m>[31m
        [36m<span[31m
          [33mclass[31m=[32m"font-bold text-lg border-r border-slate-600 pr-6"[31m
        [36m>[31m
          [0mDevPortal[0m
        [36m</span>[31m
        [36m<button[31m
          [33mclass[31m=[32m"text-sm hover:text-blue-300"[31m
        [36m>[31m
          [0m🏠 Inicio[0m
        [36m</button>[31m
        [36m<button[31m
          [33mclass[31m=[32m"text-sm hover:text-blue-300"[31m
        [36m>[31m
          [0mℹ️ Acerca de[0m
        [36m</button>[31m
        [36m<button[31m
          [33mclass[31m=[32m"text-sm hover:text-blue-300"[31m
        [36m>[31m
          [0m✉️ Contacto[0m
        [36m</button>[31m
        [36m<button[31m
          [33mclass[31m=[32m"text-sm text-blue-300 font-bold"[31m
        [36m>[31m
          [0m📤 Upload[0m
        [36m</button>[31m
        [36m<button[31m
          [33mclass[31m=[32m"text-sm hover:text-blue-300"[31m
        [36m>[31m
          [0m📁 Archivos[0m
        [36m</button>[31m
      [36m</nav>[31m
      [36m<div[31m
        [33mclass[31m=[32m"p-8 max-w-2xl mx-auto"[31m
      [36m>[31m
        [36m<h1[31m
          [33mclass[31m=[32m"text-2xl font-bold mb-6"[31m
        [36m>[31m
          [0m📤 Carga de Scripts de Mantenimiento[0m
        [36m</h1>[31m
        [36m<div[31m
          [33mclass[31m=[32m"bg-blue-50 border-l-4 border-blue-500 p-4 mb-6 text-sm text-blue-800 rounded"[31m
        [36m>[31m
          [0mSube herramientas desde tu máquina Kali para realizar diagnósticos locales en el servidor.[0m
        [36m</div>[31m
        [36m<div[31m
          [33mclass[31m=[32m"border border-gray-200 rounded-xl p-6 bg-gray-50 shadow-sm"[31m
        [36m>[31m
          [36m<label[31m
            [33mclass[31m=[32m"block text-sm font-semibold mb-2"[31m
          [36m>[31m
            [0mArchivo en Kali Linux (/root/):[0m
          [36m</label>[31m
          [36m<select[31m
            [33mclass[31m=[32m"w-full p-2.5 mb-4 border border-gray-300 rounded bg-white text-sm outline-none focus:border-blue-500"[31m
          [36m>[31m
            [36m<option[31m
              [33mvalue[31m=[32m""[31m
            [36m>[31m
              [0m-- Seleccionar archivo --[0m
            [36m</option>[31m
            [36m<option[31m
              [33mvalue[31m=[32m"/root/payload.php"[31m
            [36m>[31m
              [0mpayload.php[0m
            [36m</option>[31m
          [36m</select>[31m
          [36m<button[31m
            [33mclass[31m=[32m"w-full py-2.5 bg-blue-600 text-white font-bold rounded hover:bg-blue-700 disabled:bg-gray-400 transition-all"[31m
            [33mdisabled[31m=[32m""[31m
          [36m>[31m
            [0mSubir Archivo[0m
          [36m</button>[31m
        [36m</div>[31m
      [36m</div>[31m
    [36m</div>[31m
  [36m</div>[31m
[36m</body>[31m[39m
[90m [2m❯[22m Object.getElementError node_modules/@testing-library/dom/dist/config.js:[2m37:19[22m[39m
[90m [2m❯[22m node_modules/@testing-library/dom/dist/query-helpers.js:[2m76:38[22m[39m
[90m [2m❯[22m node_modules/@testing-library/dom/dist/query-helpers.js:[2m52:17[22m[39m
[90m [2m❯[22m node_modules/@testing-library/dom/dist/query-helpers.js:[2m95:19[22m[39m
[36m [2m❯[22m src/components/fakesites/lfi_lab/__tests__/InclusionSite.test.tsx:[2m245:21[22m[39m
    [90m243| [39m      render(<InclusionSite {...defaultProps} currentUrl="http://192.1…
    [90m244| [39m      
    [90m245| [39m      [34mexpect[39m(screen[33m.[39m[34mgetByText[39m([36m/Apache\/2.4.52/i[39m))[33m.[39m[34mtoBeInTheDocument[39m()[33m;[39m
    [90m   | [39m                    [31m^[39m
    [90m246| [39m      [34mexpect[39m(screen[33m.[39m[34mgetByText[39m([36m/PHP\/7.4.33/i[39m))[33m.[39m[34mtoBeInTheDocument[39m()[33m;[39m
    [90m247| [39m    })[33m;[39m

[31m[2m⎯⎯⎯⎯⎯⎯⎯⎯⎯⎯⎯⎯⎯⎯⎯⎯⎯⎯⎯⎯⎯⎯[20/21]⎯[22m[39m

[41m[1m FAIL [22m[49m src/components/fakesites/lfi_lab/__tests__/InclusionSite.test.tsx[2m > [22mInclusionSite - LFI Lab[2m > [22mInfo del servidor[2m > [22mdebe mostrar Content-Type en vista de archivo LFI
[31m[1mTestingLibraryElementError[22m: Unable to find an element with the text: /Content-Type/i. This could be because the text is broken up by multiple elements. In this case, you can provide a function for your text matcher to make your matcher more flexible.

Ignored nodes: comments, script, style
[36m<body>[31m
  [36m<div>[31m
    [36m<div[31m
      [33mclass[31m=[32m"min-h-screen bg-gray-950 text-emerald-400 font-mono p-6 overflow-auto"[31m
    [36m>[31m
      [36m<div[31m
        [33mclass[31m=[32m"mb-4 text-xs border-b border-emerald-900/50 pb-2 flex justify-between items-center"[31m
      [36m>[31m
        [36m<span[31m
          [33mclass[31m=[32m"bg-emerald-950 px-2 py-1 rounded"[31m
        [36m>[31m
          [0mLFI OUTPUT: /[0m
          [0metc/passwd[0m
        [36m</span>[31m
        [36m<button[31m
          [33mclass[31m=[32m"bg-emerald-900/30 px-3 py-1 rounded hover:bg-emerald-900/50 transition-colors"[31m
        [36m>[31m
          [0m[ CERRAR ][0m
        [36m</button>[31m
      [36m</div>[31m
      [36m<pre[31m
        [33mclass[31m=[32m"text-sm leading-relaxed whitespace-pre-wrap"[31m
      [36m>[31m
        [0mroot:x:0:0:root:/root:/bin/bash
daemon:x:1:1:daemon:/usr/sbin:/usr/sbin/nologin
bin:x:2:2:bin:/bin:/usr/sbin/nologin
sys:x:3:3:sys:/dev:/usr/sbin/nologin
www-data:x:33:33:www-data:/var/www:/usr/sbin/nologin
admin:x:1000:1000:admin,,,:/home/admin:/bin/bash[0m
      [36m</pre>[31m
    [36m</div>[31m
  [36m</div>[31m
[36m</body>[31m[39m
[90m [2m❯[22m Object.getElementError node_modules/@testing-library/dom/dist/config.js:[2m37:19[22m[39m
[90m [2m❯[22m node_modules/@testing-library/dom/dist/query-helpers.js:[2m76:38[22m[39m
[90m [2m❯[22m node_modules/@testing-library/dom/dist/query-helpers.js:[2m52:17[22m[39m
[90m [2m❯[22m node_modules/@testing-library/dom/dist/query-helpers.js:[2m95:19[22m[39m
[36m [2m❯[22m src/components/fakesites/lfi_lab/__tests__/InclusionSite.test.tsx:[2m252:21[22m[39m
    [90m250| [39m      render(<InclusionSite {...defaultProps} currentUrl="http://192.1…
    [90m251| [39m      
    [90m252| [39m      [34mexpect[39m(screen[33m.[39m[34mgetByText[39m([36m/Content-Type/i[39m))[33m.[39m[34mtoBeInTheDocument[39m()[33m;[39m
    [90m   | [39m                    [31m^[39m
    [90m253| [39m      [34mexpect[39m(screen[33m.[39m[34mgetByText[39m([36m/text\/plain/i[39m))[33m.[39m[34mtoBeInTheDocument[39m()[33m;[39m
    [90m254| [39m    })[33m;[39m

[31m[2m⎯⎯⎯⎯⎯⎯⎯⎯⎯⎯⎯⎯⎯⎯⎯⎯⎯⎯⎯⎯⎯⎯[21/21]⎯[22m[39m

[31m⎯⎯⎯⎯⎯⎯[39m[1m[41m Unhandled Errors [49m[22m[31m⎯⎯⎯⎯⎯⎯[39m
[31m[1m
Vitest caught 2 unhandled errors during the test run.
This might cause false positive tests. Resolve unhandled errors to make sure your tests are not affected.[22m[39m

[31m⎯⎯⎯⎯⎯[39m[1m[41m Uncaught Exception [49m[22m[31m⎯⎯⎯⎯⎯[39m
[31m[1mTypeError[22m: onFileUpload is not a function[39m
[36m [2m❯[22m Timeout._onTimeout src/components/fakesites/lfi_lab/InclusionSIte.tsx:[2m130:7[22m[39m
    [90m128| [39m      [34msetUploadMsg[39m([32m`✅ Archivo [39m[36m${[39mfileName[36m}[39m[32m subido a /uploads/`[39m)[33m;[39m
    [90m129| [39m      [34msetIsLoading[39m([35mfalse[39m)[33m;[39m
    [90m130| [39m      [34monFileUpload[39m(fileName)[33m;[39m
    [90m   | [39m      [31m^[39m
    [90m131| [39m      [34msetSelectedFile[39m([32m''[39m)[33m;[39m
    [90m132| [39m    }[33m,[39m [34m800[39m)[33m;[39m
[90m [2m❯[22m listOnTimeout node:internal/timers:[2m585:17[22m[39m
[90m [2m❯[22m processTimers node:internal/timers:[2m521:7[22m[39m

[31mThis error originated in "[1msrc/components/fakesites/lfi_lab/__tests__/InclusionSite.test.tsx[22m" test file. It doesn't mean the error was thrown inside the file itself, but while it was running.[39m
[31mThe latest test that might've caused the error is "[1mdebe subir archivo correctamente[22m". It might mean one of the following:
- The error was thrown, while Vitest was running this test.
- If the error occurred after the test had been completed, this was the last documented test before it was thrown.[39m

[31m⎯⎯⎯⎯⎯[39m[1m[41m Uncaught Exception [49m[22m[31m⎯⎯⎯⎯⎯[39m
[31m[1mTypeError[22m: onFileUpload is not a function[39m
[36m [2m❯[22m Timeout._onTimeout src/components/fakesites/lfi_lab/InclusionSIte.tsx:[2m130:7[22m[39m
    [90m128| [39m      [34msetUploadMsg[39m([32m`✅ Archivo [39m[36m${[39mfileName[36m}[39m[32m subido a /uploads/`[39m)[33m;[39m
    [90m129| [39m      [34msetIsLoading[39m([35mfalse[39m)[33m;[39m
    [90m130| [39m      [34monFileUpload[39m(fileName)[33m;[39m
    [90m   | [39m      [31m^[39m
    [90m131| [39m      [34msetSelectedFile[39m([32m''[39m)[33m;[39m
    [90m132| [39m    }[33m,[39m [34m800[39m)[33m;[39m
[90m [2m❯[22m listOnTimeout node:internal/timers:[2m585:17[22m[39m
[90m [2m❯[22m processTimers node:internal/timers:[2m521:7[22m[39m

[31mThis error originated in "[1msrc/components/fakesites/lfi_lab/__tests__/InclusionSite.test.tsx[22m" test file. It doesn't mean the error was thrown inside the file itself, but while it was running.[39m
[31mThe latest test that might've caused the error is "[1mdebe mostrar archivos subidos como links[22m". It might mean one of the following:
- The error was thrown, while Vitest was running this test.
- If the error occurred after the test had been completed, this was the last documented test before it was thrown.[39m
[31m⎯⎯⎯⎯⎯⎯⎯⎯⎯⎯⎯⎯⎯⎯⎯⎯⎯⎯⎯⎯⎯⎯⎯⎯⎯⎯⎯⎯⎯⎯[39m


[2m Test Files [22m [1m[31m3 failed[39m[22m[2m | [22m[1m[32m38 passed[39m[22m[90m (41)[39m
[2m      Tests [22m [1m[31m21 failed[39m[22m[2m | [22m[1m[32m453 passed[39m[22m[90m (474)[39m
[2m     Errors [22m [1m[31m2 errors[39m[22m
[2m   Start at [22m 21:16:54
[2m   Duration [22m 24.59s[2m (transform 6.68s, setup 27.16s, import 6.80s, tests 20.50s, environment 90.61s)[22m

